E/Contacts/AccountTypeManager( 4212): addSpecialLocalAccounts accountSet:AccountWithDataSet {name=local@ztespecial_local.com, type=ztespecial_local.com, dataSet=null}
I/Contacts/AccountTypeManager( 4212): Loaded meta-data for 2 account types, 1 accounts in 27ms(wall) 2ms(cpu)
E/PermissionLogsDBHelper( 5495): deleteRemovedPkgRecord packageName=com.kingroot.kinguser
D/ContactsProvider/VoicemailCleanupService( 5459): Cleaning up data for package: com.kingroot.kinguser
D/PortingPackageAddReceiver( 5495): receiverName is: com.zte.heartyservice.antivirus.Tencent.PackageAddReceiver
I/HSNotifier( 5495): notifyNow.....
D/RegisteredServicesCache( 1995): Intent action: android.intent.action.PACKAGE_REMOVED
D/CardEmulationManager( 1995): Current default: null
D/CardEmulationManager( 1995): No default set, last payment service removed.
D/RegisteredAidCache( 1995): onServicesUpdated
I/art     ( 1149): Explicit concurrent mark sweep GC freed 120147(8MB) AllocSpace objects, 6(1400KB) LOS objects, 33% free, 17MB/26MB, paused 864us total 122.809ms
I/art     ( 1149): WaitForGcToComplete blocked for 100.855ms for cause Explicit
D/RegisteredAidCache( 1995): Not updating routing table because NFC is off.
E/NetworkScheduler.SchedulerReceiver( 5237): Invalid parameter app
E/NetworkScheduler.SchedulerReceiver( 5237): Invalid package name : Perhaps you didn't include a PendingIntent in the extras?
I/HSNotifier( 5495): notifyNow...bigContentView..
I/HSNotifier( 5495): setNotice.....
D/ZTEPrivacyManagerService( 1149): com.kingroot.kinguser been removed, so clear related settings!
D/PermissionSettingsAdapter( 1149): removeLockedPackage, pkgName is: com.kingroot.kinguser
I/HSNotifier( 5495): statusBarsetting=1 noticeNum=0
I/HSNotifier( 5495): cancel2 .....
I/HSNotifier( 5495): cancelNotification.....
I/HeartyServiceApp( 5495): HeartyServiceApp mReceiver com.zte.heartyservice.intent.action.REFRESH_NOTIFICATION used time millisecond=58
I/HSNotifier( 5495): NoticeProvider updateNotifier diaoyong
I/HSNotifier( 5495): notifyNow.....
W/Searchables( 1149): No global search activity found
D/Launcher.Model( 2253): OP_REMOVE mAllAppsList.addPackage com.kingroot.kinguser
D/Launcher.Model( 2253): pn : com.kingroot.kinguser
D/Launcher.Model( 2253): deletePackageFromDatabase pn : com.kingroot.kinguser
D/Launcher.Model( 2253): deleteItemsFromDatabase item : KingRoot
D/Launcher.Model( 2253): addDeletedItem info : ShortcutInfo(title=KingRootintent=Intent { act=android.intent.action.MAIN cat=[android.intent.category.LAUNCHER] flg=0x10200000 cmp=com.kingroot.kinguser/.activitys.SliderMainActivity bnds=[792,672][1044,957] (has extras) }id=65 type=0 container=-100 screen=3 cellX=3 cellY=2 spanX=1 spanY=1 dropPos=null user=UserHandle{0})
D/LauncherAdapter( 2253): startActionUnreadRefresh.
I/HSNotifier( 5495): notifyNow...bigContentView..
I/HSNotifier( 5495): setNotice.....
I/HSNotifier( 5495): statusBarsetting=1 noticeNum=0
I/HSNotifier( 5495): cancel2 .....
I/HSNotifier( 5495): cancelNotification.....
I/TelephonyProviderConfig( 2031): query TelephonyProvider, package is com.zte.mifavor.launcher , UID is 10020
D/Launcher.Model( 2253): a : ComponentInfo{com.kingroot.kinguser/com.kingroot.kinguser.activitys.SliderMainActivity}
I/art     ( 1149): Explicit concurrent mark sweep GC freed 12761(735KB) AllocSpace objects, 1(20KB) LOS objects, 33% free, 17MB/26MB, paused 1.723ms total 124.704ms
I/HSNotifier( 5495): notifyNow.....
D/ForegroundUtils( 1995): Foreground changed, PID: 16151 UID: 10112 foreground: false
D/ForegroundUtils( 1995): Foreground UID/PID combinations:
D/ForegroundUtils( 1995): UID: 10020 PID: 2253
W/Launcher( 2253): setApplicationContext called twice! old=com.zte.mifavor.launcher.LauncherApplication@18a51ca5 new=com.zte.mifavor.launcher.LauncherApplication@18a51ca5
I/Launcher( 2253): Deferring update until onResume
D/AndroidRuntime(17888): Shutting down VM
I/UnReadHelper( 2253): UnReadHelper updateUnreadMessage.sms = 0
I/art     (17888): Debugger is no longer active
D/MmsProvider( 2031): MmsProvier query()... 
I/MmsProvider( 2031): uri = content://mms/inbox
I/MmsProvider( 2031): selection = (read = 0)
I/Timeline(16151): Timeline: Activity_idle id: android.os.BinderProxy@3f0b2f17 time:14741841
I/Launcher( 2253): Deferring update until onResume
I/HSNotifier( 5495): notifyNow...bigContentView..
I/HSNotifier( 5495): setNotice.....
I/Timeline( 1149): Timeline: Activity_windows_visible id: ActivityRecord{89e639f u0 com.zte.mifavor.launcher/.Launcher t150} time:14741872
D/PickupListener( 1853): uiChangeReceiver---onReceive
I/UnReadHelper( 2253): updateUnreadMessage.mms = 0
I/HSNotifier( 5495): statusBarsetting=1 noticeNum=0
I/HSNotifier( 5495): cancel2 .....
I/HSNotifier( 5495): cancelNotification.....
D/VAUtils ( 1853): packageName = com.zte.mifavor.launcher
I/HeartyServiceApp( 5495): HeartyServiceApp mReceiver com.android.server.action.NETWORK_STATS_UPDATED used time millisecond=85
D/VAUtils ( 1853): topActivity = com.kingroot.master
D/PickupListener( 1853): lock:true; home:false; switch:0; isScreenOn:false
I/ContactsProvider/CallLogProvider( 5459): query: content://call_log/calls
I/ContactsProvider/CallLogProvider( 5459): query call logs, (Uid: 10020, Pid:2253)[com.zte.mifavor.launcher]
I/UnReadHelper( 2253): UnReadHelper numOfMissdeCall.missedCalls=0
D/RetrieveClient(17941): RetrieveProvider.java[25](onCreate): RetrieveProvider onCreate
V/RetrieveClient(17941): ConfigProvider.java[94](onCreate): oncreate
D/RetrieveClient(17941): RetrieveApplication.java[27](onCreate): RetrieveApplication onCreate
I/RetrieveClient(17941): RetrieveApplication.java[36](onCreate): heartyservice exist!Do nothing
I/RetrieveClient(17941): ApplicationMsgReceiver.java[40](onReceive): retrieve get msg android.intent.action.PACKAGE_REMOVED
I/RetrieveClient(17941): ApplicationMsgReceiver.java[44](onReceive): receive packageName is package:com.kingroot.kinguser,isUpdate flag is false
D/UpdateReceiver(15787): action is :android.intent.action.PACKAGE_REMOVED
I/MSM-irqbalance(  542): Decided to move IRQ216 from CPU0 to CPU2
W/Email   (17918): tableName=Account, match=0
W/Email   (17918): tableName=null, match=36872
D/ForegroundUtils( 1995): Process died; UID 10051 PID 16313
D/ForegroundUtils( 1995): Foreground changed, PID: 16313 UID: 10051 foreground: false
D/ForegroundUtils( 1995): Foreground UID/PID combinations:
D/ForegroundUtils( 1995): UID: 10020 PID: 2253
I/CalendarProvider2(17962): Created com.android.providers.calendar.CalendarAlarmManager@2ebc5722(com.android.providers.calendar.CalendarProvider2@f09a5b3)
W/Email   (17918): tableName=Mailbox, match=4096
W/Email   (17918): tableName=Account, match=0
I/Email   (17918): Observing account changes for notifications
I/UnReadHelper( 2553): UnReadHelper numOfUnreadEmail:0
I/UnReadHelper( 2253): UnReadHelper numOfUnreadCalendar:0
I/UnReadHelper( 2253): sendUnReadMessage  ----
D/LauncherAdapter( 2253): unread old =-1-1-1-1
D/LauncherAdapter( 2253): unread new =0000
D/LauncherAdapter( 2253): unread operType =2
D/Launcher( 2253): onChange--count-- packageType ==0--MMS
D/Launcher( 2253): onChange--count-- packageType ==0--CALL
D/Launcher( 2253): onChange--count-- packageType ==0--CALENDAR
D/ForegroundUtils( 1995): Process died; UID 10067 PID 16553
D/ForegroundUtils( 1995): Foreground changed, PID: 16553 UID: 10067 foreground: false
D/ForegroundUtils( 1995): Foreground UID/PID combinations:
D/ForegroundUtils( 1995): UID: 10020 PID: 2253
I/UnReadHelper( 2553): sendUnreadBroadcast  0
E/AppWakeinfo(11374): --------------- package:com.kingroot.kinguser has been REMOVED
D/packageLogReceiver(15900): onReceive : android.intent.action.PACKAGE_REMOVED
D/packageLogReceiver(15900): packagesName=packageName
D/packageLogReceiver(15900): packagesName=packageName
D/MiniLocalConfig(15900): /data/data/cn.com.zte.yp/ypw/yellowpage/yellowPageLogFile :length=7700
D/YpLogItem(15900): AddLogRecord 10,{"action":2,"dm":"0","f":"0","pkm":"com.kingroot.kinguser","time":"20151229183155","v":"0"}
D/packageLogReceiver(15900): YypLogItem=10,{"action":2,"dm":"0","f":"0","pkm":"com.kingroot.kinguser","time":"20151229183155","v":"0"}
W/System.err( 3999): android.content.pm.PackageManager$NameNotFoundException: com.kingroot.kinguser
W/System.err( 3999): 	at android.app.ApplicationPackageManager.getPackageInfo(ApplicationPackageManager.java:114)
W/System.err( 3999): 	at com.droid.lib.appupdate.manage.AppsManager.updateByPkgName(AppsManager.java:226)
W/System.err( 3999): 	at com.zte.aliveupdate.receiver.AliveInstallReceiver.onReceive(AliveInstallReceiver.java:428)
W/System.err( 3999): 	at android.app.ActivityThread.handleReceiver(ActivityThread.java:2579)
W/System.err( 3999): 	at android.app.ActivityThread.access$1700(ActivityThread.java:144)
W/System.err( 3999): 	at android.app.ActivityThread$H.handleMessage(ActivityThread.java:1355)
W/System.err( 3999): 	at android.os.Handler.dispatchMessage(Handler.java:102)
W/System.err( 3999): 	at android.os.Looper.loop(Looper.java:154)
W/System.err( 3999): 	at android.app.ActivityThread.main(ActivityThread.java:5221)
W/System.err( 3999): 	at java.lang.reflect.Method.invoke(Native Method)
W/System.err( 3999): 	at java.lang.reflect.Method.invoke(Method.java:372)
W/System.err( 3999): 	at com.android.internal.os.ZygoteInit$MethodAndArgsCaller.run(ZygoteInit.java:898)
W/System.err( 3999): 	at com.android.internal.os.ZygoteInit.main(ZygoteInit.java:693)
D/ForegroundUtils( 1995): Process died; UID 10022 PID 2690
D/ForegroundUtils( 1995): Foreground changed, PID: 2690 UID: 10022 foreground: false
D/ForegroundUtils( 1995): Foreground UID/PID combinations:
D/ForegroundUtils( 1995): UID: 10020 PID: 2253
W/ResourceType( 3999): No package identifier when getting value for resource number 0x00000000
W/PackageManager( 3999): Failure retrieving resources for com.android.backupconfirm: Resource ID #0x0
W/ResourceType( 3999): No package identifier when getting value for resource number 0x00000000
W/PackageManager( 3999): Failure retrieving resources for com.android.packageinstaller: Resource ID #0x0
W/ResourceType( 3999): No package identifier when getting value for resource number 0x00000000
W/PackageManager( 3999): Failure retrieving resources for com.android.providers.userdictionary: Resource ID #0x0
W/ResourceType( 3999): No package identifier when getting value for resource number 0x00000000
W/PackageManager( 3999): Failure retrieving resources for com.android.externalstorage: Resource ID #0x0
W/ResourceType( 3999): No package identifier when getting value for resource number 0x00000000
W/PackageManager( 3999): Failure retrieving resources for com.android.shell: Resource ID #0x0
W/ResourceType( 3999): No package identifier when getting value for resource number 0x00000000
W/PackageManager( 3999): Failure retrieving resources for com.android.proxyhandler: Resource ID #0x0
W/ResourceType( 3999): No package identifier when getting value for resource number 0x00000000
W/PackageManager( 3999): Failure retrieving resources for com.android.managedprovisioning: Resource ID #0x0
W/ResourceType( 3999): No package identifier when getting value for resource number 0x00000000
W/PackageManager( 3999): Failure retrieving resources for com.zte.fuelgauge: Resource ID #0x0
W/ResourceType( 3999): No package identifier when getting value for resource number 0x00000000
W/PackageManager( 3999): Failure retrieving resources for com.qti.service.colorservice: Resource ID #0x0
W/ResourceType( 3999): No package identifier when getting value for resource number 0x00000000
W/PackageManager( 3999): Failure retrieving resources for com.android.inputdevices: Resource ID #0x0
W/ResourceType( 3999): No package identifier when getting value for resource number 0x00000000
W/PackageManager( 3999): Failure retrieving resources for com.android.keychain: Resource ID #0x0
W/ResourceType( 3999): No package identifier when getting value for resource number 0x00000000
W/PackageManager( 3999): Failure retrieving resources for com.qualcomm.timeservice: Resource ID #0x0
W/ResourceType( 3999): No package identifier when getting value for resource number 0x00000000
W/PackageManager( 3999): Failure retrieving resources for com.qualcomm.qcrilmsgtunnel: Resource ID #0x0
W/ResourceType( 3999): No package identifier when getting value for resource number 0x00000000
W/PackageManager( 3999): Failure retrieving resources for com.ztefingerprints.service: Resource ID #0x0
W/ResourceType( 3999): No package identifier when getting value for resource number 0x00000000
W/PackageManager( 3999): Failure retrieving resources for com.android.printspooler: Resource ID #0x0
W/ResourceType( 3999): No package identifier when getting value for resource number 0x00000000
W/PackageManager( 3999): Failure retrieving resources for com.android.smspush: Resource ID #0x0
W/ResourceType( 3999): No package identifier when getting value for resource number 0x00000000
W/PackageManager( 3999): Failure retrieving resources for com.android.onetimeinitializer: Resource ID #0x0
W/ResourceType( 3999): No package identifier when getting value for resource number 0x00000000
W/PackageManager( 3999): Failure retrieving resources for com.android.dreams.basic: Resource ID #0x0
W/ResourceType( 3999): No package identifier when getting value for resource number 0x00000000
W/PackageManager( 3999): Failure retrieving resources for com.qualcomm.fastdormancy: Resource ID #0x0
W/ResourceType( 3999): No package identifier when getting value for resource number 0x00000000
W/PackageManager( 3999): Failure retrieving resources for com.android.vpndialogs: Resource ID #0x0
W/ResourceType( 3999): No package identifier when getting value for resource number 0x00000000
W/PackageManager( 3999): Failure retrieving resources for com.android.provision: Resource ID #0x0
W/ResourceType( 3999): No package identifier when getting value for resource number 0x00000000
W/PackageManager( 3999): Failure retrieving resources for com.android.defcontainer: Resource ID #0x0
W/ResourceType( 3999): No package identifier when getting value for resource number 0x00000000
W/PackageManager( 3999): Failure retrieving resources for com.android.certinstaller: Resource ID #0x0
W/ResourceType( 3999): No package identifier when getting value for resource number 0x00000000
W/PackageManager( 3999): Failure retrieving resources for com.zte.screeneffect: Resource ID #0x0
W/ResourceType( 3999): No package identifier when getting value for resource number 0x00000000
W/PackageManager( 3999): Failure retrieving resources for com.google.android.gsf: Resource ID #0x0
W/ResourceType( 3999): No package identifier when getting value for resource number 0x00000000
W/PackageManager( 3999): Failure retrieving resources for com.android.htmlviewer: Resource ID #0x0
W/ResourceType( 3999): No package identifier when getting value for resource number 0x00000000
W/PackageManager( 3999): Failure retrieving resources for com.android.location.fused: Resource ID #0x0
W/ResourceType( 3999): No package identifier when getting value for resource number 0x00000000
W/PackageManager( 3999): Failure retrieving resources for org.codeaurora.bluetooth: Resource ID #0x0
W/ResourceType( 3999): No package identifier when getting value for resource number 0x00000000
W/PackageManager( 3999): Failure retrieving resources for com.qualcomm.interfacepermissions: Resource ID #0x0
W/ResourceType( 3999): No package identifier when getting value for resource number 0x00000000
W/PackageManager( 3999): Failure retrieving resources for com.qualcomm.msapm: Resource ID #0x0
W/ResourceType( 3999): No package identifier when getting value for resource number 0x00000000
W/PackageManager( 3999): Failure retrieving resources for com.qualcomm.qti.services.secureui: Resource ID #0x0
W/ResourceType( 3999): No package identifier when getting value for resource number 0x00000000
W/PackageManager( 3999): Failure retrieving resources for com.android.documentsui: Resource ID #0x0
W/ResourceType( 3999): No package identifier when getting value for resource number 0x00000000
W/PackageManager( 3999): Failure retrieving resources for com.nxp.nfceeapi.service: Resource ID #0x0
W/ResourceType( 3999): No package identifier when getting value for resource number 0x00000000
W/PackageManager( 3999): Failure retrieving resources for com.android.sharedstoragebackup: Resource ID #0x0
W/ResourceType( 3999): No package identifier when getting value for resource number 0x00000000
W/PackageManager( 3999): Failure retrieving resources for org.simalliance.openmobileapi.service: Resource ID #0x0
W/ResourceType( 3999): No package identifier when getting value for resource number 0x00000000
W/PackageManager( 3999): Failure retrieving resources for com.android.wallpapercropper: Resource ID #0x0
W/ResourceType( 3999): No package identifier when getting value for resource number 0x00000000
W/PackageManager( 3999): Failure retrieving resources for com.qualcomm.location: Resource ID #0x0
W/ResourceType( 3999): No package identifier when getting value for resource number 0x00000000
W/PackageManager( 3999): Failure retrieving resources for com.qualcomm.shutdownlistner: Resource ID #0x0
W/ResourceType( 3999): No package identifier when getting value for resource number 0x00000000
W/PackageManager( 3999): Failure retrieving resources for com.android.captiveportallogin: Resource ID #0x0
W/ResourceType( 3999): No package identifier when getting value for resource number 0x00000000
W/PackageManager( 3999): Failure retrieving resources for com.android.launcher3: Resource ID #0x0
W/ResourceType( 3999): No package identifier when getting value for resource number 0x00000000
W/PackageManager( 3999): Failure retrieving resources for org.codeaurora.ims: Resource ID #0x0
W/ResourceType( 3999): No package identifier when getting value for resource number 0x00000000
W/PackageManager( 3999): Failure retrieving resources for com.quicinc.cne.CNEService: Resource ID #0x0
W/ResourceType( 3999): No package identifier when getting value for resource number 0x00000000
W/PackageManager( 3999): Failure retrieving resources for com.android.pacprocessor: Resource ID #0x0
W/ResourceType( 3999): No package identifier when getting value for resource number 0x00000000
W/PackageManager( 3999): Failure retrieving resources for com.baidu.map.location: Resource ID #0x0
W/ResourceType( 3999): No package identifier when getting value for resource number 0x00000000
W/PackageManager( 3999): Failure retrieving resources for com.android.mms.service: Resource ID #0x0
W/ResourceType( 3999): No package identifier when getting value for resource number 0x00000000
W/PackageManager( 3999): Failure retrieving resources for com.android.providers.media: Resource ID #0x0
W/ResourceType( 3999): No package identifier when getting value for resource number 0x00000000
W/PackageManager( 3999): Failure retrieving resources for com.qualcomm.qcom_qmi: Resource ID #0x0
W/ResourceType( 3999): No package identifier when getting value for resource number 0x00000000
W/PackageManager( 3999): Failure retrieving resources for com.google.android.gsf.login: Resource ID #0x0
W/ResourceType( 3999): No package identifier when getting value for resource number 0x00000000
W/PackageManager( 3999): Failure retrieving resources for com.zte.emode: Resource ID #0x0
I/CalendarProvider2(17962): Sending notification intent: Intent { act=android.intent.action.PROVIDER_CHANGED dat=content://com.android.calendar }
W/ContentResolver(17962): Failed to get type for: content://com.android.calendar (Unknown URL content://com.android.calendar)
D/com.qq.connect(15419): getLinkedFile:/storage/sdcard1-->null
D/com.qq.connect(15419): getLinkedFile:/storage/sdcard0-->/storage/emulated/legacy
D/ForegroundUtils( 1995): Process died; UID 10085 PID 17176
D/ForegroundUtils( 1995): Foreground changed, PID: 17176 UID: 10085 foreground: false
D/ForegroundUtils( 1995): Foreground UID/PID combinations:
D/ForegroundUtils( 1995): UID: 10020 PID: 2253
D/ForegroundUtils( 1995): Process died; UID 1000 PID 17217
D/ForegroundUtils( 1995): Foreground changed, PID: 17217 UID: 1000 foreground: false
D/ForegroundUtils( 1995): Foreground UID/PID combinations:
D/ForegroundUtils( 1995): UID: 10020 PID: 2253
D/ForegroundUtils( 1995): Process died; UID 10067 PID 16574
D/ForegroundUtils( 1995): Foreground changed, PID: 16574 UID: 10067 foreground: false
D/ForegroundUtils( 1995): Foreground UID/PID combinations:
D/ForegroundUtils( 1995): UID: 10020 PID: 2253
D/LauncherAdapter( 2253):  UnreadReceiver onReceive action= ACTION_UNREAD_CHANGE
D/LauncherAdapter( 2253): unread old =00-10
D/LauncherAdapter( 2253): unread new =0000
D/LauncherAdapter( 2253): unread operType =1
D/Launcher( 2253): onChange--count-- packageType ==0--EMAIL
D/ExternalStorage(18040): After updating volumes, found 1 active roots
D/ForegroundUtils( 1995): Process died; UID 10066 PID 17327
D/ForegroundUtils( 1995): Foreground changed, PID: 17327 UID: 10066 foreground: false
D/ForegroundUtils( 1995): Foreground UID/PID combinations:
D/ForegroundUtils( 1995): UID: 10020 PID: 2253
D/ExtensionsFactory(18064): No custom extensions.
D/TimeWidgetService.CalendarWidgetFactory(18064): lxg intent = android.intent.action.PROVIDER_CHANGED
D/wangyi  (18064): Calendar intent = android.intent.action.PROVIDER_CHANGED
D/wangyi  (18064): Calendar service run
D/wangyi  (18064): Calendar service initLoader
E/SQLiteLog(18085): (283) recovered 81 frames from WAL file /data/user/0/com.android.providers.media/databases/external.db-wal
D/ForegroundUtils( 1995): Process died; UID 10016 PID 16491
D/ForegroundUtils( 1995): Foreground changed, PID: 16491 UID: 10016 foreground: false
D/ForegroundUtils( 1995): Foreground UID/PID combinations:
D/ForegroundUtils( 1995): UID: 10020 PID: 2253
D/wangyi  (18064): Calendar service mLastSerialNum : 1 mSerialNum : 1
D/TimeWidgetService.CalendarWidgetFactory(18064): lxg eventInfo startDay1=6
D/wangyi  (18064): Calendar service handEvent
D/wangyi  (18064): updateWidgetEvent !!
D/Documents(18018): Update found 5 roots in 1089ms
D/Documents(18018): Update found 5 roots in 537ms
D/com.qq.connect(15419): getLinkedFile:/storage/sdcard1-->null
D/com.qq.connect(15419): getLinkedFile:/storage/sdcard0-->/storage/emulated/legacy
D/wangyi  (18064): Calendar service mLastSerialNum : 1 mSerialNum : 1
D/TimeWidgetService.CalendarWidgetFactory(18064): lxg eventInfo startDay1=6
D/wangyi  (18064): Calendar service handEvent
D/wangyi  (18064): updateWidgetEvent !!
D/SpeedController( 1568): run isEnabled=trueisButtonEnabled = true
D/SpeedController( 1568): updateNetSpeed mTotalByte =8518482
D/SpeedController( 1568): updateNetSpeed mLastTime =1451385113419
D/SpeedController( 1568): updateNetSpeed curBytes =8530617
D/SpeedController( 1568): updateNetSpeed curTime =1451385118423
D/SpeedController( 1568): updateNetSpeed mLevel =2425
D/SpeedController( 1568): lxg formatSize size = 2425
D/KeyguardUpdateMonitor( 1568): received broadcast android.intent.action.TIME_TICK
D/TimerStartReceiver( 5495): time start ing ===============
D/KeyguardUpdateMonitor( 1568): handleTimeUpdate
D/KeyguardStatusView( 1568): refresh:isDoubleClockShow=false
D/KeyguardStatusView( 1568): refreshTime
D/KeyguardStatusView( 1568): refreshTime is24HourFormat=true
E/SOSO    ( 1568): setClipping height:348.0
D/SYSICON ( 1568): interpoloate batteryX:900.0 t:1.0 v1:0.0 v2:900.0
D/SYSICON ( 1568): applyLayoutValues :900.0 900.0 0
E/SOSO    ( 1568): setQsExpansion mQsExpansionHeight0.0
E/SOSO    ( 1568): updateHeaderKeyguard mQsExpansionHeight0.0
E/SOSO    ( 1568): updateHeaderKeyguard mQsExpansionHeight0.0
I/KeyguardIndicationController( 1568): --djb--computePowerIndication return = keyguard_charged
E/SOSO    ( 1568): setClipping height:348.0
D/SYSICON ( 1568): interpoloate batteryX:900.0 t:1.0 v1:0.0 v2:900.0
D/SYSICON ( 1568): applyLayoutValues :900.0 900.0 0
E/SOSO    ( 1568): setQsExpansion mQsExpansionHeight0.0
E/SOSO    ( 1568): updateHeaderKeyguard mQsExpansionHeight0.0
E/SOSO    ( 1568): updateHeaderKeyguard mQsExpansionHeight0.0
E/SOSO    ( 1568): setClipping height:348.0
D/SYSICON ( 1568): interpoloate batteryX:900.0 t:1.0 v1:0.0 v2:900.0
D/SYSICON ( 1568): applyLayoutValues :900.0 900.0 0
E/SOSO    ( 1568): setQsExpansion mQsExpansionHeight0.0
E/SOSO    ( 1568): updateHeaderKeyguard mQsExpansionHeight0.0
E/SOSO    ( 1568): updateHeaderKeyguard mQsExpansionHeight0.0
E/SOSO    ( 1568): setClipping height:348.0
D/SYSICON ( 1568): interpoloate batteryX:900.0 t:1.0 v1:0.0 v2:900.0
D/SYSICON ( 1568): applyLayoutValues :900.0 900.0 0
E/SOSO    ( 1568): setQsExpansion mQsExpansionHeight0.0
E/SOSO    ( 1568): updateHeaderKeyguard mQsExpansionHeight0.0
E/SOSO    ( 1568): updateHeaderKeyguard mQsExpansionHeight0.0
D/SYSICON ( 1568): onLayout mCaptureValues:false mExpanded:true
D/SYSICON ( 1568): onLayout mCollapsedValues:0.0 mExpandedValues:900.0 mSettingsButton.getX():912.0 getWidth:172 12
E/SOSO    ( 1568): setClipping height:348.0
D/SYSICON ( 1568): interpoloate batteryX:900.0 t:1.0 v1:0.0 v2:900.0
D/SYSICON ( 1568): applyLayoutValues :900.0 900.0 0
E/SOSO    ( 1568): setQsExpansion mQsExpansionHeight0.0
E/SOSO    ( 1568): updateHeaderKeyguard mQsExpansionHeight0.0
E/SOSO    ( 1568): updateHeaderKeyguard mQsExpansionHeight0.0
D/SYSICON ( 1568): onLayout mCaptureValues:false mExpanded:true
D/SYSICON ( 1568): onLayout mCollapsedValues:0.0 mExpandedValues:900.0 mSettingsButton.getX():912.0 getWidth:172 12
E/SOSO    ( 1568): setClipping height:348.0
D/SYSICON ( 1568): interpoloate batteryX:900.0 t:1.0 v1:0.0 v2:900.0
D/SYSICON ( 1568): applyLayoutValues :900.0 900.0 0
E/SOSO    ( 1568): setQsExpansion mQsExpansionHeight0.0
E/SOSO    ( 1568): updateHeaderKeyguard mQsExpansionHeight0.0
E/SOSO    ( 1568): updateHeaderKeyguard mQsExpansionHeight0.0
I/AppWidgetHostView( 2253): not ZTEAppWidget, return false
D/SpeedController( 1568): run isEnabled=trueisButtonEnabled = true
D/SpeedController( 1568): updateNetSpeed mTotalByte =8530617
D/SpeedController( 1568): updateNetSpeed mLastTime =1451385118423
D/SpeedController( 1568): updateNetSpeed curBytes =8530617
D/SpeedController( 1568): updateNetSpeed curTime =1451385123427
D/SpeedController( 1568): updateNetSpeed mLevel =0
D/SpeedController( 1568): lxg formatSize size = 0
V/VAUtils ( 1853): getEngineReadyFlag---bInitSuccess:true
D/VAUtils ( 1853): topActivity = com.kingroot.master.main.ui.KmMainActivity
D/NuanceAsrEngine( 1853): isRecoginzing() :false
D/VoiceAssistantService( 1853): EngineReadyFlag = true
D/VoiceAssistantService( 1853): isInZteCamera = false
D/VoiceAssistantService( 1853): isInWakeupMode = false
D/VoiceAssistantService( 1853): isInRecognizingMode = false
V/VAUtils ( 1853): getFlowProcessingFlag---isFlowProcessing:false
D/VoiceAssistantService( 1853): ContentObserver---updateAsrGrammar!!!!
D/NuanceTtsEngine( 1853): registListener
D/NoneOneShotFlow( 1853): updateAsrGrammar()---Utils.setEngineReadyFlag(false)
V/VAUtils ( 1853): setEngineReadyFlag---flag:false
D/NuanceAsrEngine( 1853): loadAsrGrammar()
D/NuanceAsrEngine( 1853): isGrammarLoading = false
V/VAUtils ( 1853): setGrammarLoadingFlag---flag:true
V/VAUtils ( 1853): setEngineReadyFlag---flag:false
W/NMT     ( 1853): Task is not current, aborting
D/NuanceAsrEngine( 1853): _voconRecognizer.loadGrammar()in loadAsrGrammar().
D/NuanceAsrEngine( 1853): createVoconGrammar()!!!
D/NuanceAsrEngine( 1853): syslanguage:zh
D/NuanceAsrEngine( 1853): defLanguage:cmn-CHN
D/NuanceAsrEngine( 1853): allLanguages:cmn-CHN
W/NMT     ( 1853): Task is not current, aborting
W/NMT     ( 1853): Task is not current, aborting
W/NMT     ( 1853): Task is not current, aborting
W/NMT     ( 1853): Task is not current, aborting
V/ContactsProvider/ContactsProvider( 5459): query: uri=content://com.android.contacts/data  projection=[in_visible_group, lookup, display_name]  selection=[mimetype='vnd.android.cursor.item/name']  args=null  order=[null] CPID=1853 User=0
V/ContactsProvider/ContactsProvider( 5459): queryLocal, uri=content://com.android.contacts/data, selection = mimetype='vnd.android.cursor.item/name'
I/ContactsProvider/ContactsDatabaseHelper( 5459): query ContactsProvider: com.cn.zte.voiceassistant.service, Uid:10039, Pid:1853
D/ContactsProvider/ContactsProvider( 5459): dataSet = null
D/NMT     ( 1853): Indexing application: 
D/NMT     ( 1853): Indexing application: 
D/NMT     ( 1853): Indexing application: WPS Office
D/NMT     ( 1853): Indexing application: <W P S> Office
D/NMT     ( 1853): Indexing application: 
D/NMT     ( 1853): Indexing application: 
D/NMT     ( 1853): Indexing application: 
D/NMT     ( 1853): Indexing application: 
D/NMT     ( 1853): Indexing application: 
D/NMT     ( 1853): Indexing application: 
D/NMT     ( 1853): Indexing application: 
D/NMT     ( 1853): Indexing application: 
D/NMT     ( 1853): Indexing application: 
D/NMT     ( 1853): Indexing application: Root
D/NMT     ( 1853): Indexing application: 
D/NMT     ( 1853): Indexing application: 
D/NMT     ( 1853): Indexing application: 
D/NMT     ( 1853): Indexing application: 
D/NMT     ( 1853): Indexing application: 
D/NMT     ( 1853): Indexing application: 
D/NMT     ( 1853): Indexing application: 
D/NMT     ( 1853): Indexing application: 
D/NMT     ( 1853): Indexing application: 
D/NMT     ( 1853): Indexing application: 
D/NMT     ( 1853): Indexing application: 
D/NMT     ( 1853): Indexing application: 
D/NMT     ( 1853): Indexing application: 
D/NMT     ( 1853): Indexing application: 
D/NMT     ( 1853): Indexing application: 
D/NMT     ( 1853): Indexing application: Every Stripe Live Wallpaper
D/NMT     ( 1853): Indexing application: 
D/NMT     ( 1853): Indexing application: 
D/NMT     ( 1853): Indexing application: Google
D/NMT     ( 1853): Indexing application: 
D/NMT     ( 1853): Indexing application: 
D/NMT     ( 1853): Indexing application: 
D/NMT     ( 1853): Indexing application: 
W/NMT     ( 1853): Fail to open read-stream for file grammar_name1.lst
D/NMT-Vocon( 1853): ngf_vocon_removeWord: -1, KingRoot
D/NMT-Vocon( 1853): ngf_vocon_removeWord: 1 removed
D/NuanceAsrEngine( 1853): loadGrammar(Vocon)  completed.
V/VAUtils ( 1853): setGrammarLoadingFlag---flag:false
V/VAUtils ( 1853): setEngineReadyFlag---flag:true
D/NuanceAsrEngine( 1853): needUpdateGrammar = false
D/PhoneListener( 1853): setPhoneStateHandler
D/NoneOneShotFlow( 1853): NoneOneShotHandler---what=1
D/NoneOneShotFlow( 1853): isAsrEngineReady and isVbEngineReady=trueandtrue
D/NoneOneShotFlow( 1853): engine is ready now!
D/PhoneListener( 1853): onCallStateChanged------state=0,incomingNumber=
D/PhoneListener( 1853): preCallState = 0
D/PhoneListener( 1853): incomeingNumber is null
D/PhoneListener( 1853): TelephonyManager.CALL_STATE_IDLE
V/VAUtils ( 1853): setInCall---isInCall:false
D/MusicPlayerBargin( 1853): MusicPlayerBaginReceiver---action=cn.zte.music.bargin.on
D/MusicPlayerBargin( 1853): MusicBargin ON
V/NoneOneShotFlow( 1853): needRebindMusicService
D/VoiceAssistantService( 1853): onInitSuccess---Utils.setEngineReadyFlag(true)
V/VAUtils ( 1853): setEngineReadyFlag---flag:true
D/VoiceAssistantService( 1853): onInitSuccess---sendSDCardPreparedMsg
D/VoiceAssistantService( 1853): hanldeSDCardPreparedMsg...
V/VAUtils ( 1853): loadConfigFileParams---start
V/VAUtils ( 1853): loadConfigFileParams---No config file exist!
D/VAUtils ( 1853): showToast---bNeedShowToast=false
V/zte_settings( 4632): zte setting Receiver action:VOICEASSISTANT_INIT_READY
D/SpeedController( 1568): run isEnabled=trueisButtonEnabled = true
D/SpeedController( 1568): updateNetSpeed mTotalByte =8530617
D/SpeedController( 1568): updateNetSpeed mLastTime =1451385123427
D/SpeedController( 1568): updateNetSpeed curBytes =8531445
D/SpeedController( 1568): updateNetSpeed curTime =1451385128432
D/SpeedController( 1568): updateNetSpeed mLevel =165
D/SpeedController( 1568): lxg formatSize size = 165
D/TimerStartReceiver( 5495): time start ing ===============
D/SpeedController( 1568): run isEnabled=trueisButtonEnabled = true
D/SpeedController( 1568): updateNetSpeed mTotalByte =8531445
D/SpeedController( 1568): updateNetSpeed mLastTime =1451385128432
D/SpeedController( 1568): updateNetSpeed curBytes =8531661
D/SpeedController( 1568): updateNetSpeed curTime =1451385133439
D/SpeedController( 1568): updateNetSpeed mLevel =43
D/SpeedController( 1568): lxg formatSize size = 43
D/InputReader( 1149): lihui--POWER_KEY pressed!
D/WindowManager( 1149): interceptKeyTq keycode=26 interactive=false keyguardActive=true policyFlags=2000000
D/PowerManagerService( 1149):  	|----com.android.server.power.PowerManagerService.wakeUpNoUpdateLocked(PowerManagerService.java:1104)
D/PowerManagerService( 1149):  	|----com.android.server.power.PowerManagerService.wakeUpInternal(PowerManagerService.java:1096)
D/PowerManagerService( 1149):  	|----com.android.server.power.PowerManagerService.access$4200(PowerManagerService.java:83)
D/PowerManagerService( 1149):  	|----com.android.server.power.PowerManagerService$BinderService.wakeUp(PowerManagerService.java:3130)
D/PowerManagerService( 1149):  	|----android.os.PowerManager.wakeUp(PowerManager.java:676)
D/PowerManagerService( 1149):  	|----com.android.internal.policy.impl.PhoneWindowManager.interceptKeyBeforeQueueing(PhoneWindowManager.java:5057)
D/PowerManagerService( 1149):  	|----com.android.server.wm.InputMonitor.interceptKeyBeforeQueueing(InputMonitor.java:385)
D/PowerManagerService( 1149):  	|----com.android.server.input.InputManagerService.interceptKeyBeforeQueueing(InputManagerService.java:1572)
V/KeyguardServiceDelegate( 1149): onScreenTurnedOn(showListener = com.android.internal.policy.impl.PhoneWindowManager$2@43b777f)
V/BatteryStatsImpl( 1149): start #-9: mUpdateTime=0 mTotalTime=328357000 mCount=9 mAcquireTime=328357000
D/KeyguardViewMediator( 1568): onScreenTurnedOn, seq = 47
D/KeyguardViewMediator( 1568): FINGER SP notifyScreenOnLocked send 7
D/KeyguardViewMediator( 1568): FINGER SP handleMessage what:7 S
D/KeyguardViewMediator( 1568): handleNotifyScreenOn
D/KeyguardStatusView( 1568): refresh:isDoubleClockShow=false
D/KeyguardStatusView( 1568): refreshTime
V/BatteryStatsImpl( 1149): start #-1: mUpdateTime=0 mTotalTime=330534000 mCount=9 mAcquireTime=330534000
V/BatteryStatsImpl( 1149): start #-100: mUpdateTime=0 mTotalTime=105616000 mCount=17 mAcquireTime=105616000
E/SensorManager( 1149): registerListener sensor: {Sensor name="BMI160 Accelerometer", vendor="BOSCH", version=1, type=1, maxRange=39.22661, resolution=0.0011901855, power=0.18, minDelay=5000}, rateUs: 2, delay: 66667
D/KeyguardStatusView( 1568): refreshTime is24HourFormat=true
D/wenxin  ( 1568): mMenuTabViewManager.onStatusBarColorApplied foreColor = ffffffff
D/wenxin  ( 1568): onStatusBarColorApplied:foreColor=ffffffff
D/wenxin  ( 1568): lxg setStatusBarColor foreColor=ffffffff mStatusBarState= 1
D/PanelView( 1568): lxg setStatusBarColor is keyguard
E/txf_fpc_Service( 1877): onReceive: action=android.intent.action.SCREEN_ON
E/SensorManager( 1149): registerListener sensor: {Sensor name="LTR55X ALSPRX", vendor="Liteon", version=1, type=5, maxRange=10000.0, resolution=0.01499939, power=0.1, minDelay=0}, rateUs: 1000000, delay: 1000000
D/SurfaceFlinger(  409): Set power mode=2, type=0 flinger=0x7f7d064000
D/qdhwcomposer(  409): hwc_setPowerMode: Setting mode 2 on display: 0
E/qdutils (  409): int qdutils::getHDMINode(): Failed to open fb node 2
E/qdutils (  409): int qdutils::getHDMINode(): Failed to find HDMI node
D/KeyguardModifyView( 1568): mForeColor=ffffffff
E/WifiStateMachine( 1149): handleMessage: E msg.what=131167
E/WifiStateMachine( 1149): processMsg: ConnectedState
E/WifiStateMachine( 1149):  ConnectedState CMD_SCREEN_STATE_CHANGED 1 0
E/WifiStateMachine( 1149): processMsg: L2ConnectedState
E/WifiStateMachine( 1149):  L2ConnectedState CMD_SCREEN_STATE_CHANGED 1 0
E/WifiStateMachine( 1149): processMsg: ConnectModeState
E/WifiStateMachine( 1149):  ConnectModeState CMD_SCREEN_STATE_CHANGED 1 0
E/WifiStateMachine( 1149): processMsg: DriverStartedState
E/WifiStateMachine( 1149):  DriverStartedState CMD_SCREEN_STATE_CHANGED 1 0
E/WifiStateMachine( 1149): processMsg: SupplicantStartedState
E/WifiStateMachine( 1149):  SupplicantStartedState CMD_SCREEN_STATE_CHANGED 1 0
E/WifiStateMachine( 1149): processMsg: DefaultState
E/WifiStateMachine( 1149):  DefaultState CMD_SCREEN_STATE_CHANGED 1 0
E/WifiStateMachine( 1149):  handleScreenStateChanged Enter: screenOn=true mCurrentScanAlarmMs = 0 mUserWantsSuspendOpt=true state ConnectedState suppState:CompletedState
D/WifiStateMachine( 1149): backgroundScan enabled=false startBackgroundScanIfNeeded:false
E/WifiStateMachine( 1149): handleScreenStateChanged Exit: true
E/WifiStateMachine( 1149): handleMessage: X
E/WifiStateMachine( 1149): handleMessage: E msg.what=131154
E/WifiStateMachine( 1149): processMsg: ConnectedState
E/WifiStateMachine( 1149):  ConnectedState !CMD_ENABLE_RSSI_POLL 1 0
E/WifiStateMachine( 1149): processMsg: L2ConnectedState
E/WifiStateMachine( 1149):  L2ConnectedState !CMD_ENABLE_RSSI_POLL 1 0
I/WifiHW  ( 1149): CMD: IFNAME=wlan0 SIGNAL_POLL
D/KeyguardModifyView( 1568): onImageViewFound-Drawable
V/SRS_Proc(  434): ParamSet string: screen_state=on
D/audio_hw_extn(  434): audio_extn_set_anc_parameters: anc_enabled:0
E/audio_a2dp_hw(  434): adev_set_parameters: ERROR: set param called even when stream out is null
D/DigitalPenService( 1149): Received intent: Intent { act=android.intent.action.SCREEN_ON flg=0x50000010 }
I/WifiHW  ( 1149): REPLY: RSSI=-41
I/WifiHW  ( 1149): REPLY: LINKSPEED=433
I/WifiHW  ( 1149): REPLY: NOISE=9999
I/WifiHW  ( 1149): REPLY: FREQUENCY=5785
E/WifiStateMachine( 1149): fetchRssiLinkSpeedAndFrequencyNative rssi=-41 linkspeed=433
E/WifiStateMachine( 1149): handleMessage: X
E/WifiStateMachine( 1149): handleMessage: E msg.what=131127
E/WifiStateMachine( 1149): processMsg: ConnectedState
E/WifiStateMachine( 1149):  ConnectedState !CMD_ENABLE_ALL_NETWORKS 0 0
E/WifiStateMachine( 1149): processMsg: L2ConnectedState
E/WifiStateMachine( 1149):  L2ConnectedState !CMD_ENABLE_ALL_NETWORKS 0 0
E/WifiStateMachine( 1149): processMsg: ConnectModeState
E/WifiStateMachine( 1149):  ConnectModeState !CMD_ENABLE_ALL_NETWORKS 0 0
E/WifiStateMachine( 1149): handleMessage: X
E/WifiStateMachine( 1149): handleMessage: E msg.what=131158
E/WifiStateMachine( 1149): processMsg: ConnectedState
E/WifiStateMachine( 1149):  ConnectedState !CMD_SET_SUSPEND_OPT_ENABLED 0 0
E/WifiStateMachine( 1149): processMsg: L2ConnectedState
D/KeyguardModifyView( 1568): onImageViewFound-Drawable
E/WifiStateMachine( 1149):  L2ConnectedState !CMD_SET_SUSPEND_OPT_ENABLED 0 0
E/WifiStateMachine( 1149): processMsg: ConnectModeState
E/WifiStateMachine( 1149):  ConnectModeState !CMD_SET_SUSPEND_OPT_ENABLED 0 0
E/WifiStateMachine( 1149): processMsg: DriverStartedState
E/WifiStateMachine( 1149):  DriverStartedState !CMD_SET_SUSPEND_OPT_ENABLED 0 0
E/WifiStateMachine( 1149): setSuspendOptimizationsNative: 4 false -want true stack:setSuspendOptimizationsNative - access$13400 - processMessage - processMsg
E/native  ( 1149): do suspend false
I/WifiHW  ( 1149): CMD: IFNAME=wlan0 DRIVER SETSUSPENDMODE 0
I/WifiHW  ( 1149): REPLY: OK
D/WifiController( 1149): handleMessage: E msg.what=155650
E/WifiStateMachine( 1149): handleMessage: X
E/WifiStateMachine( 1149): handleMessage: E msg.what=131129
E/WifiStateMachine( 1149): processMsg: ConnectedState
E/WifiStateMachine( 1149):  ConnectedState !CMD_CLEAR_BLACKLIST 0 0
E/WifiStateMachine( 1149): processMsg: L2ConnectedState
D/WifiController( 1149): processMsg: DeviceActiveState
D/WifiController( 1149): processMsg: StaEnabledState
D/WifiController( 1149): processMsg: DefaultState
D/WifiController( 1149): handleMessage: X
E/WifiStateMachine( 1149):  L2ConnectedState !CMD_CLEAR_BLACKLIST 0 0
E/WifiStateMachine( 1149): processMsg: ConnectModeState
E/WifiStateMachine( 1149):  ConnectModeState !CMD_CLEAR_BLACKLIST 0 0
I/WifiHW  ( 1149): CMD: IFNAME=wlan0 BLACKLIST clear
I/WifiHW  ( 1149): REPLY: OK
E/WifiStateMachine( 1149): handleMessage: X
D/KeyguardModifyView( 1568): onImageViewFound-Drawable
D/KeyguardModifyView( 1568): onImageViewFound-Drawable
D/KeyguardModifyView( 1568): onImageViewFound-Drawable
D/KeyguardModifyView( 1568): drawable =android.graphics.drawable.BitmapDrawable@1fdde551
D/KeyguardModifyView( 1568): icon = StatusBarIcon(pkg=com.android.systemuiuser=0 id=0x7f0205ee level=0 visible=false num=0 )
D/KeyguardModifyView( 1568): drawable =android.graphics.drawable.InsetDrawable@1aff81b6
D/KeyguardModifyView( 1568): icon = StatusBarIcon(pkg=com.android.systemuiuser=0 id=0x7f0203a7 level=0 visible=false num=0 )
D/KeyguardModifyView( 1568): !BitmapDrawable
D/KeyguardModifyView( 1568): drawable =android.graphics.drawable.VectorDrawable@2113deb7
D/KeyguardModifyView( 1568): icon = StatusBarIcon(pkg=com.android.systemuiuser=0 id=0x7f0203a8 level=0 visible=false num=0 )
D/KeyguardModifyView( 1568): !BitmapDrawable
D/KeyguardModifyView( 1568): drawable =android.graphics.drawable.BitmapDrawable@2819ea5e
D/KeyguardModifyView( 1568): icon = StatusBarIcon(pkg=com.android.phoneuser=0 id=0x7f0201ed level=0 visible=true num=0 )
D/KeyguardModifyView( 1568): drawable =android.graphics.drawable.VectorDrawable@36ca858d
D/KeyguardModifyView( 1568): icon = StatusBarIcon(pkg=com.android.systemuiuser=0 id=0x7f0205ff level=0 visible=false num=0 )
D/KeyguardModifyView( 1568): !BitmapDrawable
D/KeyguardModifyView( 1568): drawable =android.graphics.drawable.InsetDrawable@20fa0342
D/KeyguardModifyView( 1568): icon = StatusBarIcon(pkg=com.android.systemuiuser=0 id=0x7f020444 level=0 visible=false num=0 )
D/KeyguardModifyView( 1568): !BitmapDrawable
D/KeyguardModifyView( 1568): drawable =android.graphics.drawable.BitmapDrawable@3e7daf53
D/KeyguardModifyView( 1568): icon = StatusBarIcon(pkg=com.android.systemuiuser=0 id=0x7f020445 level=0 visible=false num=0 )
D/KeyguardModifyView( 1568): drawable =android.graphics.drawable.InsetDrawable@14212090
D/KeyguardModifyView( 1568): icon = StatusBarIcon(pkg=com.android.systemuiuser=0 id=0x7f0203a6 level=0 visible=false num=0 )
D/KeyguardModifyView( 1568): !BitmapDrawable
D/KeyguardModifyView( 1568): drawable =android.graphics.drawable.VectorDrawable@2966ed89
D/KeyguardModifyView( 1568): icon = StatusBarIcon(pkg=com.android.systemuiuser=0 id=0x7f0203d6 level=0 visible=false num=0 )
D/KeyguardModifyView( 1568): !BitmapDrawable
D/KeyguardModifyView( 1568): onImageViewFound-Drawable
D/KeyguardModifyView( 1568): onImageViewFound-Drawable
D/KeyguardModifyView( 1568): onImageViewFound-Drawable
D/KeyguardModifyView( 1568): onImageViewFound-Drawable
D/KeyguardModifyView( 1568): onImageViewFou