I/WifiHW  ( 1149): REPLY: RSSI=-47
I/WifiHW  ( 1149): REPLY: LINKSPEED=433
I/WifiHW  ( 1149): REPLY: NOISE=9999
I/WifiHW  ( 1149): REPLY: FREQUENCY=5785
E/WifiStateMachine( 1149): fetchRssiLinkSpeedAndFrequencyNative rssi=-47 linkspeed=433
E/WifiStateMachine( 1149): calculateWifiScore freq=5785 speed=433 score=60 highRSSI  -> txbadrate=0.00 txgoodrate=1.03 txretriesrate=0.00 rxrate=2.04 userTriggerdPenalty0
E/WifiStateMachine( 1149):  good link -> stuck count =0
E/WifiStateMachine( 1149):  badRSSI count0 lowRSSI count0 --> score 56
E/WifiStateMachine( 1149):  isHighRSSI       ---> score=61
I/BatteryStatsImpl( 1149): WiFi rssi -> -47 bin=4
D/StatusBar.MSimNetworkController( 1568): lxg action = android.net.wifi.RSSI_CHANGED
E/WifiStateMachine( 1149): handleMessage: X
E/LauncherStartWatchDog( 5495): LauncherStartWatchDog  isPause=false
D/SpeedController( 1568): run isEnabled=trueisButtonEnabled = true
D/SpeedController( 1568): updateNetSpeed mTotalByte =8492169
D/SpeedController( 1568): updateNetSpeed mLastTime =1451385028342
D/SpeedController( 1568): updateNetSpeed curBytes =8492249
D/SpeedController( 1568): updateNetSpeed curTime =1451385033343
D/SpeedController( 1568): updateNetSpeed mLevel =15
D/SpeedController( 1568): lxg formatSize size = 15
E/LauncherStartWatchDog( 5495): LauncherStartWatchDog  isPause=false
D/TimerStartReceiver( 5495): time start ing ===============
E/LauncherStartWatchDog( 5495): LauncherStartWatchDog  isPause=false
E/WifiStateMachine( 1149): handleMessage: E msg.what=131155
E/WifiStateMachine( 1149): processMsg: ConnectedState
E/WifiStateMachine( 1149):  ConnectedState !CMD_RSSI_POLL 92 0 "Xiaomi_6201_5G" 8c:be:be:26:62:03 rssi=-47 f=5785 sc=60 link=433 tx=1.0, 0.0, 0.0  rx=2.0 bcn=0 [on:0 tx:0 rx:0 period:3005] from screen [on:0 period:-313910389] gl hn rssi=-42 ag=0 hr ls-=0 [56,56,56,56,61] brc=0 lrc=0
E/WifiStateMachine( 1149): processMsg: L2ConnectedState
E/WifiStateMachine( 1149):  L2ConnectedState !CMD_RSSI_POLL 92 0 "Xiaomi_6201_5G" 8c:be:be:26:62:03 rssi=-47 f=5785 sc=60 link=433 tx=1.0, 0.0, 0.0  rx=2.0 bcn=0 [on:0 tx:0 rx:0 period:5] from screen [on:0 period:-313910384] gl hn rssi=-42 ag=0 hr ls-=0 [56,56,56,56,61] brc=0 lrc=0
E/WifiStateMachine( 1149):  get link layer stats 0
I/WifiHW  ( 1149): CMD: IFNAME=wlan0 SIGNAL_POLL
I/WifiHW  ( 1149): REPLY: RSSI=-47
I/WifiHW  ( 1149): REPLY: LINKSPEED=433
I/WifiHW  ( 1149): REPLY: NOISE=9999
I/WifiHW  ( 1149): REPLY: FREQUENCY=5785
E/WifiStateMachine( 1149): fetchRssiLinkSpeedAndFrequencyNative rssi=-47 linkspeed=433
E/WifiStateMachine( 1149): calculateWifiScore freq=5785 speed=433 score=60 highRSSI  -> txbadrate=0.00 txgoodrate=0.52 txretriesrate=0.00 rxrate=1.02 userTriggerdPenalty0
E/WifiStateMachine( 1149):  good link -> stuck count =0
E/WifiStateMachine( 1149):  badRSSI count0 lowRSSI count0 --> score 56
E/WifiStateMachine( 1149):  isHighRSSI       ---> score=61
I/BatteryStatsImpl( 1149): WiFi rssi -> -47 bin=4
D/StatusBar.MSimNetworkController( 1568): lxg action = android.net.wifi.RSSI_CHANGED
E/WifiStateMachine( 1149): handleMessage: X
E/LauncherStartWatchDog( 5495): LauncherStartWatchDog  isPause=false
D/LightsService( 1149): Excessive delay setting light: 66ms
E/LauncherStartWatchDog( 5495): LauncherStartWatchDog  isPause=false
D/muyu    ( 1568): mMSimNC.isCUProject() &&mMSimNC.getIsUnicomPlmn(phoneId)
D/muyu    ( 1568): mMobileTypeCu is GONE phoneId:0
D/muyu    ( 1568): mMSimNC.isCUProject() &&mMSimNC.getIsUnicomPlmn(phoneId)
D/muyu    ( 1568): mMobileTypeCu is GONE phoneId:1
D/muyu    ( 1568): mMSimNC.isCUProject() &&mMSimNC.getIsUnicomPlmn(phoneId)
D/muyu    ( 1568): mMobileTypeCu is GONE phoneId:0
D/muyu    ( 1568): mMSimNC.isCUProject() &&mMSimNC.getIsUnicomPlmn(phoneId)
D/muyu    ( 1568): mMobileTypeCu is GONE phoneId:0
D/muyu    ( 1568): mMSimNC.isCUProject() &&mMSimNC.getIsUnicomPlmn(phoneId)
D/muyu    ( 1568): mMobileTypeCu is GONE phoneId:0
D/muyu    ( 1568): mMSimNC.isCUProject() &&mMSimNC.getIsUnicomPlmn(phoneId)
D/muyu    ( 1568): mMobileTypeCu is GONE phoneId:1
D/muyu    ( 1568): mMSimNC.isCUProject() &&mMSimNC.getIsUnicomPlmn(phoneId)
D/muyu    ( 1568): mMobileTypeCu is GONE phoneId:0
D/muyu    ( 1568): mMSimNC.isCUProject() &&mMSimNC.getIsUnicomPlmn(phoneId)
D/muyu    ( 1568): mMobileTypeCu is GONE phoneId:1
D/muyu    ( 1568): mMSimNC.isCUProject() &&mMSimNC.getIsUnicomPlmn(phoneId)
D/muyu    ( 1568): mMobileTypeCu is GONE phoneId:0
D/muyu    ( 1568): mMSimNC.isCUProject() &&mMSimNC.getIsUnicomPlmn(phoneId)
D/muyu    ( 1568): mMobileTypeCu is GONE phoneId:0
D/muyu    ( 1568): mMSimNC.isCUProject() &&mMSimNC.getIsUnicomPlmn(phoneId)
D/muyu    ( 1568): mMobileTypeCu is GONE phoneId:0
D/muyu    ( 1568): mMSimNC.isCUProject() &&mMSimNC.getIsUnicomPlmn(phoneId)
D/muyu    ( 1568): mMobileTypeCu is GONE phoneId:1
D/muyu    ( 1568): mMSimNC.isCUProject() &&mMSimNC.getIsUnicomPlmn(phoneId)
D/muyu    ( 1568): mMobileTypeCu is GONE phoneId:0
D/muyu    ( 1568): mMSimNC.isCUProject() &&mMSimNC.getIsUnicomPlmn(phoneId)
D/muyu    ( 1568): mMobileTypeCu is GONE phoneId:1
D/muyu    ( 1568): mMSimNC.isCUProject() &&mMSimNC.getIsUnicomPlmn(phoneId)
D/muyu    ( 1568): mMobileTypeCu is GONE phoneId:0
D/muyu    ( 1568): mMSimNC.isCUProject() &&mMSimNC.getIsUnicomPlmn(phoneId)
D/muyu    ( 1568): mMobileTypeCu is GONE phoneId:0
D/muyu    ( 1568): mMSimNC.isCUProject() &&mMSimNC.getIsUnicomPlmn(phoneId)
D/muyu    ( 1568): mMobileTypeCu is GONE phoneId:0
D/muyu    ( 1568): mMSimNC.isCUProject() &&mMSimNC.getIsUnicomPlmn(phoneId)
D/muyu    ( 1568): mMobileTypeCu is GONE phoneId:1
D/muyu    ( 1568): mMSimNC.isCUProject() &&mMSimNC.getIsUnicomPlmn(phoneId)
D/muyu    ( 1568): mMobileTypeCu is GONE phoneId:0
D/muyu    ( 1568): mMSimNC.isCUProject() &&mMSimNC.getIsUnicomPlmn(phoneId)
D/muyu    ( 1568): mMobileTypeCu is GONE phoneId:1
D/muyu    ( 1568): mMSimNC.isCUProject() &&mMSimNC.getIsUnicomPlmn(phoneId)
D/muyu    ( 1568): mMobileTypeCu is GONE phoneId:0
D/muyu    ( 1568): mMSimNC.isCUProject() &&mMSimNC.getIsUnicomPlmn(phoneId)
D/muyu    ( 1568): mMobileTypeCu is GONE phoneId:0
D/muyu    ( 1568): mMSimNC.isCUProject() &&mMSimNC.getIsUnicomPlmn(phoneId)
D/muyu    ( 1568): mMobileTypeCu is GONE phoneId:0
D/muyu    ( 1568): mMSimNC.isCUProject() &&mMSimNC.getIsUnicomPlmn(phoneId)
D/muyu    ( 1568): mMobileTypeCu is GONE phoneId:1
E/LauncherStartWatchDog( 5495): LauncherStartWatchDog  isPause=false
D/SpeedController( 1568): run isEnabled=trueisButtonEnabled = true
D/SpeedController( 1568): updateNetSpeed mTotalByte =8492249
D/SpeedController( 1568): updateNetSpeed mLastTime =1451385033343
D/SpeedController( 1568): updateNetSpeed curBytes =8492433
D/SpeedController( 1568): updateNetSpeed curTime =1451385038344
D/SpeedController( 1568): updateNetSpeed mLevel =36
D/SpeedController( 1568): lxg formatSize size = 36
E/WifiStateMachine( 1149): handleMessage: E msg.what=131155
E/WifiStateMachine( 1149): processMsg: ConnectedState
E/WifiStateMachine( 1149):  ConnectedState !CMD_RSSI_POLL 92 0 "Xiaomi_6201_5G" 8c:be:be:26:62:03 rssi=-47 f=5785 sc=60 link=433 tx=0.5, 0.0, 0.0  rx=1.0 bcn=0 [on:0 tx:0 rx:0 period:3003] from screen [on:0 period:-313907356] gl hn rssi=-42 ag=0 hr ls-=0 [56,56,56,56,61] brc=0 lrc=0
E/WifiStateMachine( 1149): processMsg: L2ConnectedState
E/WifiStateMachine( 1149):  L2ConnectedState !CMD_RSSI_POLL 92 0 "Xiaomi_6201_5G" 8c:be:be:26:62:03 rssi=-47 f=5785 sc=60 link=433 tx=0.5, 0.0, 0.0  rx=1.0 bcn=0 [on:0 tx:0 rx:0 period:4] from screen [on:0 period:-313907352] gl hn rssi=-42 ag=0 hr ls-=0 [56,56,56,56,61] brc=0 lrc=0
E/WifiStateMachine( 1149):  get link layer stats 0
I/WifiHW  ( 1149): CMD: IFNAME=wlan0 SIGNAL_POLL
I/WifiHW  ( 1149): REPLY: RSSI=-45
I/WifiHW  ( 1149): REPLY: LINKSPEED=433
I/WifiHW  ( 1149): REPLY: NOISE=9999
I/WifiHW  ( 1149): REPLY: FREQUENCY=5785
E/WifiStateMachine( 1149): fetchRssiLinkSpeedAndFrequencyNative rssi=-45 linkspeed=433
E/WifiStateMachine( 1149): calculateWifiScore freq=5785 speed=433 score=60 highRSSI  -> txbadrate=0.00 txgoodrate=0.26 txretriesrate=0.00 rxrate=2.01 userTriggerdPenalty0
E/WifiStateMachine( 1149):  good link -> stuck count =0
E/WifiStateMachine( 1149):  badRSSI count0 lowRSSI count0 --> score 56
E/WifiStateMachine( 1149):  isHighRSSI       ---> score=61
I/BatteryStatsImpl( 1149): WiFi rssi -> -45 bin=4
D/StatusBar.MSimNetworkController( 1568): lxg action = android.net.wifi.RSSI_CHANGED
E/WifiStateMachine( 1149): handleMessage: X
E/LauncherStartWatchDog( 5495): LauncherStartWatchDog  isPause=false
D/muyu    ( 1568): mMSimNC.isCUProject() &&mMSimNC.getIsUnicomPlmn(phoneId)
D/muyu    ( 1568): mMobileTypeCu is GONE phoneId:0
D/muyu    ( 1568): mMSimNC.isCUProject() &&mMSimNC.getIsUnicomPlmn(phoneId)
D/muyu    ( 1568): mMobileTypeCu is GONE phoneId:1
D/muyu    ( 1568): mMSimNC.isCUProject() &&mMSimNC.getIsUnicomPlmn(phoneId)
D/muyu    ( 1568): mMobileTypeCu is GONE phoneId:0
D/muyu    ( 1568): mMSimNC.isCUProject() &&mMSimNC.getIsUnicomPlmn(phoneId)
D/muyu    ( 1568): mMobileTypeCu is GONE phoneId:0
D/muyu    ( 1568): mMSimNC.isCUProject() &&mMSimNC.getIsUnicomPlmn(phoneId)
D/muyu    ( 1568): mMobileTypeCu is GONE phoneId:0
D/muyu    ( 1568): mMSimNC.isCUProject() &&mMSimNC.getIsUnicomPlmn(phoneId)
D/muyu    ( 1568): mMobileTypeCu is GONE phoneId:1
D/muyu    ( 1568): mMSimNC.isCUProject() &&mMSimNC.getIsUnicomPlmn(phoneId)
D/muyu    ( 1568): mMobileTypeCu is GONE phoneId:0
D/muyu    ( 1568): mMSimNC.isCUProject() &&mMSimNC.getIsUnicomPlmn(phoneId)
D/muyu    ( 1568): mMobileTypeCu is GONE phoneId:1
D/muyu    ( 1568): mMSimNC.isCUProject() &&mMSimNC.getIsUnicomPlmn(phoneId)
D/muyu    ( 1568): mMobileTypeCu is GONE phoneId:0
D/muyu    ( 1568): mMSimNC.isCUProject() &&mMSimNC.getIsUnicomPlmn(phoneId)
D/muyu    ( 1568): mMobileTypeCu is GONE phoneId:0
D/muyu    ( 1568): mMSimNC.isCUProject() &&mMSimNC.getIsUnicomPlmn(phoneId)
D/muyu    ( 1568): mMobileTypeCu is GONE phoneId:0
D/muyu    ( 1568): mMSimNC.isCUProject() &&mMSimNC.getIsUnicomPlmn(phoneId)
D/muyu    ( 1568): mMobileTypeCu is GONE phoneId:1
D/muyu    ( 1568): mMSimNC.isCUProject() &&mMSimNC.getIsUnicomPlmn(phoneId)
D/muyu    ( 1568): mMobileTypeCu is GONE phoneId:0
D/muyu    ( 1568): mMSimNC.isCUProject() &&mMSimNC.getIsUnicomPlmn(phoneId)
D/muyu    ( 1568): mMobileTypeCu is GONE phoneId:1
D/muyu    ( 1568): mMSimNC.isCUProject() &&mMSimNC.getIsUnicomPlmn(phoneId)
D/muyu    ( 1568): mMobileTypeCu is GONE phoneId:0
D/muyu    ( 1568): mMSimNC.isCUProject() &&mMSimNC.getIsUnicomPlmn(phoneId)
D/muyu    ( 1568): mMobileTypeCu is GONE phoneId:0
D/muyu    ( 1568): mMSimNC.isCUProject() &&mMSimNC.getIsUnicomPlmn(phoneId)
D/muyu    ( 1568): mMobileTypeCu is GONE phoneId:0
D/muyu    ( 1568): mMSimNC.isCUProject() &&mMSimNC.getIsUnicomPlmn(phoneId)
D/muyu    ( 1568): mMobileTypeCu is GONE phoneId:1
D/muyu    ( 1568): mMSimNC.isCUProject() &&mMSimNC.getIsUnicomPlmn(phoneId)
D/muyu    ( 1568): mMobileTypeCu is GONE phoneId:0
D/muyu    ( 1568): mMSimNC.isCUProject() &&mMSimNC.getIsUnicomPlmn(phoneId)
D/muyu    ( 1568): mMobileTypeCu is GONE phoneId:1
D/muyu    ( 1568): mMSimNC.isCUProject() &&mMSimNC.getIsUnicomPlmn(phoneId)
D/muyu    ( 1568): mMobileTypeCu is GONE phoneId:0
D/muyu    ( 1568): mMSimNC.isCUProject() &&mMSimNC.getIsUnicomPlmn(phoneId)
D/muyu    ( 1568): mMobileTypeCu is GONE phoneId:0
D/muyu    ( 1568): mMSimNC.isCUProject() &&mMSimNC.getIsUnicomPlmn(phoneId)
D/muyu    ( 1568): mMobileTypeCu is GONE phoneId:0
D/muyu    ( 1568): mMSimNC.isCUProject() &&mMSimNC.getIsUnicomPlmn(phoneId)
D/muyu    ( 1568): mMobileTypeCu is GONE phoneId:1
E/LauncherStartWatchDog( 5495): LauncherStartWatchDog  isPause=false
E/LauncherStartWatchDog( 5495): LauncherStartWatchDog  isPause=false
E/WifiStateMachine( 1149): handleMessage: E msg.what=131155
E/WifiStateMachine( 1149): processMsg: ConnectedState
E/WifiStateMachine( 1149):  ConnectedState !CMD_RSSI_POLL 92 0 "Xiaomi_6201_5G" 8c:be:be:26:62:03 rssi=-45 f=5785 sc=60 link=433 tx=0.3, 0.0, 0.0  rx=2.0 bcn=0 [on:0 tx:0 rx:0 period:2996] from screen [on:0 period:-313904330] gl hn rssi=-40 ag=0 hr ls-=0 [56,56,56,56,61] brc=0 lrc=0
E/WifiStateMachine( 1149): processMsg: L2ConnectedState
E/WifiStateMachine( 1149):  L2ConnectedState !CMD_RSSI_POLL 92 0 "Xiaomi_6201_5G" 8c:be:be:26:62:03 rssi=-45 f=5785 sc=60 link=433 tx=0.3, 0.0, 0.0  rx=2.0 bcn=0 [on:0 tx:0 rx:0 period:3] from screen [on:0 period:-313904327] gl hn rssi=-40 ag=0 hr ls-=0 [56,56,56,56,61] brc=0 lrc=0
E/WifiStateMachine( 1149):  get link layer stats 0
I/WifiHW  ( 1149): CMD: IFNAME=wlan0 SIGNAL_POLL
I/WifiHW  ( 1149): REPLY: RSSI=-45
I/WifiHW  ( 1149): REPLY: LINKSPEED=433
I/WifiHW  ( 1149): REPLY: NOISE=9999
I/WifiHW  ( 1149): REPLY: FREQUENCY=5785
E/WifiStateMachine( 1149): fetchRssiLinkSpeedAndFrequencyNative rssi=-45 linkspeed=433
E/WifiStateMachine( 1149): calculateWifiScore freq=5785 speed=433 score=60 highRSSI  -> txbadrate=0.00 txgoodrate=0.13 txretriesrate=0.00 rxrate=1.01 userTriggerdPenalty0
E/WifiStateMachine( 1149):  good link -> stuck count =0
E/WifiStateMachine( 1149):  badRSSI count0 lowRSSI count0 --> score 56
E/WifiStateMachine( 1149):  isHighRSSI       ---> score=61
I/BatteryStatsImpl( 1149): WiFi rssi -> -45 bin=4
D/StatusBar.MSimNetworkController( 1568): lxg action = android.net.wifi.RSSI_CHANGED
E/WifiStateMachine( 1149): handleMessage: X
E/LauncherStartWatchDog( 5495): LauncherStartWatchDog  isPause=false
D/PowerManagerService( 1149):  	|----com.android.server.power.PowerManagerService.goToSleepNoUpdateLocked(PowerManagerService.java:1218)
D/PowerManagerService( 1149):  	|----com.android.server.power.PowerManagerService.updateWakefulnessLocked(PowerManagerService.java:1766)
D/PowerManagerService( 1149):  	|----com.android.server.power.PowerManagerService.updatePowerStateLocked(PowerManagerService.java:1410)
D/PowerManagerService( 1149):  	|----com.android.server.power.PowerManagerService.handleUserActivityTimeout(PowerManagerService.java:1713)
D/PowerManagerService( 1149):  	|----com.android.server.power.PowerManagerService.access$2500(PowerManagerService.java:83)
D/PowerManagerService( 1149):  	|----com.android.server.power.PowerManagerService$PowerManagerHandler.handleMessage(PowerManagerService.java:2765)
D/PowerManagerService( 1149):  	|----android.os.Handler.dispatchMessage(Handler.java:102)
D/PowerManagerService( 1149):  	|----android.os.Looper.loop(Looper.java:154)
D/PowerManagerService( 1149):  	|----android.os.HandlerThread.run(HandlerThread.java:61)
D/PowerManagerService( 1149):  	|----com.android.server.ServiceThread.run(ServiceThread.java:46)
E/txf_fpc_Service( 1877): onReceive: action=android.intent.action.fingerprint
V/BatteryStatsImpl( 1149): stop #-9: mUpdateTime=0 mTotalTime=328357000 mCount=9 mAcquireTime=328357000
D/FP_LIB  ( 1877): int32_t fpc102x_ClkOn(fpc_fingerprint_tz_device_t*) ret: 0, status = 5570560
D/txf_fpc_Service( 1877): ===============reciever==========>clock on
E/SensorManager( 1149): unregisterListener sensor: Unregisters a listener for all sensors.
D/FP_LIB  ( 1877): fpc102x_do_sleep ret: 0.
D/txf_fpc_Service( 1877): ===============reciever==========>dosleep
D/FP_LIB  ( 1877): int32_t fpc102x_ClkOff(fpc_fingerprint_tz_device_t*) ret: 0, status = 5570560
D/txf_fpc_Service( 1877): ===============reciever==========>clock off
D/KeyguardViewMediator( 1568): onScreenTurnedOff(3)
D/KeyguardViewMediator( 1568): notifyScreenOffLocked
D/KeyguardViewMediator( 1568): FINGER SP handleMessage what:6 S
D/PickupListener( 1853): uiChangeReceiver---onReceive
E/txf_fpc_Service( 1877): onReceive: action=android.intent.action.SCREEN_OFF
D/KeyguardViewMediator( 1568): setting alarm to turn off keyguard, seq = 46
D/KeyguardViewMediator( 1568): handleNotifyScreenOff
D/KeyguardViewMediator( 1568): FINGER SP handleMessage what:6 E
D/VAUtils ( 1853): packageName = com.zte.mifavor.launcher
E/WifiStateMachine( 1149): handleMessage: E msg.what=131167
E/WifiStateMachine( 1149): processMsg: ConnectedState
E/WifiStateMachine( 1149):  ConnectedState !CMD_SCREEN_STATE_CHANGED 0 0
E/WifiStateMachine( 1149): processMsg: L2ConnectedState
E/WifiStateMachine( 1149):  L2ConnectedState !CMD_SCREEN_STATE_CHANGED 0 0
E/WifiStateMachine( 1149): processMsg: ConnectModeState
E/WifiStateMachine( 1149):  ConnectModeState !CMD_SCREEN_STATE_CHANGED 0 0
E/WifiStateMachine( 1149): processMsg: DriverStartedState
E/WifiStateMachine( 1149):  DriverStartedState !CMD_SCREEN_STATE_CHANGED 0 0
E/WifiStateMachine( 1149): processMsg: SupplicantStartedState
E/WifiStateMachine( 1149):  SupplicantStartedState !CMD_SCREEN_STATE_CHANGED 0 0
E/WifiStateMachine( 1149): processMsg: DefaultState
E/WifiStateMachine( 1149):  DefaultState !CMD_SCREEN_STATE_CHANGED 0 0
E/WifiStateMachine( 1149):  handleScreenStateChanged Enter: screenOn=false mCurrentScanAlarmMs = 0 mUserWantsSuspendOpt=true state ConnectedState suppState:CompletedState
E/WifiStateMachine( 1149): setScanAlarm false period 0 initial delay 0
D/WifiStateMachine( 1149): backgroundScan enabled=true startBackgroundScanIfNeeded:false
E/WifiStateMachine( 1149): handleScreenStateChanged Exit: false
E/WifiStateMachine( 1149): handleMessage: X
E/WifiStateMachine( 1149): handleMessage: E msg.what=131154
E/WifiStateMachine( 1149): processMsg: ConnectedState
E/WifiStateMachine( 1149):  ConnectedState CMD_ENABLE_RSSI_POLL 0 0
E/WifiStateMachine( 1149): processMsg: L2ConnectedState
E/WifiStateMachine( 1149):  L2ConnectedState CMD_ENABLE_RSSI_POLL 0 0
E/WifiStateMachine( 1149): handleMessage: X
E/WifiStateMachine( 1149): handleMessage: E msg.what=131158
E/WifiStateMachine( 1149): processMsg: ConnectedState
E/WifiStateMachine( 1149):  ConnectedState CMD_SET_SUSPEND_OPT_ENABLED 1 0
E/WifiStateMachine( 1149): processMsg: L2ConnectedState
E/WifiStateMachine( 1149):  L2ConnectedState CMD_SET_SUSPEND_OPT_ENABLED 1 0
D/VAUtils ( 1853): topActivity = com.kingroot.kinguser
E/WifiStateMachine( 1149): processMsg: ConnectModeState
D/PickupListener( 1853): lock:false; home:false; switch:0; isScreenOn:false
E/WifiStateMachine( 1149):  ConnectModeState CMD_SET_SUSPEND_OPT_ENABLED 1 0
E/WifiStateMachine( 1149): processMsg: DriverStartedState
E/WifiStateMachine( 1149):  DriverStartedState CMD_SET_SUSPEND_OPT_ENABLED 1 0
E/WifiStateMachine( 1149): setSuspendOptimizationsNative: 4 true -want true stack:setSuspendOptimizationsNative - access$13400 - processMessage - processMsg
V/SRS_Proc(  434): ParamSet string: screen_state=off
D/audio_hw_extn(  434): audio_extn_set_anc_parameters: anc_enabled:0
E/audio_a2dp_hw(  434): adev_set_parameters: ERROR: set param called even when stream out is null
E/WifiStateMachine( 1149): setSuspendOptimizationsNative do it 4 true stack:setSuspendOptimizationsNative - access$13400 - processMessage - processMsg
E/native  ( 1149): do suspend true
I/WifiHW  ( 1149): CMD: IFNAME=wlan0 DRIVER SETSUSPENDMODE 1
I/WifiHW  ( 1149): REPLY: OK
D/DigitalPenService( 1149): Received intent: Intent { act=android.intent.action.SCREEN_OFF flg=0x50000010 }
D/WifiController( 1149): handleMessage: E msg.what=155651
D/WifiController( 1149): processMsg: DeviceActiveState
D/WifiController( 1149): processMsg: StaEnabledState
D/WifiController( 1149): processMsg: DefaultState
D/WifiController( 1149): handleMessage: X
D/VolumePanel.0246e41e( 1568): forceTimeout delay=0 callers=com.android.systemui.volume.VolumePanel.postDismiss:1046 com.android.systemui.volume.VolumePanel$5.onReceive:576 android.app.LoadedApk$ReceiverDispatcher$Args.run:861 
E/WifiStateMachine( 1149): handleMessage: X
D/GpsLocationProvider( 1149): receive broadcast intent, action: android.intent.action.SCREEN_OFF
D/=SOGOU_LOG=( 1759): notifyPackageName--notify packageName-- packageName = com.kingroot.kinguser
V/PhoneStatusBar( 1568): mBroadcastReceiver: Intent { act=android.intent.action.SCREEN_OFF flg=0x50000010 }
E/SensorManager( 1149): unregisterListener sensor: Unregisters a listener for all sensors.
D/PowerKeyObserver( 1853): PowerKeyBroadcastReceiver---onReceive
D/VoiceAssistantService( 1853): ----> 
D/NoneOneShotFlow( 1853): getFlowType : 6
V/VAUtils ( 1853): getFlowProcessingFlag---isFlowProcessing:false
D/VoiceAssistantService( 1853): sendAbortProcessMessage---isFlowProcessing:false
V/VAUtils ( 1853): getIsInCall---isInCall:false
V/VAUtils ( 1853): getFlowProcessingFlag---isFlowProcessing:false
D/PickupListener( 1853): screenOff---onReceive
I/ScreenListener( 5069): action = android.intent.action.SCREEN_OFF
I/ScreenListener( 5069): ACTION_SCREEN_OFF screenOnNum = 0
E/LibSecureUISvc( 2124): svc_sock_send_message(suisvc): Error sending data, -1 vs 4: Connection refused
D/SessionManagerService( 5386): Received intent: #Intent;action=android.intent.action.SCREEN_OFF;launchFlags=0x50000010;end
E/SessionManagerService( 5386): Calling Standby as no Audio Stream is playing
D/SessionManagerService( 5386): standby()
E/SessionManagerService( 5386): Session state is not PAUSE or PLAY
E/LockScreenCleanReceiver( 5495): ACTION_SCREEN_OFF  start,isOptionEnabled=true,delayMillis=600000
E/screenlockliulei( 5495): screen off
D/LockScreenCleanReceiver( 5495): debug lock screen clean startTimer:1451385042613
D/LockScreenCleanReceiver( 5495): fingerpring device, need hide dialog
E/LockScreenCleanReceiver( 5495): ACTION_SCREEN_OFF  end
E/AppLockWatchDog( 5495): pauseWatch
I/LauncherStartWatchDog( 5495): LauncherStartWatchDog pauseWatch enter
I/SCREENLOCKMONITOR( 5495): SCREENLOCKMONITOR ACTION_SCREEN_OFF  used time millisecond=0
D/LightsService( 1149): Excessive delay setting light: 55ms
V/AAA     (15455): trigger_action_code=0
V/AAA     (15455): result=6
V/AAA     (15455): primaryStr=1_1_0_100_1_0_24438280192
V/AAA     (15455): selfStr=1_1_1
V/AAA     (15455): updateStr=1_1_1_0_0_0_0
V/AAA     (15455): newAppStr=1_1_0_0_0_0_0
V/AAA     (15455): trigger_action_code=0
V/AAA     (15455): result=12
V/AAA     (15455): primaryStr=1_1_0_100_1_0_24438280192
V/AAA     (15455): selfStr=1_1_1
V/AAA     (15455): updateStr=1_1_1_0_0_0_0
V/AAA     (15455): newAppStr=1_1_0_0_0_0_0
V/AAA     (15455): trigger_action_code=0
V/AAA     (15455): result=1
V/AAA     (15455): primaryStr=1_1_0_100_1_0_24438280192
V/AAA     (15455): selfStr=1_1_1
V/AAA     (15455): updateStr=1_1_1_0_0_0_0
V/AAA     (15455): newAppStr=1_1_0_0_0_0_0
V/AAA     (15455): trigger_action_code=0
V/AAA     (15455): result=6
V/AAA     (15455): primaryStr=1_1_0_100_1_0_24438276096
V/AAA     (15455): selfStr=1_1_1
V/AAA     (15455): updateStr=1_1_1_0_0_0_0
V/AAA     (15455): newAppStr=1_1_0_0_0_0_0
V/AAA     (15455): trigger_action_code=0
V/AAA     (15455): result=6
V/AAA     (15455): primaryStr=1_1_0_100_1_0_24438276096
V/AAA     (15455): selfStr=1_1_1
V/AAA     (15455): updateStr=1_1_1_0_0_0_0
V/AAA     (15455): newAppStr=1_1_0_0_0_0_0
V/AAA     (15455): trigger_action_code=0
V/AAA     (15455): result=6
V/AAA     (15455): primaryStr=1_1_0_100_1_0_24438276096
V/AAA     (15455): selfStr=1_1_1
V/AAA     (15455): updateStr=1_1_1_0_0_0_0
V/AAA     (15455): newAppStr=1_1_0_0_0_0_0
V/BatteryStatsImpl( 1149): stop #-1: mUpdateTime=0 mTotalTime=330534000 mCount=9 mAcquireTime=330534000
V/BatteryStatsImpl( 1149): stop #-100: mUpdateTime=0 mTotalTime=105616000 mCount=17 mAcquireTime=105616000
D/SurfaceFlinger(  409): Set power mode=0, type=0 flinger=0x7f7d064000
D/qdhwcomposer(  409): hwc_setPowerMode: Setting mode 0 on display: 0
E/qdutils (  409): int qdutils::getHDMINode(): Failed to open fb node 2
E/qdutils (  409): int qdutils::getHDMINode(): Failed to find HDMI node
W/ContextImpl(16656): Implicit intents with startService are not safe: Intent { act=com.tencent.qqpimsecure.TMS_LITE_SERVICE (has extras) } android.content.ContextWrapper.bindService:538 com.kingroot.kinguser.adr.run:86 java.lang.Thread.run:818 
E/LauncherStartWatchDog( 5495): LauncherStartWatchDog  isPause=true
I/qdhwcomposer(  409): handle_blank_event: dpy:0 panel power state: 0
E/qdutils (  409): int qdutils::getHDMINode(): Failed to open fb node 2
E/qdutils (  409): int qdutils::getHDMINode(): Failed to find HDMI node
D/qdhwcomposer(  409): hwc_setPowerMode: Done setting mode 0 on display 0
D/SurfaceControl( 1149): Excessive delay in setPowerMode(): 337ms
D/SpeedController( 1568): run isEnabled=trueisButtonEnabled = true
D/SpeedController( 1568): updateNetSpeed mTotalByte =8492433
D/SpeedController( 1568): updateNetSpeed mLastTime =1451385038344
D/SpeedController( 1568): updateNetSpeed curBytes =8492701
D/SpeedController( 1568): updateNetSpeed curTime =1451385043349
D/SpeedController( 1568): updateNetSpeed mLevel =53
D/SpeedController( 1568): lxg formatSize size = 53
E/WifiStateMachine( 1149): handleMessage: E msg.what=131155
E/WifiStateMachine( 1149): processMsg: ConnectedState
E/WifiStateMachine( 1149):  ConnectedState CMD_RSSI_POLL 92 0 "Xiaomi_6201_5G" 8c:be:be:26:62:03 rssi=-45 f=5785 sc=60 link=433 tx=0.0, 0.0, 0.0  rx=0.0 bcn=0 [on:0 tx:0 rx:0 period:3001] from screen [on:0 period:-313901311] gl hn rssi=-40 ag=0 hr ls-=0 [56,56,56,56,61] brc=0 lrc=0
E/WifiStateMachine( 1149): processMsg: L2ConnectedState
E/WifiStateMachine( 1149):  L2ConnectedState CMD_RSSI_POLL 92 0 "Xiaomi_6201_5G" 8c:be:be:26:62:03 rssi=-45 f=5785 sc=60 link=433 tx=0.0, 0.0, 0.0  rx=0.0 bcn=0 [on:0 tx:0 rx:0 period:2] from screen [on:0 period:-313901309] gl hn rssi=-40 ag=0 hr ls-=0 [56,56,56,56,61] brc=0 lrc=0
E/WifiStateMachine( 1149): handleMessage: X
I/MSM-irqbalance(  542): Decided to move IRQ128 from CPU0 to CPU2
D/KeyguardViewMediator( 1568): received DELAYED_KEYGUARD_ACTION with seq = 46, mDelayedShowingSequence = 46
D/KeyguardViewMediator( 1568): mPhoneState = IDLE
D/KeyguardViewMediator( 1568): doKeyguard: showing the lock screen
D/KeyguardViewMediator( 1568): showLocked
D/KeyguardViewMediator( 1568): FINGER SP handleMessage what:2 S
D/KeyguardViewMediator( 1568): handleShow
D/KeyguardSecurityModel( 1568): updateMonitor.isDiskFull()= false updateMonitor.getStartApp()= false
D/KeyguardSecurityModel( 1568): ***mode=None
D/PhoneStatusBar( 1568): showKeyguard() isFirstVal=0
D/PhoneStatusBar( 1568): isFirstRunning() ret=false, isFirstVal=0
I/KeyguardIndicationController( 1568): --djb--computePowerIndication return = keyguard_charged
D/wx      ( 1568): translation = 0.0
D/wx      ( 1568): isReset = true***isBelowFalsingThreshold=true
D/wx      ( 1568): updateIcon(com.android.systemui.statusbar.KeyguardAffordanceView{118128d7 V.ED.... ......ID 912,1752-1080,1920 #7f06009c app:id/camera_button},0.0f,0.5, true,true
E/SOSO    ( 1568): setClipping height:180.0
E/SOSO    ( 1568): setQsExpansion mQsExpansionHeight0.0
E/SOSO    ( 1568): setClipping height:180.0
E/SOSO    ( 1568): setQsExpansion mQsExpansionHeight0.0
E/SOSO    ( 1568): setBarState mQsExpansionHeight0.0
E/SOSO    ( 1568): EDIT mKeyguardShowingtrue
D/SOSO    ( 1568): EDIT mExpanded:true mIsKeyguardShowing:true
D/KeyguardSecurityModel( 1568): updateMonitor.isDiskFull()= false updateMonitor.getStartApp()= false
D/KeyguardSecurityModel( 1568): ***mode=None
D/PhoneStatusBar( 1568): updateNotificationIcons
D/StatusBarModifyView( 1568): drawable =android.graphics.drawable.BitmapDrawable@3aca3708
D/StatusBarModifyView( 1568): icon = StatusBarIcon(pkg=androiduser=0 id=0x10800b4 level=0 visible=true num=0 )
D/PhoneStatusBar( 1568): updateNotificationIcons
D/StatusBarModifyView( 1568): drawable =android.graphics.drawable.BitmapDrawable@1f167734
D/StatusBarModifyView( 1568): icon = StatusBarIcon(pkg=com.android.settingsuser=-1 id=0x7f020364 level=0 visible=true num=0 )
D/PhoneStatusBar( 1568): updateNotificationIcons
D/StatusBarModifyView( 1568): drawable =android.graphics.drawable.BitmapDrawable@10f6acfc
D/StatusBarModifyView( 1568): icon = StatusBarIcon(pkg=androiduser=-1 id=0x6020108 level=0 visible=true num=0 )
D/PhoneStatusBar( 1568): updateMediaMetaData hasArtwork=false***mState=1***metaDataChanged=false
W/PhoneStatusBar( 1568): blur() bmp is NULL!
D/PhoneStatusBar( 1568): *******setWallpaper show = true***mState = 1 bmp= android.graphics.Bitmap@3bba15c4 wallpaperBmp= android.graphics.Bitmap@3bba15c4
D/PhoneStatusBar( 1568): setWallpaper mBackdrop= com.android.systemui.statusbar.BackDropView{1cd26c60 V.E..... ......ID 0,0-1080,1920 #7f060175 app:id/backdrop} mBackdrop.getVisibility()= 0 mBackdropBack.getVisibility()= 0
D/PhoneStatusBar( 1568): setWallpaper wallpaperBmp = android.graphics.Bitmap@3bba15c4
D/KeyguardSecurityModel( 1568): updateMonitor.isDiskFull()= false updateMonitor.getStartApp()= false
D/KeyguardSecurityModel( 1568): ***mode=None
D/PhoneStatusBar( 1568): disable: < expand ICONS* alerts SYSTEM_INFO* back home recent clock search >
D/SOSO    ( 1568): EDIT mExpanded:true mIsKeyguardShowing:true
D/QSTile.WifiTile( 1568): onWifiSignalChanged enabled=true
D/QSTile.WifiTile( 1568): wifiState:0
D/QSTile.WifiTile( 1568): KKK UpdateState enabled:true wifiConnected:true wifiNotConnected:false
D/SOSO    ( 1568): WWW state.isSecClickEnable = true
D/QSTile.WifiTile( 1568): handleUpdateState state.status = 0
E/SOSO    ( 1568): label:Xiaomi_6201_5G visibility:0 com.android.systemui.qs.tiles.WifiTile
D/BluetoothAdapter( 1568): 270476778: getState() :  mService = null. Returning STATE_OFF
D/BluetoothAdapter( 1568): 270476778: getState() :  mService = null. Returning STATE_OFF
D/QSTile.BluetoothTile( 1568): enabled:false connected:false connecting:false
D/QSTile.BluetoothTile( 1568): handleUpdateState enabled:false connected:false connecting:false
E/SOSO    ( 1568): label:Xiaomi_6201_5G visibility:0 com.android.systemui.qs.tiles.WifiTile
D/QSTile.MSimDataTile( 1568): lxg handleUpdateState
D/QSTile.MSimDataTile( 1568): current sub is 0
D/QSTile.MSimDataTile( 1568): default sub is -1000
D/QSTile.MSimDataTile( 1568): not default sub
V/KeyguardUpdateMonitor( 1568): *** register callback for com.android.keyguard.KeyguardSimpleHostView$1@1b813650
V/KeyguardUpdateMonitor( 1568): *** unregister callback for null
W/Settings( 1568): Setting airplane_mode_on has moved from android.provider.Settings.System to android.provider.Settings.Global, returning read-only value.
D/KeyguardUpdateMonitor( 1568): sendUpdates() mSubIdForSlot :[-1000, -1000]
D/KeyguardSimpleHostView( 1568): KKeyguardSimpleHostView
D/KeyguardSecurityModel( 1568): updateMonitor.isDiskFull()= false updateMonitor.getStartApp()= false
D/KeyguardSecurityModel( 1568): ***mode=None
V/KeyguardSecurityView( 1568): showPrimarySecurityScreen(turningOff=false)
D/KeyguardSecurityView( 1568): showSecurityScreen(None) mCurrentSecuritySelection= Invalid
D/KeyguardViewBase( 1568): new FingerprintUnlock  start
D/FPCUnlock( 1568): ==================>isDeviceWithFingerPrint=true
I/QSTile.MSimDataTile( 1568): getDataState  mMobileDataEnabled state =false 2
I/QSTile.MSimDataTile( 1568): getDataState  5.0 DefaultDataSubId =-1000
I/QSTile.MSimDataTile( 1568): lxg handleUpdateState state.status = 2
E/SOSO    ( 1568): label: visibility:0 com.android.systemui.qs.tiles.MSimDataTile
D/QSTile.MSimDataTile( 1568): lxg handleUpdateState
D/QSTile.MSimDataTile( 1568): current sub is 1
D/QSTile.MSimDataTile( 1568): default sub is -1000
D/QSTile.MSimDataTile( 1568): not default sub
E/FPCUnlock( 1568): ==================>checkSreenLock=false
I/QSTile.MSimDataTile( 1568): getDataState  mMobileDataEnabled state =false 2
I/QSTile.MSimDataTile( 1568): getDataState  5.0 DefaultDataSubId =-1000
I/QSTile.MSimDataTile( 1568): lxg handleUpdateState state.status = 2
E/SOSO    ( 1568): label: visibility:0 com.android.systemui.qs.tiles.MSimDataTile
D/QSTile.SoundTile( 1568): isSoundSettingOn()isVibrate=0
D/QSTile.SoundTile( 1568): isSoundSettingOn()ringerMode=2
D/QSTile.SoundTile( 1568): handleUpdateState isSoundOn:true
E/SOSO    ( 1568): label: visibility:0 com.android.systemui.qs.tiles.SoundTile
I/QSTile.VibrateTile( 1568): vibrateWhenRingingfalse
I/QSTile.VibrateTile( 1568): mAudioManager.getRingerMode()=2
D/QSTile.VibrateTile( 1568): getBtnRingmode  state =1
D/QSTile.VibrateTile( 1568): handleUpdateState vibrateOn:1
E/SOSO    ( 1568): label: visibility:0 com.android.systemui.qs.tiles.VibrateTile
D/BluetoothAdapter( 1568): 270476778: getState() :  mService = null. Returning STATE_OFF
D/BluetoothAdapter( 1568): 270476778: getState() :  mService = null. Returning STATE_OFF
D/QSTile.BluetoothTile( 1568): enabled:false connected:false connecting:false
D/QSTile.BluetoothTile( 1568): handleUpdateState enabled:false connected:false connecting:false
D/KeyguardSecurityModel( 1568): updateMonitor.isDiskFull()= false updateMonitor.getStartApp()= false
D/KeyguardSecurityModel( 1568): ***mode=None
D/KeyguardBouncer( 1568): ---djb---show   invisible
D/KeyguardSecurityModel( 1568): updateMonitor.isDiskFull()= false updateMonitor.getStartApp()= false
D/KeyguardSecurityModel( 1568): ***mode=None
D/KeyguardUpdateMonitor( 1568): sendKeyguardVisibilityChanged(true)
D/KeyguardViewMediator( 1568): FINGER SP handleStart ActivityManagerNative S
D/KeyguardViewMediator( 1568): FINGER SP handleStart ActivityManagerNative E
E/NfcTile ( 1568):  mNfcAdapter.getAdapterState()=1
E/NfcTile ( 1568):  status=1
D/KeyguardViewMediator( 1568): adjustStatusBarLocked: mShowing=true mOccluded=false isSecure=false --> flags=0x3200000
D/QSTile.PopAssistantTile( 1568): getPopState curState:0
D/QSTile.AirplaneModeTile( 1568): lxg AirplaneModeTile handleUpdateState false
D/QSTile.SmartPowerTile( 1568): GetINT=0
D/QSTile.SmartPowerTile( 1568): handleUpdateState status:1
D/QSTile.LongStandbyTile( 1568): getStandbyState state:1
D/KeyguardViewMediator( 1568): FINGER SP handleMessage what:2 E
D/muyu    ( 1568): mMSimNC.isCUProject() &&mMSimNC.getIsUnicomPlmn(phoneId)
D/muyu    ( 1568): mMobileTypeCu is GONE phoneId:0
D/muyu    ( 1568): mMSimNC.isCUProject() &&mMSimNC.getIsUnicomPlmn(phoneId)
D/muyu    ( 1568): mMobileTypeCu is GONE phoneId:1
D/muyu    ( 1568): mMSimNC.isCUProject() &&mMSimNC.getIsUnicomPlmn(phoneId)
D/muyu    ( 1568): mMobileTypeCu is GONE phoneId:0
D/muyu    ( 1568): mMSimNC.isCUProject() &&mMSimNC.getIsUnicomPlmn(phoneId)
D/muyu    ( 1568): mMobileTypeCu is GONE phoneId:1
D/QSPanel ( 1568): QSPanel onLayout
D/SYSICON ( 1568): onLayout mCaptureValues:true mExpanded:true
D/SYSICON ( 1568): captureLayoutValues :900.0  740  160
D/SYSICON ( 1568): interpoloate batteryX:0.0 t:0.0 v1:0.0 v2:900.0
D/SYSICON ( 1568): applyLayoutValues :0.0 0.0 0
D/SYSICON ( 1568): onLayout mCollapsedValues:0.0 mExpandedValues:900.0 mSettingsButton.getX():912.0 getWidth:172 12
E/SOSO    ( 1568): setClipping height:348.0
D/SYSICON ( 1568): interpoloate batteryX:900.0 t:1.0 v1:0.0 v2:900.0
D/SYSICON ( 1568): applyLayoutValues :900.0 900.0 0
E/SOSO    ( 1568): setQsExpansion mQsExpansionHeight0.0
E/SOSO    ( 1568): updateHeaderKeyguard mQsExpansionHeight0.0
E/SOSO    ( 1568): updateHeaderKeyguard mQsExpansionHeight0.0
E/SOSO    ( 1568): updateHeaderKeyguard mQsExpansionHeight0.0
D/ScrimController( 1568): setScrimBehindColor mKeyguardShowing = true
D/QSTileView( 1568): nIconId:2130838426
D/QSTileView( 1568): STATUS_ON
E/SOSO    ( 1568): icon ON 100%
D/SOSO    ( 1568): WWW mLabel.setClickable(false)
D/QSTileView( 1568): nIconId:2130838426
D/QSTileView( 1568): STATUS_ON
E/SOSO    ( 1568): icon ON 100%
D/SOSO    ( 1568): WWW mLabel.setClickable(false)
D/QSTileView( 1568): nIconId:2130838416
E/SOSO    ( 1568): icon DISABLED 10%
D/SOSO    ( 1568): WWW mLabel.setClickable(false)
D/QSTileView( 1568): nIconId:2130838417
E/SOSO    ( 1568): icon DISABLED 10%
D/SOSO    ( 1568): WWW mLabel.setClickable(false)
D/QSTileView( 1568): nIconId:2130838421
D/QSTileView( 1568): STATUS_ON
E/SOSO    ( 1568): icon ON 100%
D/SOSO    ( 1568): WWW mLabel.setClickable(false)
D/QSTileView( 1568): nIconId:2130838424
E/SOSO    ( 1568): icon OFF 30%
D/SOSO    ( 1568): WWW mLabel.setClickable(false)
D/KeyguardBouncer( 1568): received broadcast android.intent.action.SIM_STATE_CHANGED
D/KeyguardBouncer( 1568): action=android.intent.action.SIM_STATE_CHANGED, state=ABSENT
D/KeyguardUpdateMonitor( 1568): handleKeyguardVisibilityChanged(1)
D/KeyguardStatusView( 1568): refresh:isDoubleClockShow=false
D/KeyguardStatusView( 1568): refreshTime
D/KeyguardStatusView( 1568): refreshTime is24HourFormat=true
D/PhoneStatusBar( 1568): disable: < expand ICONS alerts SYSTEM_INFO back HOME* RECENT* clock SEARCH* >
E/SOSO    ( 1568): setClipping height:348.0
D/SYSICON ( 1568): interpoloate batteryX:900.0 t:1.0 v1:0.0 v2:900.0
D/SYSICON ( 1568): applyLayoutValues :900.0 900.0 0
E/SOSO    ( 1568): setQsExpansion mQsExpansionHeight0.0
E/SOSO    ( 1568): updateHeaderKeyguard mQsExpansionHeight0.0
E/SOSO    ( 1568): updateHeaderKeyguard mQsExpansionHeight0.0
V/PhoneStatusBar( 1568): setLightsOn(true)
D/QSPanel ( 1568): QSPanel onLayout
D/SYSICON ( 1568): onLayout mCaptureValues:false mExpanded:true
D/SYSICON ( 1568): onLayout mCollapsedValues:0.0 mExpandedValues:900.0 mSettingsButton.getX():912.0 getWidth:172 12
E/SOSO    ( 1568): setClipping height:348.0
D/SYSICON ( 1568): interpoloate batteryX:900.0 t:1.0 v1:0.0 v2:900.0
D/SYSICON ( 1568): applyLayoutValues :900.0 900.0 0
E/SOSO    ( 1568): setQsExpansion mQsExpansionHeight0.0
E/SOSO    ( 1568): updateHeaderKeyguard mQsExpansionHeight0.0
E/SOSO    ( 1568): updateHeaderKeyguard mQsExpansionHeight0.0
E/SOSO    ( 1568): setClipping height:348.0
D/SYSICON ( 1568): interpoloate batteryX:900.0 t:1.0 v1:0.0 v2:900.0
D/SYSICON ( 1568): applyLayoutValues :900.0 900.0 0
E/SOSO    ( 1568): setQsExpansion mQsExpansionHeight0.0
E/SOSO    ( 1568): updateHeaderKeyguard mQsExpansionHeight0.0
E/SOSO    ( 1568): updateHeaderKeyguard mQsExpansionHeight0.0
D/SpeedController( 1568): run isEnabled=trueisButtonEnabled = true
D/SpeedController( 1568): updateNetSpeed mTotalByte =8492701
D/SpeedController( 1568): updateNetSpeed mLastTime =1451385043349
D/SpeedController( 1568): updateNetSpeed curBytes =8492701
D/SpeedController( 1568): updateNetSpeed curTime =1451385048352
D/SpeedController( 1568): updateNetSpeed mLevel =0
D/SpeedController( 1568): lxg formatSize size = 0
D/SpeedController( 1568): run isEnabled=trueisButtonEnabled = true
D/SpeedController( 1568): updateNetSpeed mTotalByte =8492701
D/SpeedController( 1568): updateNetSpeed mLastTime =1451385048352
D/SpeedController( 1568): updateNetSpeed curBytes =8500747
D/SpeedController( 1568): updateNetSpeed curTime =1451385053356
D/SpeedController( 1568): updateNetSpeed mLevel =1607
D/SpeedController( 1568): lxg formatSize size = 1607
D/SpeedController( 1568): run isEnabled=trueisButtonEnabled = true
D/SpeedController( 1568): updateNetSpeed mTotalByte =8500747
D/SpeedController( 1568): updateNetSpeed mLastTime =1451385053356
D/SpeedController( 1568): updateNetSpeed curBytes =8500911
D/SpeedController( 1568): updateNetSpeed curTime =1451385058361
D/SpeedController( 1568): updateNetSpeed mLevel =32
D/SpeedController( 1568): lxg formatSize size = 32
D/SpeedController( 1568): run isEnabled=trueisButtonEnabled = true
D/SpeedController( 1568): updateNetSpeed mTotalByte =8500911
D/SpeedController( 1568): updateNetSpeed mLastTime =1451385058361
D/SpeedController( 1568): updateNetSpeed curBytes =8500911
D/SpeedController( 1568): updateNetSpeed curTime =1451385063368
D/SpeedController( 1568): updateNetSpeed mLevel =0
D/SpeedController( 1568): lxg formatSize size = 0
D/KeyguardUpdateMonitor( 1568): received broadcast android.intent.action.TIME_TICK
D/KeyguardUpdateMonitor( 1568): handleTimeUpdate
D/KeyguardStatusView( 1568): refresh:isDoubleClockShow=false
D/KeyguardStatusView( 1568): refreshTime
D/TimerStartReceiver( 5495): time start ing ===============
D/KeyguardStatusView( 1568): refreshTime is24HourFormat=true
I/KeyguardIndicationController( 1568): --djb--computePowerIndication return = keyguard_charged
E/SOSO    ( 1568): setClipping height:348.0
D/SYSICON ( 1568): interpoloate batteryX:900.0 t:1.0 v1:0.0 v2:900.0
D/SYSICON ( 1568): applyLayoutValues :900.0 900.0 0
E/SOSO    ( 1568): setQsExpansion mQsExpansionHeight0.0
E/SOSO    ( 1568): updateHeaderKeyguard mQsExpansionHeight0.0
E/SOSO    ( 1568): updateHeaderKeyguard mQsExpansionHeight0.0
E/SOSO    ( 1568): setClipping height:348.0
D/SYSICON ( 1568): interpoloate batteryX:900.0 t:1.0 v1:0.0 v2:900.0
D/SYSICON ( 1568): applyLayoutValues :900.0 900.0 0
E/SOSO    ( 1568): setQsExpansion mQsExpansionHeight0.0
E/SOSO    ( 1568): updateHeaderKeyguard mQsExpansionHeight0.0
E/SOSO    ( 1568): updateHeaderKeyguard mQsExpansionHeight0.0
E/SOSO    ( 1568): setClipping height:348.0
D/SYSICON ( 1568): interpoloate batteryX:900.0 t:1.0 v1:0.0 v2:900.0
D/SYSICON ( 1568): applyLayoutValues :900.0 900.0 0
E/SOSO    ( 1568): setQsExpansion mQsExpansionHeight0.0
E/SOSO    ( 1568): updateHeaderKeyguard mQsExpansionHeight0.0
E/SOSO    ( 1568): updateHeaderKeyguard mQsExpansionHeight0.0
D/SYSICON ( 1568): onLayout mCaptureValues:false mExpanded:true
D/SYSICON ( 1568): onLayout mCollapsedValues:0.0 mExpandedValues:900.0 mSettingsButton.getX():912.0 getWidth:172 12
E/SOSO    ( 1568): setClipping height:348.0
D/SYSICON ( 1568): interpoloate batteryX:900.0 t:1.0 v1:0.0 v2:900.0
D/SYSICON ( 1568): applyLayoutValues :900.0 900.0 0
E/SOSO    ( 1568): setQsExpansion mQsExpansionHeight0.0
E/SOSO    ( 1568): updateHeaderKeyguard mQsExpansionHeight0.0
E/SOSO    ( 1568): updateHeaderKeyguard mQsExpansionHeight0.0
D/SYSICON ( 1568): onLayout mCaptureValues:false mExpanded:true
D/SYSICON ( 1568): onLayout mCollapsedValues:0.0 mExpandedValues:900.0 mSettingsButton.getX():912.0 getWidth:172 12
E/SOSO    ( 1568): setClipping height:348.0
D/SYSICON ( 1568): interpoloate batteryX:900.0 t:1.0 v1:0.0 v2:900.0
D/SYSICON ( 1568): applyLayoutValues :900.0 900.0 0
E/SOSO    ( 1568): setQsExpansion mQsExpansionHeight0.0
E/SOSO    ( 1568): updateHeaderKeyguard mQsExpansionHeight0.0
E/SOSO    ( 1568): updateHeaderKeyguard mQsExpansionHeight0.0
I/AppWidgetHostView( 2253): not ZTEAppWidget, return false
D/SpeedController( 1568): run isEnabled=trueisButtonEnabled = true
D/SpeedController( 1568): updateNetSpeed mTotalByte =8500911
D/SpeedController( 1568): updateNetSpeed mLastTime =1451385063368
D/SpeedController( 1568): updateNetSpeed curBytes =8501779
D/SpeedController( 1568): updateNetSpeed curTime =1451385068372
D/SpeedController( 1568): updateNetSpeed mLevel =173
D/SpeedController( 1568): lxg formatSize size = 173
D/SpeedController( 1568): run isEnabled=trueisButtonEnabled = true
D/SpeedController( 1568): updateNetSpeed mTotalByte =8501779
D/SpeedController( 1568): updateNetSpeed mLastTime =1451385068372
D/SpeedController( 1568): updateNetSpeed curBytes =8501943
D/SpeedController( 1568): updateNetSpeed curTime =1451385073379
D/SpeedController( 1568): updateNetSpeed mLevel =32
D/SpeedController( 1568): lxg formatSize size = 32
D/SpeedController( 1568): run isEnabled=trueisButtonEnabled = true
D/SpeedController( 1568): updateNetSpeed mTotalByte =8501943
D/SpeedController( 1568): updateNetSpeed mLastTime =1451385073379
D/SpeedController( 1568): updateNetSpeed curBytes =8501943
D/SpeedController( 1568): updateNetSpeed curTime =1451385078382
D/SpeedController( 1568): updateNetSpeed mLevel =0
D/SpeedController( 1568): lxg formatSize size = 0
D/SpeedController( 1568): run isEnabled=trueisButtonEnabled = true
D/SpeedController( 1568): updateNetSpeed mTotalByte =8501943
D/SpeedController( 1568): updateNetSpeed mLastTime =1451385078382
D/SpeedController( 1568): updateNetSpeed curBytes =8509989
D/SpeedController( 1568): updateNetSpeed curTime =1451385083390
D/SpeedController( 1568): updateNetSpeed mLevel =1606
D/SpeedController( 1568): lxg formatSize size = 1606
D/SpeedController( 1568): run isEnabled=trueisButtonEnabled = true
D/SpeedController( 1568): updateNetSpeed mTotalByte =8509989
D/SpeedController( 1568): updateNetSpeed mLastTime =1451385083390
D/SpeedController( 1568): updateNetSpeed curBytes =8510233
D/SpeedController( 1568): updateNetSpeed curTime =1451385088393
D/SpeedController( 1568): updateNetSpeed mLevel =48
D/SpeedController( 1568): lxg formatSize size = 48
D/SpeedController( 1568): run isEnabled=trueisButtonEnabled = true
D/SpeedController( 1568): updateNetSpeed mTotalByte =8510233
D/SpeedController( 1568): updateNetSpeed mLastTime =1451385088393
D/SpeedController( 1568): updateNetSpeed curBytes =8510233
D/SpeedController( 1568): updateNetSpeed curTime =1451385093401
D/SpeedController( 1568): updateNetSpeed mLevel =0
D/SpeedController( 1568): lxg formatSize size = 0
D/SpeedController( 1568): run isEnabled=trueisButtonEnabled = true
D/SpeedController( 1568): updateNetSpeed mTotalByte =8510233
D/SpeedController( 1568): updateNetSpeed mLastTime =1451385093401
D/SpeedController( 1568): updateNetSpeed curBytes =8510233
D/SpeedController( 1568): updateNetSpeed curTime =1451385098402
D/SpeedController( 1568): updateNetSpeed mLevel =0
D/SpeedController( 1568): lxg formatSize size = 0
D/SpeedController( 1568): run isEnabled=trueisButtonEnabled = true
D/SpeedController( 1568): updateNetSpeed mTotalByte =8510233
D/SpeedController( 1568): updateNetSpeed mLastTime =1451385098402
D/SpeedController( 1568): updateNetSpeed curBytes =8510397
D/SpeedController( 1568): updateNetSpeed curTime =1451385103409
D/SpeedController( 1568): updateNetSpeed mLevel =32
D/SpeedController( 1568): lxg formatSize size = 32
D/SpeedController( 1568): run isEnabled=trueisButtonEnabled = true
D/SpeedController( 1568): updateNetSpeed mTotalByte =8510397
D/SpeedController( 1568): updateNetSpeed mLastTime =1451385103409
D/SpeedController( 1568): updateNetSpeed curBytes =8510397
D/SpeedController( 1568): updateNetSpeed curTime =1451385108414
D/SpeedController( 1568): updateNetSpeed mLevel =0
D/SpeedController( 1568): lxg formatSize size = 0
D/SpeedController( 1568): run isEnabled=trueisButtonEnabled = true
D/SpeedController( 1568): updateNetSpeed mTotalByte =8510397
D/SpeedController( 1568): updateNetSpeed mLastTime =1451385108414
D/SpeedController( 1568): updateNetSpeed curBytes =8518482
D/SpeedController( 1568): updateNetSpeed curTime =1451385113419
D/SpeedController( 1568): updateNetSpeed mLevel =1615
D/SpeedController( 1568): lxg formatSize size = 1615
D/AndroidRuntime(17888): 
D/AndroidRuntime(17888): >>>>>> AndroidRuntime START com.android.internal.os.RuntimeInit <<<<<<
D/AndroidRuntime(17888): CheckJNI is OFF
D/AndroidRuntime(17888): Calling main entry com.android.commands.pm.Pm
D/ForegroundUtils( 1995): Process died; UID 10118 PID 16633
D/ForegroundUtils( 1995): Foreground changed, PID: 16633 UID: 10118 foreground: false
D/ForegroundUtils( 1995): Foreground UID/PID combinations:
D/ForegroundUtils( 1995): Process died; UID 10118 PID 16656
D/ForegroundUtils( 1995): Foreground changed, PID: 16656 UID: 10118 foreground: false
D/ForegroundUtils( 1995): Foreground UID/PID combinations:
I/art     ( 5495): Explicit concurrent mark sweep GC freed 14005(821KB) AllocSpace objects, 0(0B) LOS objects, 25% free, 3MB/4MB, paused 549us total 44.971ms
D/ForegroundUtils( 1995): Foreground changed, PID: 16151 UID: 10112 foreground: true
I/art     (15419): Explicit concurrent mark sweep GC freed 989(87KB) AllocSpace objects, 3(48KB) LOS objects, 24% free, 1731KB/2MB, paused 571us total 29.405ms
D/ForegroundUtils( 1995): Foreground UID/PID combinations:
D/ForegroundUtils( 1995): UID: 10112 PID: 16151
I/art     (11374): Explicit concurrent mark sweep GC freed 171(6KB) AllocSpace objects, 0(0B) LOS objects, 45% free, 621KB/1133KB, paused 461us total 27.161ms
I/art     ( 2253): Explicit concurrent mark sweep GC freed 58(2896B) AllocSpace objects, 0(0B) LOS objects, 30% free, 36MB/52MB, paused 666us total 87.230ms
I/art     ( 2253): WaitForGcToComplete blocked for 12.105ms for cause HeapTrim
I/art     (15455): Explicit concurrent mark sweep GC freed 2319(114KB) AllocSpace objects, 0(0B) LOS objects, 24% free, 4MB/5MB, paused 839us total 71.828ms
D/ForegroundUtils( 1995): Foreground changed, PID: 2253 UID: 10020 foreground: true
D/ForegroundUtils( 1995): Foreground UID/PID combinations:
D/ForegroundUtils( 1995): UID: 10020 PID: 2253
D/ForegroundUtils( 1995): UID: 10112 PID: 16151
E/Contacts/AccountTypeManager( 4212): loadAccountsInBackground begin
I/InputReader( 1149): Reconfiguring input devices.  changes=0x00000010
I/art     ( 1853): Explicit concurrent mark sweep GC freed 27901(1471KB) AllocSpace objects, 0(0B) LOS objects, 39% free, 2MB/4MB, paused 1.260ms total 34.257ms
D/PickupListener( 1853): uiChangeReceiver---onReceive
I/art     ( 3869): Explicit concurrent mark sweep GC freed 441(19KB) AllocSpace objects, 0(0B) LOS objects, 26% free, 1413KB/1925KB, paused 412us total 40.356ms
D/WifiNumberDataBase( 5495): fetchData number = [0]
I/art     ( 3999): Explicit concurrent mark sweep GC freed 12423(653KB) AllocSpace objects, 0(0B) LOS objects, 24% free, 11MB/15MB, paused 392us total 66.887ms
D/txf_delete_receiver( 1877): onReceive
D/txf_delete_receiver( 1877): onReceive PACKAGE_REMOVED
D/VAUtils ( 1853): packageName = com.zte.mifavor.launcher
D/WifiNumberDataBase( 5495):  fetchDisabledData ==============0
I/HeartyServiceApp( 5495): HeartyServiceApp mReceiver android.intent.action.PACKAGE_REMOVED used time millisecond=40
D/VAUtils ( 1853): topActivity = com.kingroot.master
D/PickupListener( 1853): lock:true; home:false; switch:0; isScreenOn:false
D/VoiceAssistantService( 1853): BootReceiver---BootReceiver!!!!!!
E/Contacts/AccountTypeManager( 4212): addSpecialLocalAccountType begin
E/Contacts/AccountTypeManager( 4212): addSpecialLocalAccounts start
