E/WifiStateMachine( 1149):  L2ConnectedState !CMD_RSSI_POLL 90 0 "Xiaomi_6201_5G" 8c:be:be:26:62:03 rssi=-43 f=5785 sc=60 link=433 tx=12.0, 0.0, 0.0  rx=9.2 bcn=0 [on:0 tx:0 rx:0 period:1] from screen [on:0 period:-313984963] gl hn rssi=-38 ag=0 hr ticks 0,0,0 ls-=0 [56,56,60,60,65] brc=0 lrc=0
E/WifiStateMachine( 1149):  get link layer stats 0
I/WifiHW  ( 1149): CMD: IFNAME=wlan0 SIGNAL_POLL
I/WifiHW  ( 1149): REPLY: RSSI=-44
I/WifiHW  ( 1149): REPLY: LINKSPEED=433
I/WifiHW  ( 1149): REPLY: NOISE=9999
I/WifiHW  ( 1149): REPLY: FREQUENCY=5785
E/WifiStateMachine( 1149): fetchRssiLinkSpeedAndFrequencyNative rssi=-44 linkspeed=433
E/WifiStateMachine( 1149): calculateWifiScore freq=5785 speed=433 score=60 highRSSI  -> txbadrate=0.00 txgoodrate=6.00 txretriesrate=0.00 rxrate=13.62 userTriggerdPenalty0
E/WifiStateMachine( 1149):  good link -> stuck count =0
E/WifiStateMachine( 1149):  badRSSI count0 lowRSSI count0 --> score 60
E/WifiStateMachine( 1149):  isHighRSSI       ---> score=65
I/BatteryStatsImpl( 1149): WiFi rssi -> -44 bin=4
E/WifiStateMachine( 1149): handleMessage: X
D/StatusBar.MSimNetworkController( 1568): lxg action = android.net.wifi.RSSI_CHANGED
W/ContextImpl(16656): Implicit intents with startService are not safe: Intent { act=com.tencent.qqpimsecure.TMS_LITE_SERVICE (has extras) } android.content.ContextWrapper.bindService:538 com.kingroot.kinguser.adr.run:86 java.lang.Thread.run:818 
E/LauncherStartWatchDog( 5495): LauncherStartWatchDog  isPause=false
D/muyu    ( 1568): mMSimNC.isCUProject() &&mMSimNC.getIsUnicomPlmn(phoneId)
D/muyu    ( 1568): mMobileTypeCu is GONE phoneId:0
D/muyu    ( 1568): mMSimNC.isCUProject() &&mMSimNC.getIsUnicomPlmn(phoneId)
D/muyu    ( 1568): mMobileTypeCu is GONE phoneId:1
D/muyu    ( 1568): mMSimNC.isCUProject() &&mMSimNC.getIsUnicomPlmn(phoneId)
D/muyu    ( 1568): mMobileTypeCu is GONE phoneId:0
D/muyu    ( 1568): mMSimNC.isCUProject() &&mMSimNC.getIsUnicomPlmn(phoneId)
D/muyu    ( 1568): mMobileTypeCu is GONE phoneId:0
D/muyu    ( 1568): mMSimNC.isCUProject() &&mMSimNC.getIsUnicomPlmn(phoneId)
D/muyu    ( 1568): mMobileTypeCu is GONE phoneId:0
D/muyu    ( 1568): mMSimNC.isCUProject() &&mMSimNC.getIsUnicomPlmn(phoneId)
D/muyu    ( 1568): mMobileTypeCu is GONE phoneId:1
D/muyu    ( 1568): mMSimNC.isCUProject() &&mMSimNC.getIsUnicomPlmn(phoneId)
D/muyu    ( 1568): mMobileTypeCu is GONE phoneId:0
D/muyu    ( 1568): mMSimNC.isCUProject() &&mMSimNC.getIsUnicomPlmn(phoneId)
D/muyu    ( 1568): mMobileTypeCu is GONE phoneId:1
D/muyu    ( 1568): mMSimNC.isCUProject() &&mMSimNC.getIsUnicomPlmn(phoneId)
D/muyu    ( 1568): mMobileTypeCu is GONE phoneId:0
D/muyu    ( 1568): mMSimNC.isCUProject() &&mMSimNC.getIsUnicomPlmn(phoneId)
D/muyu    ( 1568): mMobileTypeCu is GONE phoneId:0
D/muyu    ( 1568): mMSimNC.isCUProject() &&mMSimNC.getIsUnicomPlmn(phoneId)
D/muyu    ( 1568): mMobileTypeCu is GONE phoneId:0
D/muyu    ( 1568): mMSimNC.isCUProject() &&mMSimNC.getIsUnicomPlmn(phoneId)
D/muyu    ( 1568): mMobileTypeCu is GONE phoneId:1
D/muyu    ( 1568): mMSimNC.isCUProject() &&mMSimNC.getIsUnicomPlmn(phoneId)
D/muyu    ( 1568): mMobileTypeCu is GONE phoneId:0
D/muyu    ( 1568): mMSimNC.isCUProject() &&mMSimNC.getIsUnicomPlmn(phoneId)
D/muyu    ( 1568): mMobileTypeCu is GONE phoneId:1
D/muyu    ( 1568): mMSimNC.isCUProject() &&mMSimNC.getIsUnicomPlmn(phoneId)
D/muyu    ( 1568): mMobileTypeCu is GONE phoneId:0
D/muyu    ( 1568): mMSimNC.isCUProject() &&mMSimNC.getIsUnicomPlmn(phoneId)
D/muyu    ( 1568): mMobileTypeCu is GONE phoneId:0
D/muyu    ( 1568): mMSimNC.isCUProject() &&mMSimNC.getIsUnicomPlmn(phoneId)
D/muyu    ( 1568): mMobileTypeCu is GONE phoneId:0
D/muyu    ( 1568): mMSimNC.isCUProject() &&mMSimNC.getIsUnicomPlmn(phoneId)
D/muyu    ( 1568): mMobileTypeCu is GONE phoneId:1
D/muyu    ( 1568): mMSimNC.isCUProject() &&mMSimNC.getIsUnicomPlmn(phoneId)
D/muyu    ( 1568): mMobileTypeCu is GONE phoneId:0
D/muyu    ( 1568): mMSimNC.isCUProject() &&mMSimNC.getIsUnicomPlmn(phoneId)
D/muyu    ( 1568): mMobileTypeCu is GONE phoneId:1
D/muyu    ( 1568): mMSimNC.isCUProject() &&mMSimNC.getIsUnicomPlmn(phoneId)
D/muyu    ( 1568): mMobileTypeCu is GONE phoneId:0
D/muyu    ( 1568): mMSimNC.isCUProject() &&mMSimNC.getIsUnicomPlmn(phoneId)
D/muyu    ( 1568): mMobileTypeCu is GONE phoneId:0
D/muyu    ( 1568): mMSimNC.isCUProject() &&mMSimNC.getIsUnicomPlmn(phoneId)
D/muyu    ( 1568): mMobileTypeCu is GONE phoneId:0
D/muyu    ( 1568): mMSimNC.isCUProject() &&mMSimNC.getIsUnicomPlmn(phoneId)
D/muyu    ( 1568): mMobileTypeCu is GONE phoneId:1
E/LauncherStartWatchDog( 5495): LauncherStartWatchDog  isPause=false
D/muyu    ( 1568): mMSimNC.isCUProject() &&mMSimNC.getIsUnicomPlmn(phoneId)
D/muyu    ( 1568): mMobileTypeCu is GONE phoneId:0
D/muyu    ( 1568): mMSimNC.isCUProject() &&mMSimNC.getIsUnicomPlmn(phoneId)
D/muyu    ( 1568): mMobileTypeCu is GONE phoneId:1
D/muyu    ( 1568): mMSimNC.isCUProject() &&mMSimNC.getIsUnicomPlmn(phoneId)
D/muyu    ( 1568): mMobileTypeCu is GONE phoneId:0
D/muyu    ( 1568): mMSimNC.isCUProject() &&mMSimNC.getIsUnicomPlmn(phoneId)
D/muyu    ( 1568): mMobileTypeCu is GONE phoneId:0
D/muyu    ( 1568): mMSimNC.isCUProject() &&mMSimNC.getIsUnicomPlmn(phoneId)
D/muyu    ( 1568): mMobileTypeCu is GONE phoneId:0
D/muyu    ( 1568): mMSimNC.isCUProject() &&mMSimNC.getIsUnicomPlmn(phoneId)
D/muyu    ( 1568): mMobileTypeCu is GONE phoneId:1
D/muyu    ( 1568): mMSimNC.isCUProject() &&mMSimNC.getIsUnicomPlmn(phoneId)
D/muyu    ( 1568): mMobileTypeCu is GONE phoneId:0
D/muyu    ( 1568): mMSimNC.isCUProject() &&mMSimNC.getIsUnicomPlmn(phoneId)
D/muyu    ( 1568): mMobileTypeCu is GONE phoneId:1
D/muyu    ( 1568): mMSimNC.isCUProject() &&mMSimNC.getIsUnicomPlmn(phoneId)
D/muyu    ( 1568): mMobileTypeCu is GONE phoneId:0
D/muyu    ( 1568): mMSimNC.isCUProject() &&mMSimNC.getIsUnicomPlmn(phoneId)
D/muyu    ( 1568): mMobileTypeCu is GONE phoneId:0
D/muyu    ( 1568): mMSimNC.isCUProject() &&mMSimNC.getIsUnicomPlmn(phoneId)
D/muyu    ( 1568): mMobileTypeCu is GONE phoneId:0
D/muyu    ( 1568): mMSimNC.isCUProject() &&mMSimNC.getIsUnicomPlmn(phoneId)
D/muyu    ( 1568): mMobileTypeCu is GONE phoneId:1
D/muyu    ( 1568): mMSimNC.isCUProject() &&mMSimNC.getIsUnicomPlmn(phoneId)
D/muyu    ( 1568): mMobileTypeCu is GONE phoneId:0
D/muyu    ( 1568): mMSimNC.isCUProject() &&mMSimNC.getIsUnicomPlmn(phoneId)
D/muyu    ( 1568): mMobileTypeCu is GONE phoneId:1
D/muyu    ( 1568): mMSimNC.isCUProject() &&mMSimNC.getIsUnicomPlmn(phoneId)
D/muyu    ( 1568): mMobileTypeCu is GONE phoneId:0
D/muyu    ( 1568): mMSimNC.isCUProject() &&mMSimNC.getIsUnicomPlmn(phoneId)
D/muyu    ( 1568): mMobileTypeCu is GONE phoneId:0
D/muyu    ( 1568): mMSimNC.isCUProject() &&mMSimNC.getIsUnicomPlmn(phoneId)
D/muyu    ( 1568): mMobileTypeCu is GONE phoneId:0
D/muyu    ( 1568): mMSimNC.isCUProject() &&mMSimNC.getIsUnicomPlmn(phoneId)
D/muyu    ( 1568): mMobileTypeCu is GONE phoneId:1
D/muyu    ( 1568): mMSimNC.isCUProject() &&mMSimNC.getIsUnicomPlmn(phoneId)
D/muyu    ( 1568): mMobileTypeCu is GONE phoneId:0
D/muyu    ( 1568): mMSimNC.isCUProject() &&mMSimNC.getIsUnicomPlmn(phoneId)
D/muyu    ( 1568): mMobileTypeCu is GONE phoneId:1
D/muyu    ( 1568): mMSimNC.isCUProject() &&mMSimNC.getIsUnicomPlmn(phoneId)
D/muyu    ( 1568): mMobileTypeCu is GONE phoneId:0
D/muyu    ( 1568): mMSimNC.isCUProject() &&mMSimNC.getIsUnicomPlmn(phoneId)
D/muyu    ( 1568): mMobileTypeCu is GONE phoneId:0
D/muyu    ( 1568): mMSimNC.isCUProject() &&mMSimNC.getIsUnicomPlmn(phoneId)
D/muyu    ( 1568): mMobileTypeCu is GONE phoneId:0
D/muyu    ( 1568): mMSimNC.isCUProject() &&mMSimNC.getIsUnicomPlmn(phoneId)
D/muyu    ( 1568): mMobileTypeCu is GONE phoneId:1
I/System  (16656): Failed to destroy process 17413
I/System  (16656): android.system.ErrnoException: kill failed: ESRCH (No such process)
I/System  (16656): 	at libcore.io.Posix.kill(Native Method)
I/System  (16656): 	at libcore.io.ForwardingOs.kill(ForwardingOs.java:101)
I/System  (16656): 	at java.lang.ProcessManager$ProcessImpl.destroy(ProcessManager.java:260)
I/System  (16656): 	at com.kingroot.kinguser.acu.mN(SourceFile:350)
I/System  (16656): 	at com.kingroot.kinguser.acu.shutdown(SourceFile:323)
I/System  (16656): 	at com.kingroot.kinguser.acs.dF(SourceFile:88)
I/System  (16656): 	at com.kingroot.kinguser.adw.na(SourceFile:34)
I/System  (16656): 	at com.kingroot.kinguser.adw.mW(SourceFile:23)
I/System  (16656): 	at com.kingroot.kinguser.adf.a(SourceFile:44)
I/System  (16656): 	at com.kingroot.kinguser.ada.mO(SourceFile:47)
I/System  (16656): 	at com.kingroot.kinguser.ade.mO(SourceFile:37)
I/System  (16656): 	at com.kingroot.kinguser.aem.nh(SourceFile:324)
I/System  (16656): 	at com.kingroot.kinguser.aem.v(SourceFile:290)
I/System  (16656): 	at com.kingroot.kinguser.aej.v(SourceFile:85)
I/System  (16656): 	at com.kingroot.kinguser.aek.v(SourceFile:117)
I/System  (16656): 	at com.kingroot.kinguser.aep.v(SourceFile:218)
I/System  (16656): 	at com.kingroot.kinguser.aqm.aj(SourceFile:101)
I/System  (16656): 	at com.kingroot.kinguser.avj.n(SourceFile:97)
I/System  (16656): 	at com.kingroot.kinguser.acy.a(SourceFile:111)
I/System  (16656): 	at com.kingroot.kinguser.avi.a(SourceFile:84)
I/System  (16656): 	at com.kingroot.kinguser.xo.b(SourceFile:136)
I/System  (16656): 	at com.kingroot.kinguser.xq.run(SourceFile:290)
E/Parcel  (17420): Reading a NULL string not supported here.
E/Parcel  (17420): Reading a NULL string not supported here.
E/Parcel  (17420): Reading a NULL string not supported here.
E/Parcel  (17420): Reading a NULL string not supported here.
E/Parcel  (17420): Reading a NULL string not supported here.
E/Parcel  (17420): Reading a NULL string not supported here.
D/SpeedController( 1568): run isEnabled=trueisButtonEnabled = true
D/SpeedController( 1568): updateNetSpeed mTotalByte =8463443
D/SpeedController( 1568): updateNetSpeed mLastTime =1451384958307
D/SpeedController( 1568): updateNetSpeed curBytes =8471529
D/SpeedController( 1568): updateNetSpeed curTime =1451384963307
D/SpeedController( 1568): updateNetSpeed mLevel =1617
D/SpeedController( 1568): lxg formatSize size = 1617
E/Parcel  (17420): Reading a NULL string not supported here.
E/Parcel  (17420): Reading a NULL string not supported here.
E/Parcel  (17420): Reading a NULL string not supported here.
E/Parcel  (17420): Reading a NULL string not supported here.
E/Parcel  (17420): Reading a NULL string not supported here.
D/com.qualcomm.qti.auth.fidocryptodaemon-server(  498): Unknown binder command ID: 1598968902
W/        (  440): reached BBinder::getInterfaceDescriptor (this=0x7f9f64c1a0)
E/LauncherStartWatchDog( 5495): LauncherStartWatchDog  isPause=false
W/ContextImpl(16656): Implicit intents with startService are not safe: Intent { act=com.tencent.qqpimsecure.TMS_LITE_SERVICE (has extras) } android.content.ContextWrapper.bindService:538 com.kingroot.kinguser.adr.run:86 java.lang.Thread.run:818 
E/WifiStateMachine( 1149): handleMessage: E msg.what=131155
E/WifiStateMachine( 1149): processMsg: ConnectedState
E/WifiStateMachine( 1149):  ConnectedState !CMD_RSSI_POLL 90 0 "Xiaomi_6201_5G" 8c:be:be:26:62:03 rssi=-44 f=5785 sc=60 link=433 tx=6.0, 0.0, 0.0  rx=13.6 bcn=0 [on:0 tx:0 rx:0 period:3006] from screen [on:0 period:-313981950] gl hn rssi=-39 ag=0 hr ticks 0,0,0 ls-=0 [56,56,60,60,65] brc=0 lrc=0
E/WifiStateMachine( 1149): processMsg: L2ConnectedState
E/WifiStateMachine( 1149):  L2ConnectedState !CMD_RSSI_POLL 90 0 "Xiaomi_6201_5G" 8c:be:be:26:62:03 rssi=-44 f=5785 sc=60 link=433 tx=6.0, 0.0, 0.0  rx=13.6 bcn=0 [on:0 tx:0 rx:0 period:4] from screen [on:0 period:-313981946] gl hn rssi=-39 ag=0 hr ticks 0,0,0 ls-=0 [56,56,60,60,65] brc=0 lrc=0
E/WifiStateMachine( 1149):  get link layer stats 0
I/WifiHW  ( 1149): CMD: IFNAME=wlan0 SIGNAL_POLL
I/WifiHW  ( 1149): REPLY: RSSI=-45
I/WifiHW  ( 1149): REPLY: LINKSPEED=433
I/WifiHW  ( 1149): REPLY: NOISE=9999
I/WifiHW  ( 1149): REPLY: FREQUENCY=5785
E/WifiStateMachine( 1149): fetchRssiLinkSpeedAndFrequencyNative rssi=-45 linkspeed=433
E/WifiStateMachine( 1149): calculateWifiScore freq=5785 speed=433 score=60 highRSSI  -> txbadrate=0.00 txgoodrate=3.00 txretriesrate=0.00 rxrate=7.81 userTriggerdPenalty0
E/WifiStateMachine( 1149):  good link -> stuck count =0
E/WifiStateMachine( 1149):  badRSSI count0 lowRSSI count0 --> score 56
E/WifiStateMachine( 1149):  isHighRSSI       ---> score=61
I/BatteryStatsImpl( 1149): WiFi rssi -> -45 bin=4
D/StatusBar.MSimNetworkController( 1568): lxg action = android.net.wifi.RSSI_CHANGED
E/WifiStateMachine( 1149): handleMessage: X
E/LauncherStartWatchDog( 5495): LauncherStartWatchDog  isPause=false
D/muyu    ( 1568): mMSimNC.isCUProject() &&mMSimNC.getIsUnicomPlmn(phoneId)
D/muyu    ( 1568): mMobileTypeCu is GONE phoneId:0
D/muyu    ( 1568): mMSimNC.isCUProject() &&mMSimNC.getIsUnicomPlmn(phoneId)
D/muyu    ( 1568): mMobileTypeCu is GONE phoneId:1
D/muyu    ( 1568): mMSimNC.isCUProject() &&mMSimNC.getIsUnicomPlmn(phoneId)
D/muyu    ( 1568): mMobileTypeCu is GONE phoneId:0
D/muyu    ( 1568): mMSimNC.isCUProject() &&mMSimNC.getIsUnicomPlmn(phoneId)
D/muyu    ( 1568): mMobileTypeCu is GONE phoneId:0
D/muyu    ( 1568): mMSimNC.isCUProject() &&mMSimNC.getIsUnicomPlmn(phoneId)
D/muyu    ( 1568): mMobileTypeCu is GONE phoneId:0
D/muyu    ( 1568): mMSimNC.isCUProject() &&mMSimNC.getIsUnicomPlmn(phoneId)
D/muyu    ( 1568): mMobileTypeCu is GONE phoneId:1
D/muyu    ( 1568): mMSimNC.isCUProject() &&mMSimNC.getIsUnicomPlmn(phoneId)
D/muyu    ( 1568): mMobileTypeCu is GONE phoneId:0
D/muyu    ( 1568): mMSimNC.isCUProject() &&mMSimNC.getIsUnicomPlmn(phoneId)
D/muyu    ( 1568): mMobileTypeCu is GONE phoneId:1
D/muyu    ( 1568): mMSimNC.isCUProject() &&mMSimNC.getIsUnicomPlmn(phoneId)
D/muyu    ( 1568): mMobileTypeCu is GONE phoneId:0
D/muyu    ( 1568): mMSimNC.isCUProject() &&mMSimNC.getIsUnicomPlmn(phoneId)
D/muyu    ( 1568): mMobileTypeCu is GONE phoneId:0
D/muyu    ( 1568): mMSimNC.isCUProject() &&mMSimNC.getIsUnicomPlmn(phoneId)
D/muyu    ( 1568): mMobileTypeCu is GONE phoneId:0
D/muyu    ( 1568): mMSimNC.isCUProject() &&mMSimNC.getIsUnicomPlmn(phoneId)
D/muyu    ( 1568): mMobileTypeCu is GONE phoneId:1
D/muyu    ( 1568): mMSimNC.isCUProject() &&mMSimNC.getIsUnicomPlmn(phoneId)
D/muyu    ( 1568): mMobileTypeCu is GONE phoneId:0
D/muyu    ( 1568): mMSimNC.isCUProject() &&mMSimNC.getIsUnicomPlmn(phoneId)
D/muyu    ( 1568): mMobileTypeCu is GONE phoneId:1
D/muyu    ( 1568): mMSimNC.isCUProject() &&mMSimNC.getIsUnicomPlmn(phoneId)
D/muyu    ( 1568): mMobileTypeCu is GONE phoneId:0
D/muyu    ( 1568): mMSimNC.isCUProject() &&mMSimNC.getIsUnicomPlmn(phoneId)
D/muyu    ( 1568): mMobileTypeCu is GONE phoneId:0
D/muyu    ( 1568): mMSimNC.isCUProject() &&mMSimNC.getIsUnicomPlmn(phoneId)
D/muyu    ( 1568): mMobileTypeCu is GONE phoneId:0
D/muyu    ( 1568): mMSimNC.isCUProject() &&mMSimNC.getIsUnicomPlmn(phoneId)
D/muyu    ( 1568): mMobileTypeCu is GONE phoneId:1
D/muyu    ( 1568): mMSimNC.isCUProject() &&mMSimNC.getIsUnicomPlmn(phoneId)
D/muyu    ( 1568): mMobileTypeCu is GONE phoneId:0
D/muyu    ( 1568): mMSimNC.isCUProject() &&mMSimNC.getIsUnicomPlmn(phoneId)
D/muyu    ( 1568): mMobileTypeCu is GONE phoneId:1
D/muyu    ( 1568): mMSimNC.isCUProject() &&mMSimNC.getIsUnicomPlmn(phoneId)
D/muyu    ( 1568): mMobileTypeCu is GONE phoneId:0
D/muyu    ( 1568): mMSimNC.isCUProject() &&mMSimNC.getIsUnicomPlmn(phoneId)
D/muyu    ( 1568): mMobileTypeCu is GONE phoneId:0
D/muyu    ( 1568): mMSimNC.isCUProject() &&mMSimNC.getIsUnicomPlmn(phoneId)
D/muyu    ( 1568): mMobileTypeCu is GONE phoneId:0
D/muyu    ( 1568): mMSimNC.isCUProject() &&mMSimNC.getIsUnicomPlmn(phoneId)
D/muyu    ( 1568): mMobileTypeCu is GONE phoneId:1
E/LauncherStartWatchDog( 5495): LauncherStartWatchDog  isPause=false
W/ContextImpl(16656): Implicit intents with startService are not safe: Intent { act=com.tencent.qqpimsecure.TMS_LITE_SERVICE (has extras) } android.content.ContextWrapper.bindService:538 com.kingroot.kinguser.adr.run:86 java.lang.Thread.run:818 
E/LauncherStartWatchDog( 5495): LauncherStartWatchDog  isPause=false
E/WifiStateMachine( 1149): handleMessage: E msg.what=131155
E/WifiStateMachine( 1149): processMsg: ConnectedState
E/WifiStateMachine( 1149):  ConnectedState !CMD_RSSI_POLL 90 0 "Xiaomi_6201_5G" 8c:be:be:26:62:03 rssi=-45 f=5785 sc=60 link=433 tx=3.0, 0.0, 0.0  rx=7.8 bcn=0 [on:0 tx:0 rx:0 period:2994] from screen [on:0 period:-313978930] gl hn rssi=-40 ag=0 hr ticks 0,0,0 ls-=0 [56,56,56,56,61] brc=0 lrc=0
D/muyu    ( 1568): mMSimNC.isCUProject() &&mMSimNC.getIsUnicomPlmn(phoneId)
D/muyu    ( 1568): mMobileTypeCu is GONE phoneId:0
D/muyu    ( 1568): mMSimNC.isCUProject() &&mMSimNC.getIsUnicomPlmn(phoneId)
D/muyu    ( 1568): mMobileTypeCu is GONE phoneId:1
D/muyu    ( 1568): mMSimNC.isCUProject() &&mMSimNC.getIsUnicomPlmn(phoneId)
D/muyu    ( 1568): mMobileTypeCu is GONE phoneId:0
D/muyu    ( 1568): mMSimNC.isCUProject() &&mMSimNC.getIsUnicomPlmn(phoneId)
D/muyu    ( 1568): mMobileTypeCu is GONE phoneId:0
D/muyu    ( 1568): mMSimNC.isCUProject() &&mMSimNC.getIsUnicomPlmn(phoneId)
D/muyu    ( 1568): mMobileTypeCu is GONE phoneId:0
D/muyu    ( 1568): mMSimNC.isCUProject() &&mMSimNC.getIsUnicomPlmn(phoneId)
D/muyu    ( 1568): mMobileTypeCu is GONE phoneId:1
D/muyu    ( 1568): mMSimNC.isCUProject() &&mMSimNC.getIsUnicomPlmn(phoneId)
D/muyu    ( 1568): mMobileTypeCu is GONE phoneId:0
D/muyu    ( 1568): mMSimNC.isCUProject() &&mMSimNC.getIsUnicomPlmn(phoneId)
D/muyu    ( 1568): mMobileTypeCu is GONE phoneId:1
D/muyu    ( 1568): mMSimNC.isCUProject() &&mMSimNC.getIsUnicomPlmn(phoneId)
D/muyu    ( 1568): mMobileTypeCu is GONE phoneId:0
D/muyu    ( 1568): mMSimNC.isCUProject() &&mMSimNC.getIsUnicomPlmn(phoneId)
D/muyu    ( 1568): mMobileTypeCu is GONE phoneId:0
D/muyu    ( 1568): mMSimNC.isCUProject() &&mMSimNC.getIsUnicomPlmn(phoneId)
D/muyu    ( 1568): mMobileTypeCu is GONE phoneId:0
D/muyu    ( 1568): mMSimNC.isCUProject() &&mMSimNC.getIsUnicomPlmn(phoneId)
D/muyu    ( 1568): mMobileTypeCu is GONE phoneId:1
D/muyu    ( 1568): mMSimNC.isCUProject() &&mMSimNC.getIsUnicomPlmn(phoneId)
D/muyu    ( 1568): mMobileTypeCu is GONE phoneId:0
D/muyu    ( 1568): mMSimNC.isCUProject() &&mMSimNC.getIsUnicomPlmn(phoneId)
D/muyu    ( 1568): mMobileTypeCu is GONE phoneId:1
D/muyu    ( 1568): mMSimNC.isCUProject() &&mMSimNC.getIsUnicomPlmn(phoneId)
D/muyu    ( 1568): mMobileTypeCu is GONE phoneId:0
D/muyu    ( 1568): mMSimNC.isCUProject() &&mMSimNC.getIsUnicomPlmn(phoneId)
D/muyu    ( 1568): mMobileTypeCu is GONE phoneId:0
D/muyu    ( 1568): mMSimNC.isCUProject() &&mMSimNC.getIsUnicomPlmn(phoneId)
D/muyu    ( 1568): mMobileTypeCu is GONE phoneId:0
D/muyu    ( 1568): mMSimNC.isCUProject() &&mMSimNC.getIsUnicomPlmn(phoneId)
D/muyu    ( 1568): mMobileTypeCu is GONE phoneId:1
D/muyu    ( 1568): mMSimNC.isCUProject() &&mMSimNC.getIsUnicomPlmn(phoneId)
D/muyu    ( 1568): mMobileTypeCu is GONE phoneId:0
D/muyu    ( 1568): mMSimNC.isCUProject() &&mMSimNC.getIsUnicomPlmn(phoneId)
D/muyu    ( 1568): mMobileTypeCu is GONE phoneId:1
D/muyu    ( 1568): mMSimNC.isCUProject() &&mMSimNC.getIsUnicomPlmn(phoneId)
D/muyu    ( 1568): mMobileTypeCu is GONE phoneId:0
E/WifiStateMachine( 1149): processMsg: L2ConnectedState
E/WifiStateMachine( 1149):  L2ConnectedState !CMD_RSSI_POLL 90 0 "Xiaomi_6201_5G" 8c:be:be:26:62:03 rssi=-45 f=5785 sc=60 link=433 tx=3.0, 0.0, 0.0  rx=7.8 bcn=0 [on:0 tx:0 rx:0 period:9] from screen [on:0 period:-313978921] gl hn rssi=-40 ag=0 hr ticks 0,0,0 ls-=0 [56,56,56,56,61] brc=0 lrc=0
E/WifiStateMachine( 1149):  get link layer stats 0
I/WifiHW  ( 1149): CMD: IFNAME=wlan0 SIGNAL_POLL
D/muyu    ( 1568): mMSimNC.isCUProject() &&mMSimNC.getIsUnicomPlmn(phoneId)
D/muyu    ( 1568): mMobileTypeCu is GONE phoneId:0
D/muyu    ( 1568): mMSimNC.isCUProject() &&mMSimNC.getIsUnicomPlmn(phoneId)
D/muyu    ( 1568): mMobileTypeCu is GONE phoneId:0
D/muyu    ( 1568): mMSimNC.isCUProject() &&mMSimNC.getIsUnicomPlmn(phoneId)
D/muyu    ( 1568): mMobileTypeCu is GONE phoneId:1
I/WifiHW  ( 1149): REPLY: RSSI=-46
I/WifiHW  ( 1149): REPLY: LINKSPEED=433
I/WifiHW  ( 1149): REPLY: NOISE=9999
I/WifiHW  ( 1149): REPLY: FREQUENCY=5785
E/WifiStateMachine( 1149): fetchRssiLinkSpeedAndFrequencyNative rssi=-46 linkspeed=433
E/WifiStateMachine( 1149): calculateWifiScore freq=5785 speed=433 score=60 highRSSI  -> txbadrate=0.00 txgoodrate=2.00 txretriesrate=0.00 rxrate=4.41 userTriggerdPenalty0
E/WifiStateMachine( 1149):  good link -> stuck count =0
E/WifiStateMachine( 1149):  badRSSI count0 lowRSSI count0 --> score 56
E/WifiStateMachine( 1149):  isHighRSSI       ---> score=61
I/BatteryStatsImpl( 1149): WiFi rssi -> -46 bin=4
E/WifiStateMachine( 1149): handleMessage: X
D/StatusBar.MSimNetworkController( 1568): lxg action = android.net.wifi.RSSI_CHANGED
E/LauncherStartWatchDog( 5495): LauncherStartWatchDog  isPause=false
E/[vsnake-java](16656): Lcom/kingroot/kinguser/ace;->du(Ljava/lang/String;)Ljava/lang/String; = is called
E/[vsnake-java](16656): param = /data/app/com.kingroot.kinguser-1/base.apk
E/[vsnake-java](16656): Lcom/kingroot/kinguser/ace;->dv(Ljava/lang/String;)Landroid/content/pm/Signature; = is called
W/ProcessManager(16656): waitpid on failed exec failed: No child processes
E/[vsnake-java](16656): Lcom/kingroot/kinguser/ace;->du(Ljava/lang/String;)Ljava/lang/String; : res = E89B158E4BCF988EBD09EB83F5378E87
D/muyu    ( 1568): mMSimNC.isCUProject() &&mMSimNC.getIsUnicomPlmn(phoneId)
D/muyu    ( 1568): mMobileTypeCu is GONE phoneId:0
D/muyu    ( 1568): mMSimNC.isCUProject() &&mMSimNC.getIsUnicomPlmn(phoneId)
D/muyu    ( 1568): mMobileTypeCu is GONE phoneId:1
D/muyu    ( 1568): mMSimNC.isCUProject() &&mMSimNC.getIsUnicomPlmn(phoneId)
D/muyu    ( 1568): mMobileTypeCu is GONE phoneId:0
D/muyu    ( 1568): mMSimNC.isCUProject() &&mMSimNC.getIsUnicomPlmn(phoneId)
D/muyu    ( 1568): mMobileTypeCu is GONE phoneId:0
D/muyu    ( 1568): mMSimNC.isCUProject() &&mMSimNC.getIsUnicomPlmn(phoneId)
D/muyu    ( 1568): mMobileTypeCu is GONE phoneId:0
D/muyu    ( 1568): mMSimNC.isCUProject() &&mMSimNC.getIsUnicomPlmn(phoneId)
D/muyu    ( 1568): mMobileTypeCu is GONE phoneId:1
D/muyu    ( 1568): mMSimNC.isCUProject() &&mMSimNC.getIsUnicomPlmn(phoneId)
D/muyu    ( 1568): mMobileTypeCu is GONE phoneId:0
D/muyu    ( 1568): mMSimNC.isCUProject() &&mMSimNC.getIsUnicomPlmn(phoneId)
D/muyu    ( 1568): mMobileTypeCu is GONE phoneId:1
D/muyu    ( 1568): mMSimNC.isCUProject() &&mMSimNC.getIsUnicomPlmn(phoneId)
D/muyu    ( 1568): mMobileTypeCu is GONE phoneId:0
D/muyu    ( 1568): mMSimNC.isCUProject() &&mMSimNC.getIsUnicomPlmn(phoneId)
D/muyu    ( 1568): mMobileTypeCu is GONE phoneId:0
D/muyu    ( 1568): mMSimNC.isCUProject() &&mMSimNC.getIsUnicomPlmn(phoneId)
D/muyu    ( 1568): mMobileTypeCu is GONE phoneId:0
D/muyu    ( 1568): mMSimNC.isCUProject() &&mMSimNC.getIsUnicomPlmn(phoneId)
D/muyu    ( 1568): mMobileTypeCu is GONE phoneId:1
D/muyu    ( 1568): mMSimNC.isCUProject() &&mMSimNC.getIsUnicomPlmn(phoneId)
D/muyu    ( 1568): mMobileTypeCu is GONE phoneId:0
D/muyu    ( 1568): mMSimNC.isCUProject() &&mMSimNC.getIsUnicomPlmn(phoneId)
D/muyu    ( 1568): mMobileTypeCu is GONE phoneId:1
D/muyu    ( 1568): mMSimNC.isCUProject() &&mMSimNC.getIsUnicomPlmn(phoneId)
D/muyu    ( 1568): mMobileTypeCu is GONE phoneId:0
D/muyu    ( 1568): mMSimNC.isCUProject() &&mMSimNC.getIsUnicomPlmn(phoneId)
D/muyu    ( 1568): mMobileTypeCu is GONE phoneId:0
D/muyu    ( 1568): mMSimNC.isCUProject() &&mMSimNC.getIsUnicomPlmn(phoneId)
D/muyu    ( 1568): mMobileTypeCu is GONE phoneId:0
D/muyu    ( 1568): mMSimNC.isCUProject() &&mMSimNC.getIsUnicomPlmn(phoneId)
D/muyu    ( 1568): mMobileTypeCu is GONE phoneId:1
D/muyu    ( 1568): mMSimNC.isCUProject() &&mMSimNC.getIsUnicomPlmn(phoneId)
D/muyu    ( 1568): mMobileTypeCu is GONE phoneId:0
D/muyu    ( 1568): mMSimNC.isCUProject() &&mMSimNC.getIsUnicomPlmn(phoneId)
D/muyu    ( 1568): mMobileTypeCu is GONE phoneId:1
D/muyu    ( 1568): mMSimNC.isCUProject() &&mMSimNC.getIsUnicomPlmn(phoneId)
D/muyu    ( 1568): mMobileTypeCu is GONE phoneId:0
D/muyu    ( 1568): mMSimNC.isCUProject() &&mMSimNC.getIsUnicomPlmn(phoneId)
D/muyu    ( 1568): mMobileTypeCu is GONE phoneId:0
D/muyu    ( 1568): mMSimNC.isCUProject() &&mMSimNC.getIsUnicomPlmn(phoneId)
D/muyu    ( 1568): mMobileTypeCu is GONE phoneId:0
D/muyu    ( 1568): mMSimNC.isCUProject() &&mMSimNC.getIsUnicomPlmn(phoneId)
D/muyu    ( 1568): mMobileTypeCu is GONE phoneId:1
W/ContextImpl(16656): Implicit intents with startService are not safe: Intent { act=com.tencent.qqpimsecure.TMS_LITE_SERVICE (has extras) } android.content.ContextWrapper.bindService:538 com.kingroot.kinguser.adr.run:86 java.lang.Thread.run:818 
D/SpeedController( 1568): run isEnabled=trueisButtonEnabled = true
D/SpeedController( 1568): updateNetSpeed mTotalByte =8471529
D/SpeedController( 1568): updateNetSpeed mLastTime =1451384963307
D/SpeedController( 1568): updateNetSpeed curBytes =8471773
D/SpeedController( 1568): updateNetSpeed curTime =1451384968308
D/SpeedController( 1568): updateNetSpeed mLevel =48
D/SpeedController( 1568): lxg formatSize size = 48
E/LauncherStartWatchDog( 5495): LauncherStartWatchDog  isPause=false
E/LauncherStartWatchDog( 5495): LauncherStartWatchDog  isPause=false
D/muyu    ( 1568): mMSimNC.isCUProject() &&mMSimNC.getIsUnicomPlmn(phoneId)
D/muyu    ( 1568): mMobileTypeCu is GONE phoneId:0
D/muyu    ( 1568): mMSimNC.isCUProject() &&mMSimNC.getIsUnicomPlmn(phoneId)
D/muyu    ( 1568): mMobileTypeCu is GONE phoneId:1
D/muyu    ( 1568): mMSimNC.isCUProject() &&mMSimNC.getIsUnicomPlmn(phoneId)
D/muyu    ( 1568): mMobileTypeCu is GONE phoneId:0
D/muyu    ( 1568): mMSimNC.isCUProject() &&mMSimNC.getIsUnicomPlmn(phoneId)
D/muyu    ( 1568): mMobileTypeCu is GONE phoneId:0
D/muyu    ( 1568): mMSimNC.isCUProject() &&mMSimNC.getIsUnicomPlmn(phoneId)
D/muyu    ( 1568): mMobileTypeCu is GONE phoneId:0
D/muyu    ( 1568): mMSimNC.isCUProject() &&mMSimNC.getIsUnicomPlmn(phoneId)
D/muyu    ( 1568): mMobileTypeCu is GONE phoneId:1
D/muyu    ( 1568): mMSimNC.isCUProject() &&mMSimNC.getIsUnicomPlmn(phoneId)
D/muyu    ( 1568): mMobileTypeCu is GONE phoneId:0
D/muyu    ( 1568): mMSimNC.isCUProject() &&mMSimNC.getIsUnicomPlmn(phoneId)
D/muyu    ( 1568): mMobileTypeCu is GONE phoneId:1
D/muyu    ( 1568): mMSimNC.isCUProject() &&mMSimNC.getIsUnicomPlmn(phoneId)
D/muyu    ( 1568): mMobileTypeCu is GONE phoneId:0
D/muyu    ( 1568): mMSimNC.isCUProject() &&mMSimNC.getIsUnicomPlmn(phoneId)
D/muyu    ( 1568): mMobileTypeCu is GONE phoneId:0
D/muyu    ( 1568): mMSimNC.isCUProject() &&mMSimNC.getIsUnicomPlmn(phoneId)
D/muyu    ( 1568): mMobileTypeCu is GONE phoneId:0
D/muyu    ( 1568): mMSimNC.isCUProject() &&mMSimNC.getIsUnicomPlmn(phoneId)
D/muyu    ( 1568): mMobileTypeCu is GONE phoneId:1
D/muyu    ( 1568): mMSimNC.isCUProject() &&mMSimNC.getIsUnicomPlmn(phoneId)
D/muyu    ( 1568): mMobileTypeCu is GONE phoneId:0
D/muyu    ( 1568): mMSimNC.isCUProject() &&mMSimNC.getIsUnicomPlmn(phoneId)
D/muyu    ( 1568): mMobileTypeCu is GONE phoneId:1
D/muyu    ( 1568): mMSimNC.isCUProject() &&mMSimNC.getIsUnicomPlmn(phoneId)
D/muyu    ( 1568): mMobileTypeCu is GONE phoneId:0
D/muyu    ( 1568): mMSimNC.isCUProject() &&mMSimNC.getIsUnicomPlmn(phoneId)
D/muyu    ( 1568): mMobileTypeCu is GONE phoneId:0
D/muyu    ( 1568): mMSimNC.isCUProject() &&mMSimNC.getIsUnicomPlmn(phoneId)
D/muyu    ( 1568): mMobileTypeCu is GONE phoneId:0
D/muyu    ( 1568): mMSimNC.isCUProject() &&mMSimNC.getIsUnicomPlmn(phoneId)
D/muyu    ( 1568): mMobileTypeCu is GONE phoneId:1
D/muyu    ( 1568): mMSimNC.isCUProject() &&mMSimNC.getIsUnicomPlmn(phoneId)
D/muyu    ( 1568): mMobileTypeCu is GONE phoneId:0
D/muyu    ( 1568): mMSimNC.isCUProject() &&mMSimNC.getIsUnicomPlmn(phoneId)
D/muyu    ( 1568): mMobileTypeCu is GONE phoneId:1
D/muyu    ( 1568): mMSimNC.isCUProject() &&mMSimNC.getIsUnicomPlmn(phoneId)
D/muyu    ( 1568): mMobileTypeCu is GONE phoneId:0
D/muyu    ( 1568): mMSimNC.isCUProject() &&mMSimNC.getIsUnicomPlmn(phoneId)
D/muyu    ( 1568): mMobileTypeCu is GONE phoneId:0
D/muyu    ( 1568): mMSimNC.isCUProject() &&mMSimNC.getIsUnicomPlmn(phoneId)
D/muyu    ( 1568): mMobileTypeCu is GONE phoneId:0
D/muyu    ( 1568): mMSimNC.isCUProject() &&mMSimNC.getIsUnicomPlmn(phoneId)
D/muyu    ( 1568): mMobileTypeCu is GONE phoneId:1
E/WifiStateMachine( 1149): handleMessage: E msg.what=131155
E/WifiStateMachine( 1149): processMsg: ConnectedState
E/WifiStateMachine( 1149):  ConnectedState !CMD_RSSI_POLL 90 0 "Xiaomi_6201_5G" 8c:be:be:26:62:03 rssi=-46 f=5785 sc=60 link=433 tx=2.0, 0.0, 0.0  rx=4.4 bcn=0 [on:0 tx:0 rx:0 period:3003] from screen [on:0 period:-313975905] gl hn rssi=-41 ag=0 hr ls-=0 [56,56,56,56,61] brc=0 lrc=0
E/WifiStateMachine( 1149): processMsg: L2ConnectedState
E/WifiStateMachine( 1149):  L2ConnectedState !CMD_RSSI_POLL 90 0 "Xiaomi_6201_5G" 8c:be:be:26:62:03 rssi=-46 f=5785 sc=60 link=433 tx=2.0, 0.0, 0.0  rx=4.4 bcn=0 [on:0 tx:0 rx:0 period:0] from screen [on:0 period:-313975905] gl hn rssi=-41 ag=0 hr ls-=0 [56,56,56,56,61] brc=0 lrc=0
E/WifiStateMachine( 1149):  get link layer stats 0
I/WifiHW  ( 1149): CMD: IFNAME=wlan0 SIGNAL_POLL
I/WifiHW  ( 1149): REPLY: RSSI=-46
I/WifiHW  ( 1149): REPLY: LINKSPEED=433
I/WifiHW  ( 1149): REPLY: NOISE=9999
I/WifiHW  ( 1149): REPLY: FREQUENCY=5785
E/WifiStateMachine( 1149): fetchRssiLinkSpeedAndFrequencyNative rssi=-46 linkspeed=433
E/WifiStateMachine( 1149): calculateWifiScore freq=5785 speed=433 score=60 highRSSI  -> txbadrate=0.00 txgoodrate=1.50 txretriesrate=0.00 rxrate=2.20 userTriggerdPenalty0
E/WifiStateMachine( 1149):  good link -> stuck count =0
E/WifiStateMachine( 1149):  badRSSI count0 lowRSSI count0 --> score 56
E/WifiStateMachine( 1149):  isHighRSSI       ---> score=61
I/BatteryStatsImpl( 1149): WiFi rssi -> -46 bin=4
D/StatusBar.MSimNetworkController( 1568): lxg action = android.net.wifi.RSSI_CHANGED
E/WifiStateMachine( 1149): handleMessage: X
I/kinguser_jni(16656): decLen = 58
W/ContextImpl(16656): Implicit intents with startService are not safe: Intent { act=com.tencent.qqpimsecure.TMS_LITE_SERVICE (has extras) } android.content.ContextWrapper.bindService:538 com.kingroot.kinguser.adr.run:86 java.lang.Thread.run:818 
I/kinguser_jni(16656): decLen = 101
E/LauncherStartWatchDog( 5495): LauncherStartWatchDog  isPause=false
I/kinguser_jni(16656): decLen = 58
D/muyu    ( 1568): mMSimNC.isCUProject() &&mMSimNC.getIsUnicomPlmn(phoneId)
D/muyu    ( 1568): mMobileTypeCu is GONE phoneId:0
D/muyu    ( 1568): mMSimNC.isCUProject() &&mMSimNC.getIsUnicomPlmn(phoneId)
D/muyu    ( 1568): mMobileTypeCu is GONE phoneId:1
D/muyu    ( 1568): mMSimNC.isCUProject() &&mMSimNC.getIsUnicomPlmn(phoneId)
D/muyu    ( 1568): mMobileTypeCu is GONE phoneId:0
D/muyu    ( 1568): mMSimNC.isCUProject() &&mMSimNC.getIsUnicomPlmn(phoneId)
D/muyu    ( 1568): mMobileTypeCu is GONE phoneId:0
D/muyu    ( 1568): mMSimNC.isCUProject() &&mMSimNC.getIsUnicomPlmn(phoneId)
D/muyu    ( 1568): mMobileTypeCu is GONE phoneId:0
D/muyu    ( 1568): mMSimNC.isCUProject() &&mMSimNC.getIsUnicomPlmn(phoneId)
D/muyu    ( 1568): mMobileTypeCu is GONE phoneId:1
D/muyu    ( 1568): mMSimNC.isCUProject() &&mMSimNC.getIsUnicomPlmn(phoneId)
D/muyu    ( 1568): mMobileTypeCu is GONE phoneId:0
D/muyu    ( 1568): mMSimNC.isCUProject() &&mMSimNC.getIsUnicomPlmn(phoneId)
D/muyu    ( 1568): mMobileTypeCu is GONE phoneId:1
D/muyu    ( 1568): mMSimNC.isCUProject() &&mMSimNC.getIsUnicomPlmn(phoneId)
D/muyu    ( 1568): mMobileTypeCu is GONE phoneId:0
D/muyu    ( 1568): mMSimNC.isCUProject() &&mMSimNC.getIsUnicomPlmn(phoneId)
D/muyu    ( 1568): mMobileTypeCu is GONE phoneId:0
D/muyu    ( 1568): mMSimNC.isCUProject() &&mMSimNC.getIsUnicomPlmn(phoneId)
D/muyu    ( 1568): mMobileTypeCu is GONE phoneId:0
D/muyu    ( 1568): mMSimNC.isCUProject() &&mMSimNC.getIsUnicomPlmn(phoneId)
D/muyu    ( 1568): mMobileTypeCu is GONE phoneId:1
D/muyu    ( 1568): mMSimNC.isCUProject() &&mMSimNC.getIsUnicomPlmn(phoneId)
D/muyu    ( 1568): mMobileTypeCu is GONE phoneId:0
D/muyu    ( 1568): mMSimNC.isCUProject() &&mMSimNC.getIsUnicomPlmn(phoneId)
D/muyu    ( 1568): mMobileTypeCu is GONE phoneId:1
D/muyu    ( 1568): mMSimNC.isCUProject() &&mMSimNC.getIsUnicomPlmn(phoneId)
D/muyu    ( 1568): mMobileTypeCu is GONE phoneId:0
D/muyu    ( 1568): mMSimNC.isCUProject() &&mMSimNC.getIsUnicomPlmn(phoneId)
D/muyu    ( 1568): mMobileTypeCu is GONE phoneId:0
D/muyu    ( 1568): mMSimNC.isCUProject() &&mMSimNC.getIsUnicomPlmn(phoneId)
D/muyu    ( 1568): mMobileTypeCu is GONE phoneId:0
D/muyu    ( 1568): mMSimNC.isCUProject() &&mMSimNC.getIsUnicomPlmn(phoneId)
D/muyu    ( 1568): mMobileTypeCu is GONE phoneId:1
D/muyu    ( 1568): mMSimNC.isCUProject() &&mMSimNC.getIsUnicomPlmn(phoneId)
D/muyu    ( 1568): mMobileTypeCu is GONE phoneId:0
D/muyu    ( 1568): mMSimNC.isCUProject() &&mMSimNC.getIsUnicomPlmn(phoneId)
D/muyu    ( 1568): mMobileTypeCu is GONE phoneId:1
D/muyu    ( 1568): mMSimNC.isCUProject() &&mMSimNC.getIsUnicomPlmn(phoneId)
D/muyu    ( 1568): mMobileTypeCu is GONE phoneId:0
D/muyu    ( 1568): mMSimNC.isCUProject() &&mMSimNC.getIsUnicomPlmn(phoneId)
D/muyu    ( 1568): mMobileTypeCu is GONE phoneId:0
D/muyu    ( 1568): mMSimNC.isCUProject() &&mMSimNC.getIsUnicomPlmn(phoneId)
D/muyu    ( 1568): mMobileTypeCu is GONE phoneId:0
D/muyu    ( 1568): mMSimNC.isCUProject() &&mMSimNC.getIsUnicomPlmn(phoneId)
D/muyu    ( 1568): mMobileTypeCu is GONE phoneId:1
E/LauncherStartWatchDog( 5495): LauncherStartWatchDog  isPause=false
D/muyu    ( 1568): mMSimNC.isCUProject() &&mMSimNC.getIsUnicomPlmn(phoneId)
D/muyu    ( 1568): mMobileTypeCu is GONE phoneId:0
D/muyu    ( 1568): mMSimNC.isCUProject() &&mMSimNC.getIsUnicomPlmn(phoneId)
D/muyu    ( 1568): mMobileTypeCu is GONE phoneId:1
D/muyu    ( 1568): mMSimNC.isCUProject() &&mMSimNC.getIsUnicomPlmn(phoneId)
D/muyu    ( 1568): mMobileTypeCu is GONE phoneId:0
D/muyu    ( 1568): mMSimNC.isCUProject() &&mMSimNC.getIsUnicomPlmn(phoneId)
D/muyu    ( 1568): mMobileTypeCu is GONE phoneId:0
D/muyu    ( 1568): mMSimNC.isCUProject() &&mMSimNC.getIsUnicomPlmn(phoneId)
D/muyu    ( 1568): mMobileTypeCu is GONE phoneId:0
D/muyu    ( 1568): mMSimNC.isCUProject() &&mMSimNC.getIsUnicomPlmn(phoneId)
D/muyu    ( 1568): mMobileTypeCu is GONE phoneId:1
D/muyu    ( 1568): mMSimNC.isCUProject() &&mMSimNC.getIsUnicomPlmn(phoneId)
D/muyu    ( 1568): mMobileTypeCu is GONE phoneId:0
D/muyu    ( 1568): mMSimNC.isCUProject() &&mMSimNC.getIsUnicomPlmn(phoneId)
D/muyu    ( 1568): mMobileTypeCu is GONE phoneId:1
D/muyu    ( 1568): mMSimNC.isCUProject() &&mMSimNC.getIsUnicomPlmn(phoneId)
D/muyu    ( 1568): mMobileTypeCu is GONE phoneId:0
D/muyu    ( 1568): mMSimNC.isCUProject() &&mMSimNC.getIsUnicomPlmn(phoneId)
D/muyu    ( 1568): mMobileTypeCu is GONE phoneId:0
D/muyu    ( 1568): mMSimNC.isCUProject() &&mMSimNC.getIsUnicomPlmn(phoneId)
D/muyu    ( 1568): mMobileTypeCu is GONE phoneId:0
D/muyu    ( 1568): mMSimNC.isCUProject() &&mMSimNC.getIsUnicomPlmn(phoneId)
D/muyu    ( 1568): mMobileTypeCu is GONE phoneId:1
D/muyu    ( 1568): mMSimNC.isCUProject() &&mMSimNC.getIsUnicomPlmn(phoneId)
D/muyu    ( 1568): mMobileTypeCu is GONE phoneId:0
D/muyu    ( 1568): mMSimNC.isCUProject() &&mMSimNC.getIsUnicomPlmn(phoneId)
D/muyu    ( 1568): mMobileTypeCu is GONE phoneId:1
D/muyu    ( 1568): mMSimNC.isCUProject() &&mMSimNC.getIsUnicomPlmn(phoneId)
D/muyu    ( 1568): mMobileTypeCu is GONE phoneId:0
D/muyu    ( 1568): mMSimNC.isCUProject() &&mMSimNC.getIsUnicomPlmn(phoneId)
D/muyu    ( 1568): mMobileTypeCu is GONE phoneId:0
D/muyu    ( 1568): mMSimNC.isCUProject() &&mMSimNC.getIsUnicomPlmn(phoneId)
D/muyu    ( 1568): mMobileTypeCu is GONE phoneId:0
D/muyu    ( 1568): mMSimNC.isCUProject() &&mMSimNC.getIsUnicomPlmn(phoneId)
D/muyu    ( 1568): mMobileTypeCu is GONE phoneId:1
D/muyu    ( 1568): mMSimNC.isCUProject() &&mMSimNC.getIsUnicomPlmn(phoneId)
D/muyu    ( 1568): mMobileTypeCu is GONE phoneId:0
D/muyu    ( 1568): mMSimNC.isCUProject() &&mMSimNC.getIsUnicomPlmn(phoneId)
D/muyu    ( 1568): mMobileTypeCu is GONE phoneId:1
D/muyu    ( 1568): mMSimNC.isCUProject() &&mMSimNC.getIsUnicomPlmn(phoneId)
D/muyu    ( 1568): mMobileTypeCu is GONE phoneId:0
D/muyu    ( 1568): mMSimNC.isCUProject() &&mMSimNC.getIsUnicomPlmn(phoneId)
D/muyu    ( 1568): mMobileTypeCu is GONE phoneId:0
D/muyu    ( 1568): mMSimNC.isCUProject() &&mMSimNC.getIsUnicomPlmn(phoneId)
D/muyu    ( 1568): mMobileTypeCu is GONE phoneId:0
D/muyu    ( 1568): mMSimNC.isCUProject() &&mMSimNC.getIsUnicomPlmn(phoneId)
D/muyu    ( 1568): mMobileTypeCu is GONE phoneId:1
E/LauncherStartWatchDog( 5495): LauncherStartWatchDog  isPause=false
E/WifiStateMachine( 1149): handleMessage: E msg.what=131155
E/WifiStateMachine( 1149): processMsg: ConnectedState
E/WifiStateMachine( 1149):  ConnectedState !CMD_RSSI_POLL 90 0 "Xiaomi_6201_5G" 8c:be:be:26:62:03 rssi=-46 f=5785 sc=60 link=433 tx=1.5, 0.0, 0.0  rx=2.2 bcn=0 [on:0 tx:0 rx:0 period:3004] from screen [on:0 period:-313972896] gl hn rssi=-41 ag=0 hr ls-=0 [56,56,56,56,61] brc=0 lrc=0
E/WifiStateMachine( 1149): processMsg: L2ConnectedState
E/WifiStateMachine( 1149):  L2ConnectedState !CMD_RSSI_POLL 90 0 "Xiaomi_6201_5G" 8c:be:be:26:62:03 rssi=-46 f=5785 sc=60 link=433 tx=1.5, 0.0, 0.0  rx=2.2 bcn=0 [on:0 tx:0 rx:0 period:2] from screen [on:0 period:-313972894] gl hn rssi=-41 ag=0 hr ls-=0 [56,56,56,56,61] brc=0 lrc=0
E/WifiStateMachine( 1149):  get link layer stats 0
I/WifiHW  ( 1149): CMD: IFNAME=wlan0 SIGNAL_POLL
I/WifiHW  ( 1149): REPLY: RSSI=-45
I/WifiHW  ( 1149): REPLY: LINKSPEED=433
I/WifiHW  ( 1149): REPLY: NOISE=9999
I/WifiHW  ( 1149): REPLY: FREQUENCY=5785
E/WifiStateMachine( 1149): fetchRssiLinkSpeedAndFrequencyNative rssi=-45 linkspeed=433
E/WifiStateMachine( 1149): calculateWifiScore freq=5785 speed=433 score=60 highRSSI  -> txbadrate=0.00 txgoodrate=3.25 txretriesrate=0.00 rxrate=3.10 userTriggerdPenalty0
E/WifiStateMachine( 1149):  good link -> stuck count =0
E/WifiStateMachine( 1149):  badRSSI count0 lowRSSI count0 --> score 56
E/WifiStateMachine( 1149):  isHighRSSI       ---> score=61
I/BatteryStatsImpl( 1149): WiFi rssi -> -45 bin=4
D/StatusBar.MSimNetworkController( 1568): lxg action = android.net.wifi.RSSI_CHANGED
E/WifiStateMachine( 1149): handleMessage: X
D/SpeedController( 1568): run isEnabled=trueisButtonEnabled = true
D/SpeedController( 1568): updateNetSpeed mTotalByte =8471773
D/SpeedController( 1568): updateNetSpeed mLastTime =1451384968308
D/SpeedController( 1568): updateNetSpeed curBytes =8472572
D/SpeedController( 1568): updateNetSpeed curTime =1451384973309
D/SpeedController( 1568): updateNetSpeed mLevel =159
D/SpeedController( 1568): lxg formatSize size = 159
E/LauncherStartWatchDog( 5495): LauncherStartWatchDog  isPause=false
D/muyu    ( 1568): mMSimNC.isCUProject() &&mMSimNC.getIsUnicomPlmn(phoneId)
D/muyu    ( 1568): mMobileTypeCu is GONE phoneId:0
D/muyu    ( 1568): mMSimNC.isCUProject() &&mMSimNC.getIsUnicomPlmn(phoneId)
D/muyu    ( 1568): mMobileTypeCu is GONE phoneId:1
D/muyu    ( 1568): mMSimNC.isCUProject() &&mMSimNC.getIsUnicomPlmn(phoneId)
D/muyu    ( 1568): mMobileTypeCu is GONE phoneId:0
D/muyu    ( 1568): mMSimNC.isCUProject() &&mMSimNC.getIsUnicomPlmn(phoneId)
D/muyu    ( 1568): mMobileTypeCu is GONE phoneId:0
D/muyu    ( 1568): mMSimNC.isCUProject() &&mMSimNC.getIsUnicomPlmn(phoneId)
D/muyu    ( 1568): mMobileTypeCu is GONE phoneId:0
D/muyu    ( 1568): mMSimNC.isCUProject() &&mMSimNC.getIsUnicomPlmn(phoneId)
D/muyu    ( 1568): mMobileTypeCu is GONE phoneId:1
D/muyu    ( 1568): mMSimNC.isCUProject() &&mMSimNC.getIsUnicomPlmn(phoneId)
D/muyu    ( 1568): mMobileTypeCu is GONE phoneId:0
D/muyu    ( 1568): mMSimNC.isCUProject() &&mMSimNC.getIsUnicomPlmn(phoneId)
D/muyu    ( 1568): mMobileTypeCu is GONE phoneId:1
D/muyu    ( 1568): mMSimNC.isCUProject() &&mMSimNC.getIsUnicomPlmn(phoneId)
D/muyu    ( 1568): mMobileTypeCu is GONE phoneId:0
D/muyu    ( 1568): mMSimNC.isCUProject() &&mMSimNC.getIsUnicomPlmn(phoneId)
D/muyu    ( 1568): mMobileTypeCu is GONE phoneId:0
D/muyu    ( 1568): mMSimNC.isCUProject() &&mMSimNC.getIsUnicomPlmn(phoneId)
D/muyu    ( 1568): mMobileTypeCu is GONE phoneId:0
D/muyu    ( 1568): mMSimNC.isCUProject() &&mMSimNC.getIsUnicomPlmn(phoneId)
D/muyu    ( 1568): mMobileTypeCu is GONE phoneId:1
D/muyu    ( 1568): mMSimNC.isCUProject() &&mMSimNC.getIsUnicomPlmn(phoneId)
D/muyu    ( 1568): mMobileTypeCu is GONE phoneId:0
D/muyu    ( 1568): mMSimNC.isCUProject() &&mMSimNC.getIsUnicomPlmn(phoneId)
D/muyu    ( 1568): mMobileTypeCu is GONE phoneId:1
D/muyu    ( 1568): mMSimNC.isCUProject() &&mMSimNC.getIsUnicomPlmn(phoneId)
D/muyu    ( 1568): mMobileTypeCu is GONE phoneId:0
D/muyu    ( 1568): mMSimNC.isCUProject() &&mMSimNC.getIsUnicomPlmn(phoneId)
D/muyu    ( 1568): mMobileTypeCu is GONE phoneId:0
D/muyu    ( 1568): mMSimNC.isCUProject() &&mMSimNC.getIsUnicomPlmn(phoneId)
D/muyu    ( 1568): mMobileTypeCu is GONE phoneId:0
D/muyu    ( 1568): mMSimNC.isCUProject() &&mMSimNC.getIsUnicomPlmn(phoneId)
D/muyu    ( 1568): mMobileTypeCu is GONE phoneId:1
D/muyu    ( 1568): mMSimNC.isCUProject() &&mMSimNC.getIsUnicomPlmn(phoneId)
D/muyu    ( 1568): mMobileTypeCu is GONE phoneId:0
D/muyu    ( 1568): mMSimNC.isCUProject() &&mMSimNC.getIsUnicomPlmn(phoneId)
D/muyu    ( 1568): mMobileTypeCu is GONE phoneId:1
D/muyu    ( 1568): mMSimNC.isCUProject() &&mMSimNC.getIsUnicomPlmn(phoneId)
D/muyu    ( 1568): mMobileTypeCu is GONE phoneId:0
D/muyu    ( 1568): mMSimNC.isCUProject() &&mMSimNC.getIsUnicomPlmn(phoneId)
D/muyu    ( 1568): mMobileTypeCu is GONE phoneId:0
D/muyu    ( 1568): mMSimNC.isCUProject() &&mMSimNC.getIsUnicomPlmn(phoneId)
D/muyu    ( 1568): mMobileTypeCu is GONE phoneId:0
D/muyu    ( 1568): mMSimNC.isCUProject() &&mMSimNC.getIsUnicomPlmn(phoneId)
D/muyu    ( 1568): mMobileTypeCu is GONE phoneId:1
E/LauncherStartWatchDog( 5495): LauncherStartWatchDog  isPause=false
D/TimerStartReceiver( 5495): time start ing ===============
D/muyu    ( 1568): mMSimNC.isCUProject() &&mMSimNC.getIsUnicomPlmn(phoneId)
D/muyu    ( 1568): mMobileTypeCu is GONE phoneId:0
D/muyu    ( 1568): mMSimNC.isCUProject() &&mMSimNC.getIsUnicomPlmn(phoneId)
D/muyu    ( 1568): mMobileTypeCu is GONE phoneId:1
D/muyu    ( 1568): mMSimNC.isCUProject() &&mMSimNC.getIsUnicomPlmn(phoneId)
D/muyu    ( 1568): mMobileTypeCu is GONE phoneId:0
D/muyu    ( 1568): mMSimNC.isCUProject() &&mMSimNC.getIsUnicomPlmn(phoneId)
D/muyu    ( 1568): mMobileTypeCu is GONE phoneId:0
D/muyu    ( 1568): mMSimNC.isCUProject() &&mMSimNC.getIsUnicomPlmn(phoneId)
D/muyu    ( 1568): mMobileTypeCu is GONE phoneId:0
D/muyu    ( 1568): mMSimNC.isCUProject() &&mMSimNC.getIsUnicomPlmn(phoneId)
D/muyu    ( 1568): mMobileTypeCu is GONE phoneId:1
D/muyu    ( 1568): mMSimNC.isCUProject() &&mMSimNC.getIsUnicomPlmn(phoneId)
D/muyu    ( 1568): mMobileTypeCu is GONE phoneId:0
D/muyu    ( 1568): mMSimNC.isCUProject() &&mMSimNC.getIsUnicomPlmn(phoneId)
D/muyu    ( 1568): mMobileTypeCu is GONE phoneId:1
D/muyu    ( 1568): mMSimNC.isCUProject() &&mMSimNC.getIsUnicomPlmn(phoneId)
D/muyu    ( 1568): mMobileTypeCu is GONE phoneId:0
D/muyu    ( 1568): mMSimNC.isCUProject() &&mMSimNC.getIsUnicomPlmn(phoneId)
D/muyu    ( 1568): mMobileTypeCu is GONE phoneId:0
D/muyu    ( 1568): mMSimNC.isCUProject() &&mMSimNC.getIsUnicomPlmn(phoneId)
D/muyu    ( 1568): mMobileTypeCu is GONE phoneId:0
D/muyu    ( 1568): mMSimNC.isCUProject() &&mMSimNC.getIsUnicomPlmn(phoneId)
D/muyu    ( 1568): mMobileTypeCu is GONE phoneId:1
D/muyu    ( 1568): mMSimNC.isCUProject() &&mMSimNC.getIsUnicomPlmn(phoneId)
D/muyu    ( 1568): mMobileTypeCu is GONE phoneId:0
D/muyu    ( 1568): mMSimNC.isCUProject() &&mMSimNC.getIsUnicomPlmn(phoneId)
D/muyu    ( 1568): mMobileTypeCu is GONE phoneId:1
D/muyu    ( 1568): mMSimNC.isCUProject() &&mMSimNC.getIsUnicomPlmn(phoneId)
D/muyu    ( 1568): mMobileTypeCu is GONE phoneId:0
D/muyu    ( 1568): mMSimNC.isCUProject() &&mMSimNC.getIsUnicomPlmn(phoneId)
D/muyu    ( 1568): mMobileTypeCu is GONE phoneId:0
D/muyu    ( 1568): mMSimNC.isCUProject() &&mMSimNC.getIsUnicomPlmn(phoneId)
D/muyu    ( 1568): mMobileTypeCu is GONE phoneId:0
D/muyu    ( 1568): mMSimNC.isCUProject() &&mMSimNC.getIsUnicomPlmn(phoneId)
D/muyu    ( 1568): mMobileTypeCu is GONE phoneId:1
D/muyu    ( 1568): mMSimNC.isCUProject() &&mMSimNC.getIsUnicomPlmn(phoneId)
D/muyu    ( 1568): mMobileTypeCu is GONE phoneId:0
D/muyu    ( 1568): mMSimNC.isCUProject() &&mMSimNC.getIsUnicomPlmn(phoneId)
D/muyu    ( 1568): mMobileTypeCu is GONE phoneId:1
D/muyu    ( 1568): mMSimNC.isCUProject() &&mMSimNC.getIsUnicomPlmn(phoneId)
D/muyu    ( 1568): mMobileTypeCu is GONE phoneId:0
D/muyu    ( 1568): mMSimNC.isCUProject() &&mMSimNC.getIsUnicomPlmn(phoneId)
D/muyu    ( 1568): mMobileTypeCu is GONE phoneId:0
D/muyu    ( 1568): mMSimNC.isCUProject() &&mMSimNC.getIsUnicomPlmn(phoneId)
D/muyu    ( 1568): mMobileTypeCu is GONE phoneId:0
D/muyu    ( 1568): mMSimNC.isCUProject() &&mMSimNC.getIsUnicomPlmn(phoneId)
D/muyu    ( 1568): mMobileTypeCu is GONE phoneId:1
E/LauncherStartWatchDog( 5495): LauncherStartWatchDog  isPause=false
E/WifiStateMachine( 1149): handleMessage: E msg.what=131155
E/WifiStateMachine( 1149): processMsg: ConnectedState
E/WifiStateMachine( 1149):  ConnectedState !CMD_RSSI_POLL 90 0 "Xiaomi_6201_5G" 8c:be:be:26:62:03 rssi=-45 f=5785 sc=60 link=433 tx=3.2, 0.0, 0.0  rx=3.1 bcn=0 [on:0 tx:0 rx:0 period:3000] from screen [on:0 period:-313969878] gl hn rssi=-40 ag=0 hr ls-=0 [56,56,56,56,61] brc=0 lrc=0
E/WifiStateMachine( 1149): processMsg: L2ConnectedState
E/WifiStateMachine( 1149):  L2ConnectedState !CMD_RSSI_POLL 90 0 "Xiaomi_6201_5G" 8c:be:be:26:62:03 rssi=-45 f=5785 sc=60 link=433 tx=3.2, 0.0, 0.0  rx=3.1 bcn=0 [on:0 tx:0 rx:0 period:1] from screen [on:0 period:-313969877] gl hn rssi=-40 ag=0 hr ls-=0 [56,56,56,56,61] brc=0 lrc=0
E/WifiStateMachine( 1149):  get link layer stats 0
I/WifiHW  ( 1149): CMD: IFNAME=wlan0 SIGNAL_POLL
I/WifiHW  ( 1149): REPLY: RSSI=-45
I/WifiHW  ( 1149): REPLY: LINKSPEED=433
I/WifiHW  ( 1149): REPLY: NOISE=9999
I/WifiHW  ( 1149): REPLY: FREQUENCY=5785
E/WifiStateMachine( 1149): fetchRssiLinkSpeedAndFrequencyNative rssi=-45 linkspeed=433
E/WifiStateMachine( 1149): calculateWifiScore freq=5785 speed=433 score=60 highRSSI  -> txbadrate=0.00 txgoodrate=3.62 txretriesrate=0.00 rxrate=2.55 userTriggerdPenalty0
E/WifiStateMachine( 1149):  good link -> stuck count =0
E/WifiStateMachine( 1149):  badRSSI count0 lowRSSI count0 --> score 56
E/WifiStateMachine( 1149):  isHighRSSI       ---> score=61
I/BatteryStatsImpl( 1149): WiFi rssi -> -45 bin=4
D/StatusBar.MSimNetworkController( 1568): lxg action = android.net.wifi.RSSI_CHANGED
E/WifiStateMachine( 1149): handleMessage: X
E/LauncherStartWatchDog( 5495): LauncherStartWatchDog  isPause=false
E/LauncherStartWatchDog( 5495): LauncherStartWatchDog  isPause=false
D/LightsService( 1149): Excessive delay setting light: 60ms
D/SpeedController( 1568): run isEnabled=trueisButtonEnabled = true
D/SpeedController( 1568): updateNetSpeed mTotalByte =8472572
D/SpeedController( 1568): updateNetSpeed mLastTime =1451384973309
D/SpeedController( 1568): updateNetSpeed curBytes =8472676
D/SpeedController( 1568): updateNetSpeed curTime =1451384978312
D/SpeedController( 1568): updateNetSpeed mLevel =20
D/SpeedController( 1568): lxg formatSize size = 20
E/LauncherStartWatchDog( 5495): LauncherStartWatchDog  isPause=false
E/WifiStateMachine( 1149): handleMessage: E msg.what=131155
E/WifiStateMachine( 1149): processMsg: ConnectedState
E/WifiStateMachine( 1149):  ConnectedState !CMD_RSSI_POLL 90 0 "Xiaomi_6201_5G" 8c:be:be:26:62:03 rssi=-45 f=5785 sc=60 link=433 tx=3.6, 0.0, 0.0  rx=2.6 bcn=0 [on:0 tx:0 rx:0 period:3001] from screen [on:0 period:-313966864] gl hn rssi=-40 ag=0 hr ls-=0 [56,56,56,56,61] brc=0 lrc=0
E/WifiStateMachine( 1149): processMsg: L2ConnectedState
E/WifiStateMachine( 1149):  L2ConnectedState !CMD_RSSI_POLL 90 0 "Xiaomi_6201_5G" 8c:be:be:26:62:03 rssi=-45 f=5785 sc=60 link=433 tx=3.6, 0.0, 0.0  rx=2.6 bcn=0 [on:0 tx:0 rx:0 period:2] from screen [on:0 period:-313966862] gl hn rssi=-40 ag=0 hr ls-=0 [56,56,56,56,61] brc=0 lrc=0
E/WifiStateMachine( 1149):  get link layer stats 0
I/WifiHW  ( 1149): CMD: IFNAME=wlan0 SIGNAL_POLL
I/WifiHW  ( 1149): REPLY: RSSI=-45
I/WifiHW  ( 1149): REPLY: LINKSPEED=433
I/WifiHW  ( 1149): REPLY: NOISE=9999
I/WifiHW  ( 1149): REPLY: FREQUENCY=5785
E/WifiStateMachine( 1149): fetchRssiLinkSpeedAndFrequencyNative rssi=-45 linkspeed=433
E/WifiStateMachine( 1149): calculateWifiScore freq=5785 speed=433 score=60 highRSSI  -> txbadrate=0.00 txgoodrate=1.81 txretriesrate=0.00 rxrate=1.28 userTriggerdPenalty0
E/WifiStateMachine( 1149):  good link -> stuck count =0
E/WifiStateMachine( 1149):  badRSSI count0 lowRSSI count0 --> score 56
E/WifiStateMachine( 1149):  isHighRSSI       ---> score=61
I/BatteryStatsImpl( 1149): WiFi rssi -> -45 bin=4
E/WifiStateMachine( 1149): handleMessage: X
D/StatusBar.MSimNetworkController( 1568): lxg action = android.net.wifi.RSSI_CHANGED
E/LauncherStartWatchDog( 5495): LauncherStartWatchDog  isPause=false
I/MSM-irqbalance(  542): Decided to move IRQ215 from CPU0 to CPU2
E/LauncherStartWatchDog( 5495): LauncherStartWatchDog  isPause=false
E/LauncherStartWatchDog( 5495): LauncherStartWatchDog  isPause=false
E/WifiStateMachine( 1149): handleMessage: E msg.what=131155
E/WifiStateMachine( 1149): processMsg: ConnectedState
