D/KeyguardSecurityView( 1568): FINGER SP mSecurityCallback.finish()
D/KeyguardViewBase( 1568): finish
D/KeyguardViewMediator( 1568): FINGER SP mViewMediatorCallback keyguardDone
D/KeyguardViewMediator( 1568): FINGER SP keyguardDone(true) + wakeup:true send 9
D/KeyguardViewMediator( 1568): FINGER SP keyguardDone(true) + wakeup:true send 9 before sendMessage
D/KeyguardSecurityModel( 1568): updateMonitor.isDiskFull()= false updateMonitor.getStartApp()= false
D/KeyguardSecurityModel( 1568): ***mode=None
D/PhoneStatusBar( 1568): disable: < expand ICONS alerts SYSTEM_INFO back HOME RECENT clock SEARCH >
D/KeyguardViewMediator( 1568): FINGER SP handleMessage what:9 S
D/KeyguardViewMediator( 1568): handleKeyguardDone
D/KeyguardViewMediator( 1568): handleHide
D/wenxin  ( 1568): lxg handleHide
I/dex2oat (17273): dex2oat took 320.389ms (threads: 8)
D/StatusBarKeyguardViewManager( 1568): FINGER SP startPreHideAnimation 9 finishRunnable.run() S
D/KeyguardViewMediator( 1568): FINGER SP 9 mKeyguardGoingAwayRunnable.run() keyguardGoingAway S true false
D/KeyguardViewMediator( 1568): FINGER SP 9 mKeyguardGoingAwayRunnable.run() keyguardGoingAway E
D/StatusBarKeyguardViewManager( 1568): FINGER SP startPreHideAnimation 9 finishRunnable.run() E
D/        ( 1568): lxg activityTop = com.kingroot.kinguser
D/        ( 1568): lxg !!!com.zte.mifavor.launcher
E/AudioPolicyManager(  434): getOutput() device 2, stream 1, samplingRate 0, format 0, channelMask 3, flags 0
E/AudioPolicyManager(  434): getOutput() device 2, stream 1, samplingRate 0, format 0, channelMask 3, flags 0
D/AudioTrack( 1568): TrackOffload: AudioTrack Offload disabled by property, returning false
W/AudioTrack( 1568): AUDIO_OUTPUT_FLAG_FAST denied by client
E/AudioPolicyManager(  434): startOutput() output 4, stream 1, session 184
E/AudioPolicyManager(  434): changeRefCount() stream 1, count 1
E/AudioPolicyManager(  434): setOutputDevice() output 4 device 0002 force 1 delayMs 0
D/audio_hw_primary(  434): out_set_parameters: enter: usecase(1: low-latency-playback) kvpairs: routing=2
D/AudioFlinger(  434): setProcessedAudioState(trackId=141, processed=0)
D/KeyguardViewMediator( 1568): FINGER SP handleStart mStatusBarKeyguardViewManager.hide S
D/PhoneStatusBar( 1568): disable: < expand icons* alerts system_info* back HOME RECENT clock SEARCH >
E/SOSO    ( 1568): updateHeaderShade mQsExpansionHeight0.0
E/SOSO    ( 1568): EDIT mKeyguardShowingfalse
D/SOSO    ( 1568): EDIT mExpanded:false mIsKeyguardShowing:false
D/PhoneStatusBar( 1568): updateNotificationIcons
D/StatusBarModifyView( 1568): drawable =android.graphics.drawable.BitmapDrawable@3aca3708
D/StatusBarModifyView( 1568): icon = StatusBarIcon(pkg=androiduser=0 id=0x10800b4 level=0 visible=true num=0 )
D/PhoneStatusBar( 1568): updateNotificationIcons
D/StatusBarModifyView( 1568): drawable =android.graphics.drawable.BitmapDrawable@1f167734
D/StatusBarModifyView( 1568): icon = StatusBarIcon(pkg=com.android.settingsuser=-1 id=0x7f020364 level=0 visible=true num=0 )
D/PhoneStatusBar( 1568): updateNotificationIcons
D/StatusBarModifyView( 1568): drawable =android.graphics.drawable.BitmapDrawable@10f6acfc
D/StatusBarModifyView( 1568): icon = StatusBarIcon(pkg=androiduser=-1 id=0x6020108 level=0 visible=true num=0 )
D/audio_hw_primary(  434): start_output_stream: enter: stream(0xf5ba1b00)usecase(1: low-latency-playback) devices(0x2)
D/audio_hw_primary(  434): select_devices: out_snd_device(2 <- 0: speaker) in_snd_device(0 <- 0: )  usecase : low-latency-playback
W/msm8974_platform(  434): Codec backend bitwidth 16, samplerate 48000
D/hardware_info(  434): hw_info_append_hw_type : device_name = speaker
D/audio_hw_primary(  434): enable_snd_device: snd_device(2: speaker)
I/soundtrigger(  434): audio_extn_sound_trigger_update_device_status: device 0x2 of type 0 for Event 1, with Raise=0
D/PhoneStatusBar( 1568): updateMediaMetaData hasArtwork=false***mState=0***metaDataChanged=false
D/wenxin  ( 1568): updateMediaMetaData else
D/PhoneStatusBar( 1568): *******setWallpaper show = true***mState = 0 bmp= android.graphics.Bitmap@3bba15c4 wallpaperBmp= android.graphics.Bitmap@3bba15c4
D/PhoneStatusBar( 1568): setWallpaper mBackdrop= com.android.systemui.statusbar.BackDropView{1cd26c60 V.E..... ......ID 0,0-1080,1920 #7f060175 app:id/backdrop} mBackdrop.getVisibility()= 0 mBackdropBack.getVisibility()= 0
D/PhoneStatusBar( 1568): setWallpaper else
D/KeyguardSecurityModel( 1568): updateMonitor.isDiskFull()= false updateMonitor.getStartApp()= false
D/KeyguardSecurityModel( 1568): ***mode=None
D/KeyguardSecurityModel( 1568): updateMonitor.isDiskFull()= false updateMonitor.getStartApp()= false
D/KeyguardSecurityModel( 1568): ***mode=None
D/KeyguardUpdateMonitor( 1568): sendKeyguardVisibilityChanged(false)
D/KeyguardViewMediator( 1568): FINGER SP handleStart mStatusBarKeyguardViewManager.hide E
D/KeyguardViewMediator( 1568): FINGER SP handleStart ActivityManagerNative S
E/audio_hw_primary(  434): Codec_mclk_enable:enable codec mclk
D/soundtrigger(  434): audio_extn_sound_trigger_update_stream_status: uc_id 1 of type 0 for Event 3, with Raise=0
D/ACDB-LOADER(  434): ACDB -> send_audio_cal, acdb_id = 14, path =  0
D/ACDB-LOADER(  434): ACDB -> send_asm_topology
D/ACDB-LOADER(  434): ACDB -> ACDB_CMD_GET_AUDPROC_STREAM_TOPOLOGY_ID
D/ACDB-LOADER(  434): ACDB -> send_adm_topology
D/ACDB-LOADER(  434): ACDB -> ACDB_CMD_GET_AUDPROC_COMMON_TOPOLOGY_ID
D/ACDB-LOADER(  434): ACDB -> send_audtable
D/ACDB-LOADER(  434): ACDB -> ACDB_CMD_GET_AUDPROC_COMMON_TABLE
D/ACDB-LOADER(  434): ACDB -> AUDIO_SET_AUDPROC_CAL
D/ACDB-LOADER(  434): ACDB -> send_audvoltable
D/ACDB-LOADER(  434): ACDB -> ACDB_CMD_GET_AUDPROC_GAIN_DEP_STEP_TABLE
D/ACDB-LOADER(  434): ACDB -> AUDIO_SET_AUDPROC_VOL_CAL
D/ACDB-LOADER(  434): ACDB -> send_afe_cal
D/ACDB-LOADER(  434): ACDB -> ACDB_CMD_GET_AFE_COMMON_TABLE
D/        (  434): Failed to fetch the lookup information of the device 0000000E 
E/ACDB-LOADER(  434): Error: ACDB AFE returned = -19
D/ACDB-LOADER(  434): ACDB -> AUDIO_SET_AFE_CAL
D/ACDB-LOADER(  434): ACDB -> send_hw_delay : acdb_id = 14 path = 0
D/ACDB-LOADER(  434): ACDB -> ACDB_AVSYNC_INFO: ACDB_CMD_GET_DEVICE_PROPERTY
I/audio_hw_utils(  434): audio_extn_utils_send_app_type_cfg app_type 69937, acdb_dev_id 14, sample_rate 48000
D/audio_hw_primary(  434): enable_audio_route: apply mixer and update path: low-latency-playback
E/audio_hw_primary(  434): tfa9890_get_mode: tfa_mode=1 old_mode=0
E/audio_hw_primary(  434): tfa9890_get_mode: tfa_mode=3 old_mode=0
E/audio_hw_primary(  434): tfa9890_get_mode: tfa_mode=3 old_mode=0
D/TFA9890 (  434): [tfa9890_SpeakerOn: 744]++
I/TFA9890 (  434): tfa9890_SpeakerOn sRate = 48000
D/TFA9890 (  434): [tfa9890_SpeakerOn: 805]tfa9890_SpeakerOn: 805:err = 0x00000000 status val:0xc25f mtp val:0x0003
D/TFA9890 (  434): [tfa9890_SpeakerOn: 843]--
D/msm8974_platform(  434): platform_set_channel_map mixer_ctl_name:Playback Channel Map15
D/msm8974_platform(  434): platform_set_channel_map: set mapping(1 2 0 0 0 0 0 0) for channel:2
D/KeyguardViewMediator( 1568): FINGER SP handleStart ActivityManagerNative E
D/KeyguardViewMediator( 1568): adjustStatusBarLocked: mShowing=false mOccluded=false isSecure=false --> flags=0x0
D/KeyguardViewMediator( 1568): FINGER SP 9 startKeyguardExitAnimation startTime:0 fadeoutDuration:0
D/PickupListener( 1853): uiChangeReceiver---onReceive
D/WifiController( 1149): handleMessage: E msg.what=155660
D/WifiController( 1149): processMsg: DeviceActiveState
D/WifiController( 1149): handleMessage: X
D/        ( 1568): ExitAnimation activityTop = com.kingroot.kinguser
D/KeyguardViewMediator( 1568): FINGER SP handleMessage what:9 E
D/KeyguardViewMediator( 1568): FINGER SP handleMessage what:18 S
D/KeyguardViewMediator( 1568): FINGER SP handleMessage what:18 E
D/VAUtils ( 1853): packageName = com.zte.mifavor.launcher
D/VAUtils ( 1853): topActivity = com.kingroot.kinguser
D/PickupListener( 1853): lock:false; home:false; switch:0; isScreenOn:true
D/NoneOneShotFlow( 1853): UnlockResultReceiver---action=android.intent.action.USER_PRESENT,curScreen=main_screen,bUnlockMsgSend=false
D/NoneOneShotFlow( 1853): UnlockReceiver action  == user_present
D/NoneOneShotFlow( 1853): UnlockReceiver if else
I/suzaiqiang( 5495): startAutoStartAndPersistentForEver
I/HSNotifier( 5495): notifyNow.....
I/ScreenListener( 5069): action = android.intent.action.USER_PRESENT
I/ScreenListener( 5069): ACTION_USER_PRESENT
D/ScreenListener( 5069): handle SCREEN_ON_MSG firstScanNum = 0
V/ScreenListener( 5069): KEY_LOCATIONS_MANAGEMENT_ON is false, return
W/beacon  (15455):  err BF 3R! num:1
W/beacon  (15455):  err BF 3R! num:2
D/ScrimController( 1568): setScrimBehindColor mKeyguardShowing = false
V/PhoneStatusBar( 1568): mBroadcastReceiver: Intent { act=com.zte.mifavorlauncher.support.SET_SB_COLOR flg=0x10 (has extras) }
D/PhoneStatusBar( 1568): lxg ACTION_COLOR_SETTED barforeColor = ffffffff,bgColor = 5a5a5a5a
D/PhoneStatusBar( 1568): lxg ifKeyGuard = false
D/StatusBarModifyView( 1568): drawable =android.graphics.drawable.VectorDrawable@2aca7cdf
D/StatusBarModifyView( 1568): icon = null
D/StatusBarModifyView( 1568): !BitmapDrawable
D/StatusBarModifyView( 1568): drawable =android.graphics.drawable.VectorDrawable@1dbd4d2c
D/StatusBarModifyView( 1568): icon = null
D/StatusBarModifyView( 1568): !BitmapDrawable
D/StatusBarModifyView( 1568): drawable =android.graphics.drawable.BitmapDrawable@3aca3708
D/StatusBarModifyView( 1568): icon = StatusBarIcon(pkg=androiduser=0 id=0x10800b4 level=0 visible=true num=0 )
D/StatusBarModifyView( 1568): drawable =android.graphics.drawable.BitmapDrawable@1f167734
D/StatusBarModifyView( 1568): icon = StatusBarIcon(pkg=com.android.settingsuser=-1 id=0x7f020364 level=0 visible=true num=0 )
D/StatusBarModifyView( 1568): drawable =android.graphics.drawable.BitmapDrawable@10f6acfc
D/StatusBarModifyView( 1568): icon = StatusBarIcon(pkg=androiduser=-1 id=0x6020108 level=0 visible=true num=0 )
D/StatusBarModifyView( 1568): onImageViewFound-Drawable
D/StatusBarModifyView( 1568): onImageViewFound-Drawable
D/StatusBarModifyView( 1568): drawable =android.graphics.drawable.BitmapDrawable@591605b
D/StatusBarModifyView( 1568): icon = StatusBarIcon(pkg=com.android.systemuiuser=0 id=0x7f0205ee level=0 visible=false num=0 )
D/StatusBarModifyView( 1568): drawable =android.graphics.drawable.InsetDrawable@898c5c2
D/StatusBarModifyView( 1568): icon = StatusBarIcon(pkg=com.android.systemuiuser=0 id=0x7f0203a7 level=0 visible=false num=0 )
D/StatusBarModifyView( 1568): !BitmapDrawable
D/StatusBarModifyView( 1568): drawable =android.graphics.drawable.VectorDrawable@3d1f3412
D/StatusBarModifyView( 1568): icon = StatusBarIcon(pkg=com.android.systemuiuser=0 id=0x7f0203a8 level=0 visible=false num=0 )
D/StatusBarModifyView( 1568): !BitmapDrawable
D/StatusBarModifyView( 1568): drawable =android.graphics.drawable.BitmapDrawable@1ac36799
D/StatusBarModifyView( 1568): icon = StatusBarIcon(pkg=com.android.phoneuser=0 id=0x7f0201ed level=0 visible=true num=0 )
D/StatusBarModifyView( 1568): drawable =android.graphics.drawable.VectorDrawable@25ff1c36
D/StatusBarModifyView( 1568): icon = StatusBarIcon(pkg=com.android.systemuiuser=0 id=0x7f0205ff level=0 visible=false num=0 )
D/StatusBarModifyView( 1568): !BitmapDrawable
D/StatusBarModifyView( 1568): drawable =android.graphics.drawable.InsetDrawable@26a324a4
D/StatusBarModifyView( 1568): icon = StatusBarIcon(pkg=com.android.systemuiuser=0 id=0x7f020444 level=0 visible=false num=0 )
D/StatusBarModifyView( 1568): !BitmapDrawable
D/StatusBarModifyView( 1568): drawable =android.graphics.drawable.BitmapDrawable@5d44586
D/StatusBarModifyView( 1568): icon = StatusBarIcon(pkg=com.android.systemuiuser=0 id=0x7f020445 level=0 visible=false num=0 )
D/StatusBarModifyView( 1568): drawable =android.graphics.drawable.InsetDrawable@25a2e00c
D/StatusBarModifyView( 1568): icon = StatusBarIcon(pkg=com.android.systemuiuser=0 id=0x7f0203a6 level=0 visible=false num=0 )
D/StatusBarModifyView( 1568): !BitmapDrawable
D/StatusBarModifyView( 1568): drawable =android.graphics.drawable.VectorDrawable@3bfc7209
D/StatusBarModifyView( 1568): icon = StatusBarIcon(pkg=com.android.systemuiuser=0 id=0x7f0203d6 level=0 visible=false num=0 )
D/StatusBarModifyView( 1568): !BitmapDrawable
D/KeyguardUpdateMonitor( 1568): handleKeyguardVisibilityChanged(0)
D/PhoneStatusBar( 1568): disable: < expand icons alerts system_info back home* recent* clock search* >
I/HSNotifier( 5495): notifyNow...bigContentView..
I/HSNotifier( 5495): setNotice.....
W/System.err(16633): android.content.pm.PackageManager$NameNotFoundException: com.kingstudio.purify
W/System.err(16633): 	at android.app.ApplicationPackageManager.getPackageInfo(ApplicationPackageManager.java:114)
W/System.err(16633): 	at com.kingroot.kinguser.zi.getPackageInfo(SourceFile:84)
W/System.err(16633): 	at com.kingroot.kinguser.zi.cU(SourceFile:960)
W/System.err(16633): 	at com.kingroot.kinguser.add.mT(SourceFile:41)
W/System.err(16633): 	at com.kingroot.kinguser.add.<clinit>(SourceFile:13)
W/System.err(16633): 	at com.kingroot.kinguser.aug.a(SourceFile:203)
W/System.err(16633): 	at com.kingroot.kinguser.aug.dF(SourceFile:178)
W/System.err(16633): 	at com.kingroot.kinguser.aug.d(SourceFile:90)
W/System.err(16633): 	at com.kingroot.kinguser.aug.c(SourceFile:59)
W/System.err(16633): 	at com.kingroot.kinguser.aqq.run(SourceFile:222)
W/System.err(16633): 	at java.lang.Thread.run(Thread.java:818)
I/HSNotifier( 5495): statusBarsetting=1 noticeNum=0
I/HSNotifier( 5495): cancel2 .....
I/HSNotifier( 5495): cancelNotification.....
I/HeartyServiceApp( 5495): HeartyServiceApp mReceiver android.intent.action.USER_PRESENT used time millisecond=81
E/[vsnake-java](16656): param = zte.com.cn.photoeditor
D/kingroot-sdk(16633): 64_libkrsdk.1.0.166.so load done.
I/kinguser_jni(16633): decLen = 46
E/[vsnake-java](16656): param = com.android.calendar
E/[vsnake-java](16656): param = com.android.gallery3d
V/PhoneStatusBar( 1568): setLightsOn(true)
E/[vsnake-java](16656): param = com.zte.diskcleanup
D/=SOGOU_LOG=( 1759): notifyPackageName--notify packageName-- packageName = com.kingroot.kinguser
E/[vsnake-java](16656): param = com.qualcomm.cabl
E/[vsnake-java](16656): param = com.android.backupconfirm
E/[vsnake-java](16656): param = com.qti.backupagent
E/[vsnake-java](16656): param = com.zte.mifavor.launcher
D/ConnectPCReceiver( 4632): action:=android.intent.action.USER_PRESENT
D/ConnectPCReceiver( 4632): get LOCKER_INFO_SERVICE Exception!
D/ConnectPCReceiver( 4632): cryptState:=
E/[vsnake-java](16656): param = com.android.packageinstaller
E/TelephonyManager(16633): getSimSerialNumber sub id = -1
D/ConnectPCReceiver( 4632): read usb state from file:CONFIGURED
E/[vsnake-java](16656): param = com.android.providers.userdictionary
E/[vsnake-java](16656): param = com.dsi.ant.server
E/AudioPolicyManager(  434): stopOutput() output 4, stream 1, session 184
E/AudioPolicyManager(  434): changeRefCount() stream 1, count 0
E/AudioPolicyManager(  434): setOutputDevice() output 4 device 0000 force 0 delayMs 100
I/Timeline(16633): Timeline: Activity_idle id: android.os.BinderProxy@35d8f7f1 time:14581253
E/[vsnake-java](16656): param = com.android.externalstorage
E/[vsnake-java](16656): param = com.zte.powersavemode
E/[vsnake-java](16656): param = com.android.apps.tag
E/[vsnake-java](16656): param = com.zte.BrowserProvider
E/[vsnake-java](16656): param = cn.wps.moffice_eng
I/kinguser_jni(16656): decLen = 50
D/        ( 1568): 300 ExitAnimation activityTop = com.kingroot.kinguser
D/        ( 1568): lxg activityTop = com.kingroot.kinguser
D/        ( 1568): lxg !!!com.zte.mifavor.launcher
E/[vsnake-java](16656): param = zte.com.cn.alarmclock
V/PhoneStatusBar( 1568): mBroadcastReceiver: Intent { act=com.zte.mifavorlauncher.support.SET_SB_COLOR flg=0x10 (has extras) }
D/PhoneStatusBar( 1568): lxg ACTION_COLOR_SETTED barforeColor = ffffffff,bgColor = 5a5a5a5a
D/PhoneStatusBar( 1568): lxg ifKeyGuard = false
D/StatusBarModifyView( 1568): drawable =android.graphics.drawable.VectorDrawable@2aca7cdf
D/StatusBarModifyView( 1568): icon = null
D/StatusBarModifyView( 1568): !BitmapDrawable
D/StatusBarModifyView( 1568): drawable =android.graphics.drawable.VectorDrawable@1dbd4d2c
D/StatusBarModifyView( 1568): icon = null
D/StatusBarModifyView( 1568): !BitmapDrawable
D/StatusBarModifyView( 1568): drawable =android.graphics.drawable.BitmapDrawable@3aca3708
D/StatusBarModifyView( 1568): icon = StatusBarIcon(pkg=androiduser=0 id=0x10800b4 level=0 visible=true num=0 )
D/StatusBarModifyView( 1568): drawable =android.graphics.drawable.BitmapDrawable@1f167734
D/StatusBarModifyView( 1568): icon = StatusBarIcon(pkg=com.android.settingsuser=-1 id=0x7f020364 level=0 visible=true num=0 )
D/StatusBarModifyView( 1568): drawable =android.graphics.drawable.BitmapDrawable@10f6acfc
D/StatusBarModifyView( 1568): icon = StatusBarIcon(pkg=androiduser=-1 id=0x6020108 level=0 visible=true num=0 )
D/StatusBarModifyView( 1568): onImageViewFound-Drawable
D/StatusBarModifyView( 1568): onImageViewFound-Drawable
E/[vsnake-java](16656): param = zte.com.cn.cloudnotepad
E/[vsnake-java](16656): param = com.android.dreams.phototable
D/StatusBarModifyView( 1568): drawable =android.graphics.drawable.BitmapDrawable@591605b
D/StatusBarModifyView( 1568): icon = StatusBarIcon(pkg=com.android.systemuiuser=0 id=0x7f0205ee level=0 visible=false num=0 )
D/StatusBarModifyView( 1568): drawable =android.graphics.drawable.InsetDrawable@898c5c2
D/StatusBarModifyView( 1568): icon = StatusBarIcon(pkg=com.android.systemuiuser=0 id=0x7f0203a7 level=0 visible=false num=0 )
D/StatusBarModifyView( 1568): !BitmapDrawable
D/StatusBarModifyView( 1568): drawable =android.graphics.drawable.VectorDrawable@3d1f3412
D/StatusBarModifyView( 1568): icon = StatusBarIcon(pkg=com.android.systemuiuser=0 id=0x7f0203a8 level=0 visible=false num=0 )
D/StatusBarModifyView( 1568): !BitmapDrawable
D/StatusBarModifyView( 1568): drawable =android.graphics.drawable.BitmapDrawable@1ac36799
D/StatusBarModifyView( 1568): icon = StatusBarIcon(pkg=com.android.phoneuser=0 id=0x7f0201ed level=0 visible=true num=0 )
E/[vsnake-java](16656): param = com.cn.zte.voiceassistant.service
D/StatusBarModifyView( 1568): drawable =android.graphics.drawable.VectorDrawable@25ff1c36
D/StatusBarModifyView( 1568): icon = StatusBarIcon(pkg=com.android.systemuiuser=0 id=0x7f0205ff level=0 visible=false num=0 )
D/StatusBarModifyView( 1568): !BitmapDrawable
D/StatusBarModifyView( 1568): drawable =android.graphics.drawable.InsetDrawable@26a324a4
D/StatusBarModifyView( 1568): icon = StatusBarIcon(pkg=com.android.systemuiuser=0 id=0x7f020444 level=0 visible=false num=0 )
D/StatusBarModifyView( 1568): !BitmapDrawable
D/StatusBarModifyView( 1568): drawable =android.graphics.drawable.BitmapDrawable@5d44586
D/StatusBarModifyView( 1568): icon = StatusBarIcon(pkg=com.android.systemuiuser=0 id=0x7f020445 level=0 visible=false num=0 )
D/StatusBarModifyView( 1568): drawable =android.graphics.drawable.InsetDrawable@25a2e00c
D/StatusBarModifyView( 1568): icon = StatusBarIcon(pkg=com.android.systemuiuser=0 id=0x7f0203a6 level=0 visible=false num=0 )
D/StatusBarModifyView( 1568): !BitmapDrawable
D/StatusBarModifyView( 1568): drawable =android.graphics.drawable.VectorDrawable@3bfc7209
D/StatusBarModifyView( 1568): icon = StatusBarIcon(pkg=com.android.systemuiuser=0 id=0x7f0203d6 level=0 visible=false num=0 )
D/StatusBarModifyView( 1568): !BitmapDrawable
I/kinguser_jni(16656): decLen = 58
E/[vsnake-java](16656): param = com.kingroot.kinguser
E/[vsnake-java](16656): param = com.zte.backup.mmi
E/[vsnake-java](16656): param = com.android.calculator2
E/[vsnake-java](16656): param = com.android.shell
E/[vsnake-java](16656): param = com.qualcomm.wfd.service
E/[vsnake-java](16656): param = com.android.proxyhandler
E/[vsnake-java](16656): param = com.android.managedprovisioning
E/[vsnake-java](16656): param = com.zte.handservice
E/[vsnake-java](16656): param = com.zte.fuelgauge
E/[vsnake-java](16656): param = com.qiyi.video.zte
E/[vsnake-java](16656): param = com.qti.service.colorservice
E/[vsnake-java](16656): param = com.zte.zdm
I/kinguser_jni(16656): decLen = 510
E/[vsnake-java](16656): param = cn.zte.music
E/[vsnake-java](16656): param = com.tencent.android.qqdownloader
I/LocationListener(17327): LocationListener onReceiveaction:android.intent.action.USER_PRESENT
E/[vsnake-java](16656): param = com.android.wallpaper.livepicker
E/[vsnake-java](16656): param = com.eyeverify.evservice
V/LocationListener(17327): LocationListener but not open
E/[vsnake-java](16656): param = com.android.inputdevices
E/[vsnake-java](16656): param = com.android.keychain
E/[vsnake-java](16656): param = com.qualcomm.timeservice
E/[vsnake-java](16656): param = com.android.bluetooth
I/Timeline(16633): Timeline: Activity_launch_request id:com.kingroot.kinguser time:14581435
E/[vsnake-java](16656): param = com.qualcomm.qcrilmsgtunnel
E/[vsnake-java](16656): param = com.ztefingerprints.service
E/[vsnake-java](16656): param = zte.com.cn.filer
E/[vsnake-java](16656): param = com.shuame.rootgenius
E/[vsnake-java](16656): param = cn.com.zte.yp
E/[vsnake-java](16656): param = com.android.printspooler
E/[vsnake-java](16656): param = com.android.smspush
E/[vsnake-java](16656): param = zte.android.flashlight
E/[vsnake-java](16656): param = com.android.onetimeinitializer
E/[vsnake-java](16656): param = com.android.inputmethod.latin
E/[vsnake-java](16656): param = com.android.dreams.basic
E/[vsnake-java](16656): param = com.android.contacts
I/kinguser_jni(16633): decLen = 58
E/LauncherStartWatchDog( 5495): LauncherStartWatchDog  isPause=false
E/[vsnake-java](16656): param = com.qualcomm.fastdormancy
E/[vsnake-java](16656): param = zte.com.market
E/[vsnake-java](16656): param = com.android.vpndialogs
E/[vsnake-java](16656): param = cn.zte.recorder
E/[vsnake-java](16656): param = androidzte
E/[vsnake-java](16656): param = com.dolby
E/[vsnake-java](16656): param = com.android.server.telecom
E/[vsnake-java](16656): param = com.zte.skyeye
W/System.err(16633): java.io.FileNotFoundException: /data/data/com.kingroot.kinguser/app_workspace/data/com.kingroot.RushRoot/slog/kr_statics: open failed: ENOENT (No such file or directory)
E/[vsnake-java](16656): param = com.android.provision
W/System.err(16633): 	at libcore.io.IoBridge.open(IoBridge.java:456)
W/System.err(16633): 	at java.io.FileInputStream.<init>(FileInputStream.java:76)
W/System.err(16633): 	at java.io.FileReader.<init>(FileReader.java:42)
W/System.err(16633): 	at com.kingroot.RushRoot.statics.a.a(SourceFile:534)
W/System.err(16633): 	at com.kingroot.RushRoot.statics.a.b(SourceFile:41)
W/System.err(16633): 	at com.kingroot.RushRoot.statics.c.run(SourceFile:494)
W/System.err(16633): 	at android.os.Handler.handleCallback(Handler.java:739)
W/System.err(16633): 	at android.os.Handler.dispatchMessage(Handler.java:95)
W/System.err(16633): 	at android.os.Looper.loop(Looper.java:154)
W/System.err(16633): 	at android.os.HandlerThread.run(HandlerThread.java:61)
W/System.err(16633): Caused by: android.system.ErrnoException: open failed: ENOENT (No such file or directory)
W/System.err(16633): 	at libcore.io.Posix.open(Native Method)
W/System.err(16633): 	at libcore.io.BlockGuardOs.open(BlockGuardOs.java:186)
W/System.err(16633): 	at libcore.io.IoBridge.open(IoBridge.java:442)
W/System.err(16633): 	... 9 more
E/[vsnake-java](16656): param = com.android.mipop
E/[vsnake-java](16656): param = com.android.email
E/[vsnake-java](16656): param = com.android.defcontainer
E/[vsnake-java](16656): param = com.ume.appservice
E/[vsnake-java](16656): param = com.android.systemui
W/ResourceType(16633): No package identifier when getting value for resource number 0x00000000
E/[vsnake-java](16656): param = com.android.nfc
E/[vsnake-java](16656): param = com.android.phone
E/[vsnake-java](16656): param = com.zrlh.llkc
E/[vsnake-java](16656): param = com.android.providers.calendar
I/kinguser_jni(16633): decLen = 54
E/[vsnake-java](16656): param = com.ume.browser
E/[vsnake-java](16656): param = com.android.certinstaller
E/[vsnake-java](16656): param = android
E/[vsnake-java](16656): param = com.android.providers.telephony
E/[vsnake-java](16656): param = com.android.mms
E/[vsnake-java](16656): param = com.zte.camera
E/[vsnake-java](16656): param = com.google.android.webview
E/[vsnake-java](16656): param = com.android.providers.downloads
E/[vsnake-java](16656): param = com.zte.screeneffect
E/[vsnake-java](16656): param = com.google.android.gsf
E/[vsnake-java](16656): param = com.qualcomm.qti.networksetting
E/[vsnake-java](16656): param = com.zte.heartyservice
E/[vsnake-java](16656): param = com.autonavi.minimap.carmode
E/[vsnake-java](16656): param = com.android.cellbroadcastreceiver
E/[vsnake-java](16656): param = com.android.dialer
E/[vsnake-java](16656): param = com.android.protips
E/[vsnake-java](16656): param = com.android.htmlviewer
E/[vsnake-java](16656): param = com.android.location.fused
E/[vsnake-java](16656): param = org.codeaurora.bluetooth
E/[vsnake-java](16656): param = org.zx.AuthComp
V/PhoneStatusBar( 1568): setLightsOn(true)
E/[vsnake-java](16656): param = com.qualcomm.interfacepermissions
E/[vsnake-java](16656): param = com.android.providers.contacts
E/[vsnake-java](16656): param = com.moji.zteweather
E/[vsnake-java](16656): param = zte.com.cn.vocalprint
E/[vsnake-java](16656): param = com.zte.zdmdaemon
E/[vsnake-java](16656): param = com.everystripe.wallpaper.light
E/[vsnake-java](16656): param = com.qualcomm.msapm
E/[vsnake-java](16656): param = com.qualcomm.qti.services.secureui
E/[vsnake-java](16656): param = com.android.exchange
E/[vsnake-java](16656): param = com.android.documentsui
E/[vsnake-java](16656): param = com.nxp.nfceeapi.service
E/[vsnake-java](16656): param = com.mobiletools.systemhelper
E/[vsnake-java](16656): param = com.zte.fingerprints
E/[vsnake-java](16656): param = zte.com.wilink
E/[vsnake-java](16656): param = com.android.settings
E/[vsnake-java](16656): param = com.android.sharedstoragebackup
E/[vsnake-java](16656): param = com.nqmobile.livestore.ztemf32
E/[vsnake-java](16656): param = org.simalliance.openmobileapi.service
E/[vsnake-java](16656): param = com.android.wallpapercropper
E/[vsnake-java](16656): param = com.qualcomm.location
E/[vsnake-java](16656): param = com.android.wallpaper
E/[vsnake-java](16656): param = com.dolby.ds1appUI
E/[vsnake-java](16656): param = com.zte.retrieve
E/[vsnake-java](16656): param = com.zte.mifavor.launcher.adapter
E/[vsnake-java](16656): param = com.qualcomm.shutdownlistner
E/[vsnake-java](16656): param = com.zte.aliveupdate
E/[vsnake-java](16656): param = com.android.providers.settings
E/[vsnake-java](16656): param = com.zte.setupwizard
E/[vsnake-java](16656): param = com.kingroot.master
E/[vsnake-java](16656): param = com.android.captiveportallogin
E/[vsnake-java](16656): param = com.google.android.gms
E/[vsnake-java](16656): param = com.android.launcher3
E/[vsnake-java](16656): param = org.codeaurora.ims
E/[vsnake-java](16656): param = zte.com.cn.driverMode
E/[vsnake-java](16656): param = com.quicinc.cne.CNEService
E/[vsnake-java](16656): param = com.zte.voice
E/[vsnake-java](16656): param = com.android.pacprocessor
E/[vsnake-java](16656): param = com.baidu.BaiduMap.zte
E/[vsnake-java](16656): param = com.baidu.map.location
E/[vsnake-java](16656): param = com.sohu.inputmethod.sogou
E/[vsnake-java](16656): param = com.android.mms.service
E/[vsnake-java](16656): param = com.google.android.tts
D/=SOGOU_LOG=( 1759): notifyPackageName--notify packageName-- packageName = com.kingroot.kinguser
E/[vsnake-java](16656): param = com.android.providers.media
E/[vsnake-java](16656): param = com.qualcomm.qcom_qmi
E/[vsnake-java](16656): param = com.android.musicfx
E/[vsnake-java](16656): param = com.zte.lbs
E/[vsnake-java](16656): param = com.android.stk
I/ActivityManager( 1149): Displayed com.kingroot.kinguser/.loader.LoaderActivity: +135ms
E/[vsnake-java](16656): param = com.google.android.gsf.login
E/[vsnake-java](16656): param = com.zte.zgesture
E/[vsnake-java](16656): param = com.zte.emode
D/PickupListener( 1853): uiChangeReceiver---onReceive
I/Timeline(16633): Timeline: Activity_idle id: android.os.BinderProxy@3a6c9655 time:14581610
D/VAUtils ( 1853): packageName = com.zte.mifavor.launcher
D/VAUtils ( 1853): topActivity = com.kingroot.kinguser
D/PickupListener( 1853): lock:false; home:false; switch:0; isScreenOn:true
I/kinguser_jni(16656): decLen = 51
W/ContextImpl(16656): Implicit intents with startService are not safe: Intent { act=com.tencent.qqpimsecure.TMS_LITE_SERVICE (has extras) } android.content.ContextWrapper.bindService:538 com.kingroot.kinguser.adr.run:86 java.lang.Thread.run:818 
I/AppWidgetHostView( 2253): not ZTEAppWidget, return false
D/=SOGOU_LOG=( 3117): onReceive--custom---- screen off --
D/=SOGOU_LOG=( 3117): c--custom---- initCustomNotification --
D/=SOGOU_LOG=( 3117): b--custom--SDK_INT = 21;JELLY_BEAN_MR1=17
D/=SOGOU_LOG=( 3117): b--custom--isFinishIssueMiniLaunch = false
D/ForegroundUtils( 1995): Process died; UID 10004 PID 16266
D/ForegroundUtils( 1995): Foreground changed, PID: 16266 UID: 10004 foreground: false
D/ForegroundUtils( 1995): Foreground UID/PID combinations:
D/ForegroundUtils( 1995): UID: 10118 PID: 16633
I/Timeline( 1149): Timeline: Activity_windows_visible id: ActivityRecord{212fe7ed u0 com.kingroot.kinguser/.loader.LoaderActivity t191} time:14581842
D/PickupListener( 1853): uiChangeReceiver---onReceive
D/VAUtils ( 1853): packageName = com.zte.mifavor.launcher
D/VAUtils ( 1853): topActivity = com.kingroot.kinguser
D/PickupListener( 1853): lock:false; home:false; switch:0; isScreenOn:true
I/MSM-irqbalance(  542): Decided to move IRQ127 from CPU0 to CPU1
E/WifiStateMachine( 1149): handleMessage: E msg.what=131155
E/WifiStateMachine( 1149): processMsg: ConnectedState
E/WifiStateMachine( 1149):  ConnectedState !CMD_RSSI_POLL 90 0 "Xiaomi_6201_5G" 8c:be:be:26:62:03 rssi=-42 f=5785 sc=60 link=433 tx=0.0, 0.0, 0.0  rx=0.0 bcn=0 [on:0 tx:0 rx:0 period:2970] from screen [on:0 period:-313990993] gl hn rssi=-36 ag=0 hr ls-=0 [56,56,56,56,61] brc=0 lrc=0
E/WifiStateMachine( 1149): processMsg: L2ConnectedState
E/WifiStateMachine( 1149):  L2ConnectedState !CMD_RSSI_POLL 90 0 "Xiaomi_6201_5G" 8c:be:be:26:62:03 rssi=-42 f=5785 sc=60 link=433 tx=0.0, 0.0, 0.0  rx=0.0 bcn=0 [on:0 tx:0 rx:0 period:2] from screen [on:0 period:-313990991] gl hn rssi=-36 ag=0 hr ls-=0 [56,56,56,56,61] brc=0 lrc=0
E/WifiStateMachine( 1149):  get link layer stats 0
I/WifiHW  ( 1149): CMD: IFNAME=wlan0 SIGNAL_POLL
I/WifiHW  ( 1149): REPLY: RSSI=-43
I/WifiHW  ( 1149): REPLY: LINKSPEED=433
I/WifiHW  ( 1149): REPLY: NOISE=9999
I/WifiHW  ( 1149): REPLY: FREQUENCY=5785
E/WifiStateMachine( 1149): fetchRssiLinkSpeedAndFrequencyNative rssi=-43 linkspeed=433
E/WifiStateMachine( 1149): calculateWifiScore freq=5785 speed=433 score=60 highRSSI  -> txbadrate=0.00 txgoodrate=24.00 txretriesrate=0.00 rxrate=16.50 userTriggerdPenalty0
E/WifiStateMachine( 1149):  good link -> stuck count =0
E/WifiStateMachine( 1149):  badRSSI count0 lowRSSI count0 --> score 60
E/WifiStateMachine( 1149):  isHighRSSI       ---> score=65
I/BatteryStatsImpl( 1149): WiFi rssi -> -43 bin=4
D/StatusBar.MSimNetworkController( 1568): lxg action = android.net.wifi.RSSI_CHANGED
E/WifiStateMachine( 1149): handleMessage: X
E/LauncherStartWatchDog( 5495): LauncherStartWatchDog  isPause=false
D/muyu    ( 1568): mMSimNC.isCUProject() &&mMSimNC.getIsUnicomPlmn(phoneId)
D/muyu    ( 1568): mMobileTypeCu is GONE phoneId:0
D/muyu    ( 1568): mMSimNC.isCUProject() &&mMSimNC.getIsUnicomPlmn(phoneId)
D/muyu    ( 1568): mMobileTypeCu is GONE phoneId:1
D/muyu    ( 1568): mMSimNC.isCUProject() &&mMSimNC.getIsUnicomPlmn(phoneId)
D/muyu    ( 1568): mMobileTypeCu is GONE phoneId:0
D/muyu    ( 1568): mMSimNC.isCUProject() &&mMSimNC.getIsUnicomPlmn(phoneId)
D/muyu    ( 1568): mMobileTypeCu is GONE phoneId:0
D/muyu    ( 1568): mMSimNC.isCUProject() &&mMSimNC.getIsUnicomPlmn(phoneId)
D/muyu    ( 1568): mMobileTypeCu is GONE phoneId:0
D/muyu    ( 1568): mMSimNC.isCUProject() &&mMSimNC.getIsUnicomPlmn(phoneId)
D/muyu    ( 1568): mMobileTypeCu is GONE phoneId:1
D/muyu    ( 1568): mMSimNC.isCUProject() &&mMSimNC.getIsUnicomPlmn(phoneId)
D/muyu    ( 1568): mMobileTypeCu is GONE phoneId:0
D/muyu    ( 1568): mMSimNC.isCUProject() &&mMSimNC.getIsUnicomPlmn(phoneId)
D/muyu    ( 1568): mMobileTypeCu is GONE phoneId:1
D/muyu    ( 1568): mMSimNC.isCUProject() &&mMSimNC.getIsUnicomPlmn(phoneId)
D/muyu    ( 1568): mMobileTypeCu is GONE phoneId:0
D/muyu    ( 1568): mMSimNC.isCUProject() &&mMSimNC.getIsUnicomPlmn(phoneId)
D/muyu    ( 1568): mMobileTypeCu is GONE phoneId:0
D/muyu    ( 1568): mMSimNC.isCUProject() &&mMSimNC.getIsUnicomPlmn(phoneId)
D/muyu    ( 1568): mMobileTypeCu is GONE phoneId:0
D/muyu    ( 1568): mMSimNC.isCUProject() &&mMSimNC.getIsUnicomPlmn(phoneId)
D/muyu    ( 1568): mMobileTypeCu is GONE phoneId:1
D/muyu    ( 1568): mMSimNC.isCUProject() &&mMSimNC.getIsUnicomPlmn(phoneId)
D/muyu    ( 1568): mMobileTypeCu is GONE phoneId:0
D/muyu    ( 1568): mMSimNC.isCUProject() &&mMSimNC.getIsUnicomPlmn(phoneId)
D/muyu    ( 1568): mMobileTypeCu is GONE phoneId:1
D/muyu    ( 1568): mMSimNC.isCUProject() &&mMSimNC.getIsUnicomPlmn(phoneId)
D/muyu    ( 1568): mMobileTypeCu is GONE phoneId:0
D/muyu    ( 1568): mMSimNC.isCUProject() &&mMSimNC.getIsUnicomPlmn(phoneId)
D/muyu    ( 1568): mMobileTypeCu is GONE phoneId:0
D/muyu    ( 1568): mMSimNC.isCUProject() &&mMSimNC.getIsUnicomPlmn(phoneId)
D/muyu    ( 1568): mMobileTypeCu is GONE phoneId:0
D/muyu    ( 1568): mMSimNC.isCUProject() &&mMSimNC.getIsUnicomPlmn(phoneId)
D/muyu    ( 1568): mMobileTypeCu is GONE phoneId:1
D/muyu    ( 1568): mMSimNC.isCUProject() &&mMSimNC.getIsUnicomPlmn(phoneId)
D/muyu    ( 1568): mMobileTypeCu is GONE phoneId:0
D/muyu    ( 1568): mMSimNC.isCUProject() &&mMSimNC.getIsUnicomPlmn(phoneId)
D/muyu    ( 1568): mMobileTypeCu is GONE phoneId:1
D/muyu    ( 1568): mMSimNC.isCUProject() &&mMSimNC.getIsUnicomPlmn(phoneId)
D/muyu    ( 1568): mMobileTypeCu is GONE phoneId:0
D/muyu    ( 1568): mMSimNC.isCUProject() &&mMSimNC.getIsUnicomPlmn(phoneId)
D/muyu    ( 1568): mMobileTypeCu is GONE phoneId:0
D/muyu    ( 1568): mMSimNC.isCUProject() &&mMSimNC.getIsUnicomPlmn(phoneId)
D/muyu    ( 1568): mMobileTypeCu is GONE phoneId:0
D/muyu    ( 1568): mMSimNC.isCUProject() &&mMSimNC.getIsUnicomPlmn(phoneId)
D/muyu    ( 1568): mMobileTypeCu is GONE phoneId:1
E/LauncherStartWatchDog( 5495): LauncherStartWatchDog  isPause=false
W/ContextImpl(16656): Implicit intents with startService are not safe: Intent { act=com.tencent.qqpimsecure.TMS_LITE_SERVICE (has extras) } android.content.ContextWrapper.bindService:538 com.kingroot.kinguser.adr.run:86 java.lang.Thread.run:818 
D/audio_hw_primary(  434): out_standby: enter: stream (0xf5ba1b00) usecase(1: low-latency-playback)
D/audio_hw_primary(  434): stop_output_stream: enter: usecase(1: low-latency-playback)
D/audio_hw_primary(  434): disable_audio_route: reset and update mixer path: low-latency-playback
D/soundtrigger(  434): audio_extn_sound_trigger_update_stream_status: uc_id 1 of type 0 for Event 2, with Raise=0
D/hardware_info(  434): hw_info_append_hw_type : device_name = speaker
D/audio_hw_primary(  434): disable_snd_device: snd_device(2: speaker)
D/TFA9890 (  434): [tfa9890_SpeakerOff: 848]+
D/TFA9890 (  434): muteAmplifier: 242:err = 0x00000000 status = 0xc05f tries = 19
D/TFA9890 (  434): [tfa9890_SpeakerOff: 873]-
E/audio_hw_primary(  434): Codec_mclk_enable:disable codec mclk
D/audio_hw_primary(  434): disable_snd_device: music_enable: 0
E/audio_hw_primary(  434): tfa9890_get_mode: tfa_mode=0 old_mode=3
I/soundtrigger(  434): audio_extn_sound_trigger_update_device_status: device 0x2 of type 0 for Event 0, with Raise=0
E/LauncherStartWatchDog( 5495): LauncherStartWatchDog  isPause=false
E/WifiStateMachine( 1149): handleMessage: E msg.what=131155
E/WifiStateMachine( 1149): processMsg: ConnectedState
E/WifiStateMachine( 1149):  ConnectedState !CMD_RSSI_POLL 90 0 "Xiaomi_6201_5G" 8c:be:be:26:62:03 rssi=-43 f=5785 sc=60 link=433 tx=24.0, 0.0, 0.0  rx=16.5 bcn=0 [on:0 tx:0 rx:0 period:3003] from screen [on:0 period:-313987977] gl hn rssi=-38 ag=0 hr ticks 0,0,0 ls-=0 [56,56,60,60,65] brc=0 lrc=0
E/WifiStateMachine( 1149): processMsg: L2ConnectedState
E/WifiStateMachine( 1149):  L2ConnectedState !CMD_RSSI_POLL 90 0 "Xiaomi_6201_5G" 8c:be:be:26:62:03 rssi=-43 f=5785 sc=60 link=433 tx=24.0, 0.0, 0.0  rx=16.5 bcn=0 [on:0 tx:0 rx:0 period:1] from screen [on:0 period:-313987976] gl hn rssi=-38 ag=0 hr ticks 0,0,0 ls-=0 [56,56,60,60,65] brc=0 lrc=0
E/WifiStateMachine( 1149):  get link layer stats 0
I/WifiHW  ( 1149): CMD: IFNAME=wlan0 SIGNAL_POLL
D/muyu    ( 1568): mMSimNC.isCUProject() &&mMSimNC.getIsUnicomPlmn(phoneId)
D/muyu    ( 1568): mMobileTypeCu is GONE phoneId:0
D/muyu    ( 1568): mMSimNC.isCUProject() &&mMSimNC.getIsUnicomPlmn(phoneId)
D/muyu    ( 1568): mMobileTypeCu is GONE phoneId:1
D/muyu    ( 1568): mMSimNC.isCUProject() &&mMSimNC.getIsUnicomPlmn(phoneId)
D/muyu    ( 1568): mMobileTypeCu is GONE phoneId:0
D/muyu    ( 1568): mMSimNC.isCUProject() &&mMSimNC.getIsUnicomPlmn(phoneId)
D/muyu    ( 1568): mMobileTypeCu is GONE phoneId:0
D/muyu    ( 1568): mMSimNC.isCUProject() &&mMSimNC.getIsUnicomPlmn(phoneId)
D/muyu    ( 1568): mMobileTypeCu is GONE phoneId:0
D/muyu    ( 1568): mMSimNC.isCUProject() &&mMSimNC.getIsUnicomPlmn(phoneId)
D/muyu    ( 1568): mMobileTypeCu is GONE phoneId:1
I/WifiHW  ( 1149): REPLY: RSSI=-43
I/WifiHW  ( 1149): REPLY: LINKSPEED=433
I/WifiHW  ( 1149): REPLY: NOISE=9999
I/WifiHW  ( 1149): REPLY: FREQUENCY=5785
E/WifiStateMachine( 1149): fetchRssiLinkSpeedAndFrequencyNative rssi=-43 linkspeed=433
D/muyu    ( 1568): mMSimNC.isCUProject() &&mMSimNC.getIsUnicomPlmn(phoneId)
D/muyu    ( 1568): mMobileTypeCu is GONE phoneId:0
D/muyu    ( 1568): mMSimNC.isCUProject() &&mMSimNC.getIsUnicomPlmn(phoneId)
D/muyu    ( 1568): mMobileTypeCu is GONE phoneId:1
D/muyu    ( 1568): mMSimNC.isCUProject() &&mMSimNC.getIsUnicomPlmn(phoneId)
D/muyu    ( 1568): mMobileTypeCu is GONE phoneId:0
D/muyu    ( 1568): mMSimNC.isCUProject() &&mMSimNC.getIsUnicomPlmn(phoneId)
D/muyu    ( 1568): mMobileTypeCu is GONE phoneId:0
D/muyu    ( 1568): mMSimNC.isCUProject() &&mMSimNC.getIsUnicomPlmn(phoneId)
D/muyu    ( 1568): mMobileTypeCu is GONE phoneId:0
D/muyu    ( 1568): mMSimNC.isCUProject() &&mMSimNC.getIsUnicomPlmn(phoneId)
D/muyu    ( 1568): mMobileTypeCu is GONE phoneId:1
D/muyu    ( 1568): mMSimNC.isCUProject() &&mMSimNC.getIsUnicomPlmn(phoneId)
D/muyu    ( 1568): mMobileTypeCu is GONE phoneId:0
D/muyu    ( 1568): mMSimNC.isCUProject() &&mMSimNC.getIsUnicomPlmn(phoneId)
D/muyu    ( 1568): mMobileTypeCu is GONE phoneId:1
D/muyu    ( 1568): mMSimNC.isCUProject() &&mMSimNC.getIsUnicomPlmn(phoneId)
D/muyu    ( 1568): mMobileTypeCu is GONE phoneId:0
D/muyu    ( 1568): mMSimNC.isCUProject() &&mMSimNC.getIsUnicomPlmn(phoneId)
E/WifiStateMachine( 1149): calculateWifiScore freq=5785 speed=433 score=60 highRSSI  -> txbadrate=0.00 txgoodrate=12.00 txretriesrate=0.00 rxrate=9.25 userTriggerdPenalty0
E/WifiStateMachine( 1149):  good link -> stuck count =0
D/muyu    ( 1568): mMobileTypeCu is GONE phoneId:0
E/WifiStateMachine( 1149):  badRSSI count0 lowRSSI count0 --> score 60
E/WifiStateMachine( 1149):  isHighRSSI       ---> score=65
I/BatteryStatsImpl( 1149): WiFi rssi -> -43 bin=4
D/muyu    ( 1568): mMSimNC.isCUProject() &&mMSimNC.getIsUnicomPlmn(phoneId)
D/muyu    ( 1568): mMobileTypeCu is GONE phoneId:0
D/muyu    ( 1568): mMSimNC.isCUProject() &&mMSimNC.getIsUnicomPlmn(phoneId)
D/muyu    ( 1568): mMobileTypeCu is GONE phoneId:1
D/muyu    ( 1568): mMSimNC.isCUProject() &&mMSimNC.getIsUnicomPlmn(phoneId)
D/muyu    ( 1568): mMobileTypeCu is GONE phoneId:0
D/muyu    ( 1568): mMSimNC.isCUProject() &&mMSimNC.getIsUnicomPlmn(phoneId)
D/muyu    ( 1568): mMobileTypeCu is GONE phoneId:1
D/muyu    ( 1568): mMSimNC.isCUProject() &&mMSimNC.getIsUnicomPlmn(phoneId)
D/muyu    ( 1568): mMobileTypeCu is GONE phoneId:0
D/muyu    ( 1568): mMSimNC.isCUProject() &&mMSimNC.getIsUnicomPlmn(phoneId)
D/muyu    ( 1568): mMobileTypeCu is GONE phoneId:0
D/muyu    ( 1568): mMSimNC.isCUProject() &&mMSimNC.getIsUnicomPlmn(phoneId)
D/muyu    ( 1568): mMobileTypeCu is GONE phoneId:0
D/muyu    ( 1568): mMSimNC.isCUProject() &&mMSimNC.getIsUnicomPlmn(phoneId)
D/muyu    ( 1568): mMobileTypeCu is GONE phoneId:1
E/WifiStateMachine( 1149): handleMessage: X
D/StatusBar.MSimNetworkController( 1568): lxg action = android.net.wifi.RSSI_CHANGED
D/SpeedController( 1568): run isEnabled=trueisButtonEnabled = true
D/SpeedController( 1568): updateNetSpeed mTotalByte =8461111
D/SpeedController( 1568): updateNetSpeed mLastTime =1451384953307
D/SpeedController( 1568): updateNetSpeed curBytes =8463443
D/SpeedController( 1568): updateNetSpeed curTime =1451384958307
D/SpeedController( 1568): updateNetSpeed mLevel =466
D/SpeedController( 1568): lxg formatSize size = 466
E/LauncherStartWatchDog( 5495): LauncherStartWatchDog  isPause=false
D/BatteryService( 1149): wangli isDisplayLed true hour =18
D/KeyguardUpdateMonitor( 1568): received broadcast android.intent.action.BATTERY_CHANGED
D/KeyguardUpdateMonitor( 1568): ACTION_BATTERY_CHANGED status= 5 plugged= 2 level= 100 health= 2
D/KeyguardUpdateMonitor( 1568): handleBatteryUpdate
D/KeyguardUpdateMonitor( 1568): handleBatteryUpdate batteryUpdateInteresting= false
D/WifiController( 1149): handleMessage: E msg.what=155652
D/WifiController( 1149): processMsg: DeviceActiveState
D/WifiController( 1149): processMsg: StaEnabledState
D/WifiController( 1149): processMsg: DefaultState
D/WifiController( 1149): handleMessage: X
D/PowerUI ( 1568): POWER dismissLowBatteryWarning mBatteryLevel:100
D/BatteryMeterView( 1568): lxg level = 100,plugType = 2,plugged = false,status = 5,voltage = 4329,plugged = false
D/BatteryMeterView( 1568): lxg level = 100,plugType = 2,plugged = false,status = 5,voltage = 4329,plugged = false
D/BatteryMeterView( 1568): lxg level = 100,plugType = 2,plugged = false,status = 5,voltage = 4329,plugged = false
D/muyu    ( 1568): mMSimNC.isCUProject() &&mMSimNC.getIsUnicomPlmn(phoneId)
D/muyu    ( 1568): mMobileTypeCu is GONE phoneId:0
D/muyu    ( 1568): mMSimNC.isCUProject() &&mMSimNC.getIsUnicomPlmn(phoneId)
D/muyu    ( 1568): mMobileTypeCu is GONE phoneId:1
D/muyu    ( 1568): mMSimNC.isCUProject() &&mMSimNC.getIsUnicomPlmn(phoneId)
D/muyu    ( 1568): mMobileTypeCu is GONE phoneId:0
D/muyu    ( 1568): mMSimNC.isCUProject() &&mMSimNC.getIsUnicomPlmn(phoneId)
D/muyu    ( 1568): mMobileTypeCu is GONE phoneId:0
D/muyu    ( 1568): mMSimNC.isCUProject() &&mMSimNC.getIsUnicomPlmn(phoneId)
D/muyu    ( 1568): mMobileTypeCu is GONE phoneId:0
D/muyu    ( 1568): mMSimNC.isCUProject() &&mMSimNC.getIsUnicomPlmn(phoneId)
D/muyu    ( 1568): mMobileTypeCu is GONE phoneId:1
D/muyu    ( 1568): mMSimNC.isCUProject() &&mMSimNC.getIsUnicomPlmn(phoneId)
D/muyu    ( 1568): mMobileTypeCu is GONE phoneId:0
D/muyu    ( 1568): mMSimNC.isCUProject() &&mMSimNC.getIsUnicomPlmn(phoneId)
D/muyu    ( 1568): mMobileTypeCu is GONE phoneId:1
D/muyu    ( 1568): mMSimNC.isCUProject() &&mMSimNC.getIsUnicomPlmn(phoneId)
D/muyu    ( 1568): mMobileTypeCu is GONE phoneId:0
D/muyu    ( 1568): mMSimNC.isCUProject() &&mMSimNC.getIsUnicomPlmn(phoneId)
D/muyu    ( 1568): mMobileTypeCu is GONE phoneId:0
D/muyu    ( 1568): mMSimNC.isCUProject() &&mMSimNC.getIsUnicomPlmn(phoneId)
D/muyu    ( 1568): mMobileTypeCu is GONE phoneId:0
D/muyu    ( 1568): mMSimNC.isCUProject() &&mMSimNC.getIsUnicomPlmn(phoneId)
D/muyu    ( 1568): mMobileTypeCu is GONE phoneId:1
D/muyu    ( 1568): mMSimNC.isCUProject() &&mMSimNC.getIsUnicomPlmn(phoneId)
D/muyu    ( 1568): mMobileTypeCu is GONE phoneId:0
D/muyu    ( 1568): mMSimNC.isCUProject() &&mMSimNC.getIsUnicomPlmn(phoneId)
D/muyu    ( 1568): mMobileTypeCu is GONE phoneId:1
D/muyu    ( 1568): mMSimNC.isCUProject() &&mMSimNC.getIsUnicomPlmn(phoneId)
D/muyu    ( 1568): mMobileTypeCu is GONE phoneId:0
D/muyu    ( 1568): mMSimNC.isCUProject() &&mMSimNC.getIsUnicomPlmn(phoneId)
D/muyu    ( 1568): mMobileTypeCu is GONE phoneId:0
D/muyu    ( 1568): mMSimNC.isCUProject() &&mMSimNC.getIsUnicomPlmn(phoneId)
D/muyu    ( 1568): mMobileTypeCu is GONE phoneId:0
D/muyu    ( 1568): mMSimNC.isCUProject() &&mMSimNC.getIsUnicomPlmn(phoneId)
D/muyu    ( 1568): mMobileTypeCu is GONE phoneId:1
D/muyu    ( 1568): mMSimNC.isCUProject() &&mMSimNC.getIsUnicomPlmn(phoneId)
D/muyu    ( 1568): mMobileTypeCu is GONE phoneId:0
D/muyu    ( 1568): mMSimNC.isCUProject() &&mMSimNC.getIsUnicomPlmn(phoneId)
D/muyu    ( 1568): mMobileTypeCu is GONE phoneId:1
D/muyu    ( 1568): mMSimNC.isCUProject() &&mMSimNC.getIsUnicomPlmn(phoneId)
D/muyu    ( 1568): mMobileTypeCu is GONE phoneId:0
D/muyu    ( 1568): mMSimNC.isCUProject() &&mMSimNC.getIsUnicomPlmn(phoneId)
D/muyu    ( 1568): mMobileTypeCu is GONE phoneId:0
D/muyu    ( 1568): mMSimNC.isCUProject() &&mMSimNC.getIsUnicomPlmn(phoneId)
D/muyu    ( 1568): mMobileTypeCu is GONE phoneId:0
D/muyu    ( 1568): mMSimNC.isCUProject() &&mMSimNC.getIsUnicomPlmn(phoneId)
D/muyu    ( 1568): mMobileTypeCu is GONE phoneId:1
W/ContextImpl(16656): Implicit intents with startService are not safe: Intent { act=com.tencent.qqpimsecure.TMS_LITE_SERVICE (has extras) } android.content.ContextWrapper.bindService:538 com.kingroot.kinguser.adr.run:86 java.lang.Thread.run:818 
E/LauncherStartWatchDog( 5495): LauncherStartWatchDog  isPause=false
I/MSM-irqbalance(  542): Decided to move IRQ195 from CPU0 to CPU1
E/LauncherStartWatchDog( 5495): LauncherStartWatchDog  isPause=false
W/ProcessManager(16656): waitpid on failed exec failed: No child processes
D/muyu    ( 1568): mMSimNC.isCUProject() &&mMSimNC.getIsUnicomPlmn(phoneId)
D/muyu    ( 1568): mMobileTypeCu is GONE phoneId:0
D/muyu    ( 1568): mMSimNC.isCUProject() &&mMSimNC.getIsUnicomPlmn(phoneId)
D/muyu    ( 1568): mMobileTypeCu is GONE phoneId:1
D/muyu    ( 1568): mMSimNC.isCUProject() &&mMSimNC.getIsUnicomPlmn(phoneId)
D/muyu    ( 1568): mMobileTypeCu is GONE phoneId:0
D/muyu    ( 1568): mMSimNC.isCUProject() &&mMSimNC.getIsUnicomPlmn(phoneId)
D/muyu    ( 1568): mMobileTypeCu is GONE phoneId:0
D/muyu    ( 1568): mMSimNC.isCUProject() &&mMSimNC.getIsUnicomPlmn(phoneId)
D/muyu    ( 1568): mMobileTypeCu is GONE phoneId:0
D/muyu    ( 1568): mMSimNC.isCUProject() &&mMSimNC.getIsUnicomPlmn(phoneId)
D/muyu    ( 1568): mMobileTypeCu is GONE phoneId:1
D/muyu    ( 1568): mMSimNC.isCUProject() &&mMSimNC.getIsUnicomPlmn(phoneId)
D/muyu    ( 1568): mMobileTypeCu is GONE phoneId:0
D/muyu    ( 1568): mMSimNC.isCUProject() &&mMSimNC.getIsUnicomPlmn(phoneId)
D/muyu    ( 1568): mMobileTypeCu is GONE phoneId:1
D/muyu    ( 1568): mMSimNC.isCUProject() &&mMSimNC.getIsUnicomPlmn(phoneId)
D/muyu    ( 1568): mMobileTypeCu is GONE phoneId:0
D/muyu    ( 1568): mMSimNC.isCUProject() &&mMSimNC.getIsUnicomPlmn(phoneId)
D/muyu    ( 1568): mMobileTypeCu is GONE phoneId:0
D/muyu    ( 1568): mMSimNC.isCUProject() &&mMSimNC.getIsUnicomPlmn(phoneId)
D/muyu    ( 1568): mMobileTypeCu is GONE phoneId:0
D/muyu    ( 1568): mMSimNC.isCUProject() &&mMSimNC.getIsUnicomPlmn(phoneId)
D/muyu    ( 1568): mMobileTypeCu is GONE phoneId:1
D/muyu    ( 1568): mMSimNC.isCUProject() &&mMSimNC.getIsUnicomPlmn(phoneId)
D/muyu    ( 1568): mMobileTypeCu is GONE phoneId:0
D/muyu    ( 1568): mMSimNC.isCUProject() &&mMSimNC.getIsUnicomPlmn(phoneId)
D/muyu    ( 1568): mMobileTypeCu is GONE phoneId:1
D/muyu    ( 1568): mMSimNC.isCUProject() &&mMSimNC.getIsUnicomPlmn(phoneId)
D/muyu    ( 1568): mMobileTypeCu is GONE phoneId:0
D/muyu    ( 1568): mMSimNC.isCUProject() &&mMSimNC.getIsUnicomPlmn(phoneId)
D/muyu    ( 1568): mMobileTypeCu is GONE phoneId:0
D/muyu    ( 1568): mMSimNC.isCUProject() &&mMSimNC.getIsUnicomPlmn(phoneId)
D/muyu    ( 1568): mMobileTypeCu is GONE phoneId:0
D/muyu    ( 1568): mMSimNC.isCUProject() &&mMSimNC.getIsUnicomPlmn(phoneId)
D/muyu    ( 1568): mMobileTypeCu is GONE phoneId:1
D/muyu    ( 1568): mMSimNC.isCUProject() &&mMSimNC.getIsUnicomPlmn(phoneId)
D/muyu    ( 1568): mMobileTypeCu is GONE phoneId:0
D/muyu    ( 1568): mMSimNC.isCUProject() &&mMSimNC.getIsUnicomPlmn(phoneId)
D/muyu    ( 1568): mMobileTypeCu is GONE phoneId:1
D/muyu    ( 1568): mMSimNC.isCUProject() &&mMSimNC.getIsUnicomPlmn(phoneId)
D/muyu    ( 1568): mMobileTypeCu is GONE phoneId:0
D/muyu    ( 1568): mMSimNC.isCUProject() &&mMSimNC.getIsUnicomPlmn(phoneId)
D/muyu    ( 1568): mMobileTypeCu is GONE phoneId:0
D/muyu    ( 1568): mMSimNC.isCUProject() &&mMSimNC.getIsUnicomPlmn(phoneId)
D/muyu    ( 1568): mMobileTypeCu is GONE phoneId:0
D/muyu    ( 1568): mMSimNC.isCUProject() &&mMSimNC.getIsUnicomPlmn(phoneId)
D/muyu    ( 1568): mMobileTypeCu is GONE phoneId:1
E/WifiStateMachine( 1149): handleMessage: E msg.what=131155
E/WifiStateMachine( 1149): processMsg: ConnectedState
E/WifiStateMachine( 1149):  ConnectedState !CMD_RSSI_POLL 90 0 "Xiaomi_6201_5G" 8c:be:be:26:62:03 rssi=-43 f=5785 sc=60 link=433 tx=12.0, 0.0, 0.0  rx=9.2 bcn=0 [on:0 tx:0 rx:0 period:2998] from screen [on:0 period:-313984964] gl hn rssi=-38 ag=0 hr ticks 0,0,0 ls-=0 [56,56,60,60,65] brc=0 lrc=0
E/WifiStateMachine( 1149): processMsg: L2ConnectedState
